<html>
<body>
<pre>
<h1>µVision Build Log</h1>
<h2>Tool Versions:</h2>
IDE-Version: ¦ÌVision V5.34.0.0
Copyright (C) 2021 ARM Ltd and ARM Germany GmbH. All rights reserved.
License Information: 1 JiHong, 1, LIC=RC93N-YT7WI-MMC9I-TM93K-0IQF6-9D5QC
 
Tool Versions:
Toolchain:       MDK-ARM Plus  Version: 5.34.0.0
Toolchain Path:  D:\keil_v5\ARM\ARMCC\Bin
C Compiler:      Armcc.exe V5.06 update 7 (build 960)
Assembler:       Armasm.exe V5.06 update 7 (build 960)
Linker/Locator:  ArmLink.exe V5.06 update 7 (build 960)
Library Manager: ArmAr.exe V5.06 update 7 (build 960)
Hex Converter:   FromElf.exe V5.06 update 7 (build 960)
CPU DLL:         SARMCM3.DLL V5.34.0.0
Dialog DLL:      DCM.DLL V1.17.3.0
Target DLL:      STLink\ST-LINKIII-KEIL_SWO.dll V3.0.8.0
Dialog DLL:      TCM.DLL V1.48.0.0
 
<h2>Project:</h2>
D:\Desktop\STM32F407\App\Project\RVMDK£¨uv5£©\BH-F407.uvprojx
Project File Date:  11/29/2024

<h2>Output:</h2>
*** Using Compiler 'V5.06 update 7 (build 960)', folder: 'D:\keil_v5\ARM\ARMCC\Bin'
Build target 'App'
compiling XcpBasic.c...
compiling xcp_par.c...
compiling xcp_appl.c...
..\..\XCPDriver\xcp_appl.c(646): warning:  #111-D: statement is unreachable
              break;
..\..\XCPDriver\xcp_appl.c(651): warning:  #111-D: statement is unreachable
              break;
..\..\XCPDriver\xcp_appl.c(656): warning:  #111-D: statement is unreachable
              break;
..\..\XCPDriver\xcp_appl.c(661): warning:  #111-D: statement is unreachable
              break;
..\..\XCPDriver\xcp_appl.c(665): warning:  #111-D: statement is unreachable
              break;
..\..\XCPDriver\xcp_appl.c: 5 warnings, 0 errors
compiling bsp_can.c...
compiling stm32f4xx_it.c...
compiling main.c...
linking...
Program Size: Code=64424 RO-data=30476 RW-data=816 ZI-data=44672  
FromELF: creating hex file...
"..\..\Output\Template.axf" - 0 Error(s), 5 Warning(s).

<h2>Software Packages used:</h2>

Package Vendor: Keil
                https://www.keil.com/pack/Keil.STM32F4xx_DFP.2.17.1.pack
                Keil.STM32F4xx_DFP.2.17.1
                STMicroelectronics STM32F4 Series Device Support, Drivers and Examples

<h2>Collection of Component include folders:</h2>
  D:\keil_v5\packs\Keil\STM32F4xx_DFP\2.17.1\Drivers\CMSIS\Device\ST\STM32F4xx\Include

<h2>Collection of Component Files used:</h2>
Build Time Elapsed:  00:00:02
</pre>
</body>
</html>
