Component: ARM Compiler 5.06 update 7 (build 960) Tool: armlink [4d3601]

==============================================================================

Section Cross References

    startup_stm32f40xx.o(RESET) refers to startup_stm32f40xx.o(STACK) for __initial_sp
    startup_stm32f40xx.o(RESET) refers to startup_stm32f40xx.o(.text) for Reset_Handler
    startup_stm32f40xx.o(RESET) refers to stm32f4xx_it.o(i.NMI_Handler) for NMI_Handler
    startup_stm32f40xx.o(RESET) refers to stm32f4xx_it.o(i.HardFault_Handler) for HardFault_Handler
    startup_stm32f40xx.o(RESET) refers to stm32f4xx_it.o(i.MemManage_Handler) for MemManage_Handler
    startup_stm32f40xx.o(RESET) refers to stm32f4xx_it.o(i.BusFault_Handler) for BusFault_Handler
    startup_stm32f40xx.o(RESET) refers to stm32f4xx_it.o(i.UsageFault_Handler) for UsageFault_Handler
    startup_stm32f40xx.o(RESET) refers to stm32f4xx_it.o(i.SVC_Handler) for SVC_Handler
    startup_stm32f40xx.o(RESET) refers to stm32f4xx_it.o(i.DebugMon_Handler) for DebugMon_Handler
    startup_stm32f40xx.o(RESET) refers to stm32f4xx_it.o(i.PendSV_Handler) for PendSV_Handler
    startup_stm32f40xx.o(RESET) refers to stm32f4xx_it.o(i.SysTick_Handler) for SysTick_Handler
    startup_stm32f40xx.o(RESET) refers to stm32f4xx_it.o(i.CAN2_RX0_IRQHandler) for CAN2_RX0_IRQHandler
    startup_stm32f40xx.o(.text) refers to system_stm32f4xx.o(i.SystemInit) for SystemInit
    startup_stm32f40xx.o(.text) refers to entry.o(.ARM.Collect$$$$00000000) for __main
    system_stm32f4xx.o(i.SystemCoreClockUpdate) refers to system_stm32f4xx.o(.data) for .data
    system_stm32f4xx.o(i.SystemInit) refers to system_stm32f4xx.o(i.SetSysClock) for SetSysClock
    stm32f4xx_adc.o(i.ADC_DeInit) refers to stm32f4xx_rcc.o(i.RCC_APB2PeriphResetCmd) for RCC_APB2PeriphResetCmd
    stm32f4xx_can.o(i.CAN_DeInit) refers to stm32f4xx_rcc.o(i.RCC_APB1PeriphResetCmd) for RCC_APB1PeriphResetCmd
    stm32f4xx_can.o(i.CAN_GetITStatus) refers to stm32f4xx_can.o(i.CheckITStatus) for CheckITStatus
    stm32f4xx_cryp.o(i.CRYP_DeInit) refers to stm32f4xx_rcc.o(i.RCC_AHB2PeriphResetCmd) for RCC_AHB2PeriphResetCmd
    stm32f4xx_cryp_aes.o(i.CRYP_AES_CBC) refers to stm32f4xx_cryp.o(i.CRYP_KeyStructInit) for CRYP_KeyStructInit
    stm32f4xx_cryp_aes.o(i.CRYP_AES_CBC) refers to stm32f4xx_cryp.o(i.CRYP_KeyInit) for CRYP_KeyInit
    stm32f4xx_cryp_aes.o(i.CRYP_AES_CBC) refers to stm32f4xx_cryp.o(i.CRYP_Init) for CRYP_Init
    stm32f4xx_cryp_aes.o(i.CRYP_AES_CBC) refers to stm32f4xx_cryp.o(i.CRYP_IVInit) for CRYP_IVInit
    stm32f4xx_cryp_aes.o(i.CRYP_AES_CBC) refers to stm32f4xx_cryp.o(i.CRYP_FIFOFlush) for CRYP_FIFOFlush
    stm32f4xx_cryp_aes.o(i.CRYP_AES_CBC) refers to stm32f4xx_cryp.o(i.CRYP_Cmd) for CRYP_Cmd
    stm32f4xx_cryp_aes.o(i.CRYP_AES_CBC) refers to stm32f4xx_cryp.o(i.CRYP_GetCmdStatus) for CRYP_GetCmdStatus
    stm32f4xx_cryp_aes.o(i.CRYP_AES_CBC) refers to stm32f4xx_cryp.o(i.CRYP_GetFlagStatus) for CRYP_GetFlagStatus
    stm32f4xx_cryp_aes.o(i.CRYP_AES_CBC) refers to stm32f4xx_cryp.o(i.CRYP_DataIn) for CRYP_DataIn
    stm32f4xx_cryp_aes.o(i.CRYP_AES_CBC) refers to stm32f4xx_cryp.o(i.CRYP_DataOut) for CRYP_DataOut
    stm32f4xx_cryp_aes.o(i.CRYP_AES_CCM) refers to stm32f4xx_cryp.o(i.CRYP_KeyStructInit) for CRYP_KeyStructInit
    stm32f4xx_cryp_aes.o(i.CRYP_AES_CCM) refers to stm32f4xx_cryp.o(i.CRYP_FIFOFlush) for CRYP_FIFOFlush
    stm32f4xx_cryp_aes.o(i.CRYP_AES_CCM) refers to stm32f4xx_cryp.o(i.CRYP_KeyInit) for CRYP_KeyInit
    stm32f4xx_cryp_aes.o(i.CRYP_AES_CCM) refers to stm32f4xx_cryp.o(i.CRYP_IVInit) for CRYP_IVInit
    stm32f4xx_cryp_aes.o(i.CRYP_AES_CCM) refers to stm32f4xx_cryp.o(i.CRYP_Init) for CRYP_Init
    stm32f4xx_cryp_aes.o(i.CRYP_AES_CCM) refers to stm32f4xx_cryp.o(i.CRYP_PhaseConfig) for CRYP_PhaseConfig
    stm32f4xx_cryp_aes.o(i.CRYP_AES_CCM) refers to stm32f4xx_cryp.o(i.CRYP_DataIn) for CRYP_DataIn
    stm32f4xx_cryp_aes.o(i.CRYP_AES_CCM) refers to stm32f4xx_cryp.o(i.CRYP_Cmd) for CRYP_Cmd
    stm32f4xx_cryp_aes.o(i.CRYP_AES_CCM) refers to stm32f4xx_cryp.o(i.CRYP_GetCmdStatus) for CRYP_GetCmdStatus
    stm32f4xx_cryp_aes.o(i.CRYP_AES_CCM) refers to stm32f4xx_cryp.o(i.CRYP_GetFlagStatus) for CRYP_GetFlagStatus
    stm32f4xx_cryp_aes.o(i.CRYP_AES_CCM) refers to stm32f4xx_cryp.o(i.CRYP_DataOut) for CRYP_DataOut
    stm32f4xx_cryp_aes.o(i.CRYP_AES_CTR) refers to stm32f4xx_cryp.o(i.CRYP_KeyStructInit) for CRYP_KeyStructInit
    stm32f4xx_cryp_aes.o(i.CRYP_AES_CTR) refers to stm32f4xx_cryp.o(i.CRYP_KeyInit) for CRYP_KeyInit
    stm32f4xx_cryp_aes.o(i.CRYP_AES_CTR) refers to stm32f4xx_cryp.o(i.CRYP_Init) for CRYP_Init
    stm32f4xx_cryp_aes.o(i.CRYP_AES_CTR) refers to stm32f4xx_cryp.o(i.CRYP_IVInit) for CRYP_IVInit
    stm32f4xx_cryp_aes.o(i.CRYP_AES_CTR) refers to stm32f4xx_cryp.o(i.CRYP_FIFOFlush) for CRYP_FIFOFlush
    stm32f4xx_cryp_aes.o(i.CRYP_AES_CTR) refers to stm32f4xx_cryp.o(i.CRYP_Cmd) for CRYP_Cmd
[...]
    Removing gui_drawbitmap.o(i.GL_DrawBitmap), (156 bytes).
    Removing gui_drawbitmap.o(i.GUI_DrawBitmap), (76 bytes).
    Removing gui_drawbitmap.o(i.GUI_PreserveTrans), (36 bytes).
    Removing gui_exec.o(i.GUI_Exec), (20 bytes).
    Removing gui_exec.o(i.GUI_Exec1), (48 bytes).
    Removing gui_sprite.o(i.GUI_SPRITE_Create), (24 bytes).
    Removing gui_sprite.o(i.GUI_SPRITE_CreateEx), (12 bytes).
    Removing gui_sprite.o(i.GUI_SPRITE_CreateHidden), (24 bytes).
    Removing gui_sprite.o(i.GUI_SPRITE_CreateHiddenEx), (12 bytes).
    Removing gui_sprite.o(i.GUI_SPRITE_Delete), (60 bytes).
    Removing gui_sprite.o(i.GUI_SPRITE_GetState), (28 bytes).
    Removing gui_sprite.o(i.GUI_SPRITE_Hide), (48 bytes).
    Removing gui_sprite.o(i.GUI_SPRITE_SetBitmap), (80 bytes).
    Removing gui_sprite.o(i.GUI_SPRITE_SetBitmapAndPosition), (104 bytes).
    Removing gui_sprite.o(i.GUI_SPRITE_SetPosition), (10 bytes).
    Removing gui_sprite.o(i.GUI_SPRITE_Show), (60 bytes).
    Removing gui_sprite.o(i.GUI_SPRITE__CreateEx), (172 bytes).
    Removing gui_sprite.o(i.GUI_SPRITE__SetCallback), (28 bytes).
    Removing gui_sprite.o(i._ClipRectEx), (20 bytes).
    Removing gui_sprite.o(i._CreateBuffer), (162 bytes).
    Removing gui_sprite.o(i._DoColorConversion), (132 bytes).
    Removing gui_sprite.o(i._DrawBitmap), (980 bytes).
    Removing gui_sprite.o(i._DrawHLine), (452 bytes).
    Removing gui_sprite.o(i._DrawVLine), (432 bytes).
    Removing gui_sprite.o(i._FillRect), (492 bytes).
    Removing gui_sprite.o(i._FlushBuffer), (122 bytes).
    Removing gui_sprite.o(i._GetBkIndex), (108 bytes).
    Removing gui_sprite.o(i._GetBkIndexAlpha), (128 bytes).
    Removing gui_sprite.o(i._GetClipParam), (320 bytes).
    Removing gui_sprite.o(i._GetClipRect), (212 bytes).
    Removing gui_sprite.o(i._GetDevData), (4 bytes).
    Removing gui_sprite.o(i._GetDevFunc), (28 bytes).
    Removing gui_sprite.o(i._GetDevProp), (14 bytes).
    Removing gui_sprite.o(i._GetDeviceRect), (64 bytes).
    Removing gui_sprite.o(i._GetPixelIndex), (94 bytes).
    Removing gui_sprite.o(i._GetRect), (14 bytes).
    Removing gui_sprite.o(i._Link), (22 bytes).
    Removing gui_sprite.o(i._PixelExists), (74 bytes).
    Removing gui_sprite.o(i._ReleaseBuffer), (28 bytes).
    Removing gui_sprite.o(i._SetBitmap), (532 bytes).
    Removing gui_sprite.o(i._SetBitmapAndPosition), (948 bytes).
    Removing gui_sprite.o(i._SetBkIndexBuffered), (74 bytes).
    Removing gui_sprite.o(i._SetOrg), (14 bytes).
    Removing gui_sprite.o(i._SetPixelIndex), (188 bytes).
    Removing gui_sprite.o(i._SetPosition), (1116 bytes).
    Removing gui_sprite.o(i._SpriteDraw), (492 bytes).
    Removing gui_sprite.o(i._Undraw), (236 bytes).
    Removing gui_sprite.o(i._Unlink), (22 bytes).
    Removing gui_sprite.o(i._XorPixel), (220 bytes).
    Removing gui_sprite.o(.constdata), (52 bytes).
    Removing guicc_888_index2color.o(i.LCD_Index2Color_888), (2 bytes).
    Removing guicc_8888_index2color.o(i.LCD_Index2Color_8888), (2 bytes).
    Removing lcd_aa.o(i.LCD_AA_MixColors16), (100 bytes).
    Removing lcd_aa.o(i.LCD_AA_MixColors256), (24 bytes).
    Removing lcd_aa.o(i.LCD_AA_SetAndMask), (16 bytes).
    Removing lcd_aa.o(i.LCD_SetPixelAA4_NoTrans), (144 bytes).
    Removing lcd_aa.o(i.LCD_SetPixelAA4_Trans), (136 bytes).
    Removing lcd_aa.o(i.LCD_SetPixelAA8_NoTrans), (144 bytes).
    Removing lcd_aa.o(i.LCD_SetPixelAA8_Trans), (136 bytes).
    Removing lcd_aa.o(i.LCD__GetPfSetPixel), (68 bytes).
    Removing lcd_aa.o(.data), (4 bytes).
    Removing lcd_readrect.o(i.GUI_ReadRect), (56 bytes).
    Removing lcd_readrect.o(i.GUI_ReadRectEx), (96 bytes).
    Removing lcd_readrect.o(i.LCD_ReadRect), (92 bytes).
    Removing lcd_readrect.o(i.LCD_ReadRectEx), (408 bytes).
    Removing lcd_readrect.o(i.LCD_ReadRectNoClip), (32 bytes).
    Removing lcd_selectlcd.o(i.LCD_SelectLCD), (64 bytes).
    Removing guidev_writetoactivealpha.o(i.GUI_MEMDEV__WriteToActiveAlpha), (400 bytes).
    Removing wm__getfirstsibling.o(i.WM__GetFirstSibling), (18 bytes).
    Removing wm_getdesktopwindowex.o(i.WM_GetDesktopWindowEx), (20 bytes).
    Removing wm_resizewindow.o(i.WM_ResizeWindow), (236 bytes).
    Removing gui_cursorarrowmpx.o(.constdata), (60 bytes).
    Removing gui_cursorpal.o(.constdata), (12 bytes).
    Removing gui_cursorpal.o(.constdata), (12 bytes).
    Removing gui_getbitmappixelindex.o(i.GUI_GetBitmapPixelIndex), (22 bytes).
    Removing gui_getbitmappixelindex.o(i.GUI_GetBitmapPixelIndexEx), (138 bytes).
    Removing lcd_getpixelcolor.o(i.LCD_GetPixelColor), (14 bytes).
    Removing wm__updatechildpositions.o(i.WM__UpdateChildPositions), (220 bytes).
    Removing lcd_getp.o(i.GUI_GetPixelIndex), (4 bytes).
    Removing lcd_getp.o(i.LCD_GetPixelIndex), (96 bytes).
    Removing wm_move.o(i.WM_MoveTo), (4 bytes).
    Removing wm_move.o(i.WM_MoveWindow), (4 bytes).
    Removing wm_move.o(i.WM__MoveTo), (46 bytes).
    Removing wm_move.o(i.WM__MoveWindow), (154 bytes).
    Removing wm_move.o(i._MoveDescendents), (110 bytes).
    Removing dadd.o(.text), (334 bytes).
    Removing dmul.o(.text), (228 bytes).
    Removing ddiv.o(.text), (222 bytes).
    Removing dfixul.o(.text), (48 bytes).
    Removing cdrcmple.o(.text), (48 bytes).
    Removing depilogue.o(.text), (186 bytes).

1572 unused section(s) (total 355899 bytes) removed from the image.

==============================================================================

Image Symbol Table

    Local Symbols

    Symbol Name                              Value     Ov Type        Size  Object(Section)

    ../clib/microlib/division.c              0x00000000   Number         0  uldiv.o ABSOLUTE
    ../clib/microlib/division.c              0x00000000   Number         0  uidiv.o ABSOLUTE
    ../clib/microlib/init/entry.s            0x00000000   Number         0  entry11b.o ABSOLUTE
    ../clib/microlib/init/entry.s            0x00000000   Number         0  entry12a.o ABSOLUTE
    ../clib/microlib/init/entry.s            0x00000000   Number         0  entry11a.o ABSOLUTE
    ../clib/microlib/init/entry.s            0x00000000   Number         0  entry10b.o ABSOLUTE
    ../clib/microlib/init/entry.s            0x00000000   Number         0  entry10a.o ABSOLUTE
    ../clib/microlib/init/entry.s            0x00000000   Number         0  entry12b.o ABSOLUTE
    ../clib/microlib/init/entry.s            0x00000000   Number         0  entry8b.o ABSOLUTE
    ../clib/microlib/init/entry.s            0x00000000   Number         0  entry.o ABSOLUTE
    ../clib/microlib/init/entry.s            0x00000000   Number         0  entry9b.o ABSOLUTE
    ../clib/microlib/init/entry.s            0x00000000   Number         0  entry9a.o ABSOLUTE
    ../clib/microlib/init/entry.s            0x00000000   Number         0  entry8a.o ABSOLUTE
    ../clib/microlib/init/entry.s            0x00000000   Number         0  entry7b.o ABSOLUTE
    ../clib/microlib/init/entry.s            0x00000000   Number         0  entry7a.o ABSOLUTE
    ../clib/microlib/init/entry.s            0x00000000   Number         0  entry5.o ABSOLUTE
    ../clib/microlib/init/entry.s            0x00000000   Number         0  entry2.o ABSOLUTE
    ../clib/microlib/longlong.c              0x00000000   Number         0  llsshr.o ABSOLUTE
    ../clib/microlib/longlong.c              0x00000000   Number         0  llushr.o ABSOLUTE
    ../clib/microlib/longlong.c              0x00000000   Number         0  llshl.o ABSOLUTE
    ../clib/microlib/printf/printf.c         0x00000000   Number         0  printfa.o ABSOLUTE
    ../clib/microlib/printf/printf.c         0x00000000   Number         0  printfb.o ABSOLUTE
    ../clib/microlib/printf/printf.c         0x00000000   Number         0  printf6.o ABSOLUTE
    ../clib/microlib/printf/printf.c         0x00000000   Number         0  printf7.o ABSOLUTE
    ../clib/microlib/printf/printf.c         0x00000000   Number         0  printf2.o ABSOLUTE
    ../clib/microlib/printf/printf.c         0x00000000   Number         0  printf5.o ABSOLUTE
    ../clib/microlib/printf/printf.c         0x00000000   Number         0  printf1.o ABSOLUTE
    ../clib/microlib/printf/printf.c         0x00000000   Number         0  printf4.o ABSOLUTE
    ../clib/microlib/printf/printf.c         0x00000000   Number         0  printf3.o ABSOLUTE
    ../clib/microlib/printf/printf.c         0x00000000   Number         0  printf0.o ABSOLUTE
    ../clib/microlib/printf/printf.c         0x00000000   Number         0  printf8.o ABSOLUTE
    ../clib/microlib/printf/stubs.s          0x00000000   Number         0  stubs.o ABSOLUTE
    ../clib/microlib/stdio/streams.c         0x00000000   Number         0  stdout.o ABSOLUTE
    ../clib/microlib/string/memcpy.c         0x00000000   Number         0  memcpya.o ABSOLUTE
    ../clib/microlib/string/memcpy.c         0x00000000   Number         0  memmovea.o ABSOLUTE
    ../clib/microlib/string/memcpy.c         0x00000000   Number         0  memmoveb.o ABSOLUTE
    ../clib/microlib/string/memcpy.c         0x00000000   Number         0  memcpyb.o ABSOLUTE
    ../clib/microlib/string/memset.c         0x00000000   Number         0  memseta.o ABSOLUTE
    ../clib/microlib/stubs.s                 0x00000000   Number         0  iusefp.o ABSOLUTE
    ../fplib/microlib/fpadd.c                0x00000000   Number         0  dadd.o ABSOLUTE
    ../fplib/microlib/fpdiv.c                0x00000000   Number         0  ddiv.o ABSOLUTE
    ../fplib/microlib/fpepilogue.c           0x00000000   Number         0  depilogue.o ABSOLUTE
    ../fplib/microlib/fpfix.c                0x00000000   Number         0  dfixul.o ABSOLUTE
    ../fplib/microlib/fpmul.c                0x00000000   Number         0  dmul.o ABSOLUTE
    ..\..\..\Utilities\Third_Party\STemWin532_20160205\GUI\Core\GUICC_0.c 0x00000000   Number         0  guicc_0.o ABSOLUTE
    ..\..\..\Utilities\Third_Party\STemWin532_20160205\GUI\Core\GUICC_565.c 0x00000000   Number         0  guicc_565.o ABSOLUTE
    ..\..\..\Utilities\Third_Party\STemWin532_20160205\GUI\Core\GUICC_8888.c 0x00000000   Number         0  guicc_8888.o ABSOLUTE
    ..\..\..\Utilities\Third_Party\STemWin532_20160205\GUI\Core\GUICC_8888_Index2Color.c 0x00000000   Number         0  guicc_8888_index2color.o ABSOLUTE
    ..\..\..\Utilities\Third_Party\STemWin532_20160205\GUI\Core\GUICC_888_Index2Color.c 0x00000000   Number         0  guicc_888_index2color.o ABSOLUTE
    ..\..\..\Utilities\Third_Party\STemWin532_20160205\GUI\Core\GUI_ALLOC_AllocZero.c 0x00000000   Number         0  gui_alloc_alloczero.o ABSOLUTE
    ..\..\..\Utilities\Third_Party\STemWin532_20160205\GUI\Core\GUI_Alloc.c 0x00000000   Number         0  gui_alloc.o ABSOLUTE
    ..\..\..\Utilities\Third_Party\STemWin532_20160205\GUI\Core\GUI_CalcColorDist.c 0x00000000   Number         0  gui_calccolordist.o ABSOLUTE
    ..\..\..\Utilities\Third_Party\STemWin532_20160205\GUI\Core\GUI_CharM.c 0x00000000   Number         0  gui_charm.o ABSOLUTE
    ..\..\..\Utilities\Third_Party\STemWin532_20160205\GUI\Core\GUI_Core.c 0x00000000   Number         0  gui_core.o ABSOLUTE
    ..\..\..\Utilities\Third_Party\STemWin532_20160205\GUI\Core\GUI_Curs1.c 0x00000000   Number         0  gui_curs1.o ABSOLUTE
    ..\..\..\Utilities\Third_Party\STemWin532_20160205\GUI\Core\GUI_CursorArrowM.c 0x00000000   Number         0  gui_cursorarrowm.o ABSOLUTE
    ..\..\..\Utilities\Third_Party\STemWin532_20160205\GUI\Core\GUI_CursorArrowMPx.c 0x00000000   Number         0  gui_cursorarrowmpx.o ABSOLUTE
    ..\..\..\Utilities\Third_Party\STemWin532_20160205\GUI\Core\GUI_CursorPal.c 0x00000000   Number         0  gui_cursorpal.o ABSOLUTE
    ..\..\..\Utilities\Third_Party\STemWin532_20160205\GUI\Core\GUI_Device.c 0x00000000   Number         0  gui_device.o ABSOLUTE
    ..\..\..\Utilities\Third_Party\STemWin532_20160205\GUI\Core\GUI_DrawBitmap.c 0x00000000   Number         0  gui_drawbitmap.o ABSOLUTE
    ..\..\..\Utilities\Third_Party\STemWin532_20160205\GUI\Core\GUI_Exec.c 0x00000000   Number         0  gui_exec.o ABSOLUTE
    ..\..\..\Utilities\Third_Party\STemWin532_20160205\GUI\Core\GUI_GetBitmapPixelIndex.c 0x00000000   Number         0  gui_getbitmappixelindex.o ABSOLUTE
    ..\..\..\Utilities\Third_Party\STemWin532_20160205\GUI\Core\GUI_GetOrg.c 0x00000000   Number         0  gui_getorg.o ABSOLUTE
    ..\..\..\Utilities\Third_Party\STemWin532_20160205\GUI\Core\GUI_Goto.c 0x00000000   Number         0  gui_goto.o ABSOLUTE
    ..\..\..\Utilities\Third_Party\STemWin532_20160205\GUI\Core\GUI_MergeRect.c 0x00000000   Number         0  gui_mergerect.o ABSOLUTE
    ..\..\..\Utilities\Third_Party\STemWin532_20160205\GUI\Core\GUI_MoveRect.c 0x00000000   Number         0  gui_moverect.o ABSOLUTE
    ..\..\..\Utilities\Third_Party\STemWin532_20160205\GUI\Core\GUI_OnKey.c 0x00000000   Number         0  gui_onkey.o ABSOLUTE
    ..\..\..\Utilities\Third_Party\STemWin532_20160205\GUI\Core\GUI_PID.c 0x00000000   Number         0  gui_pid.o ABSOLUTE
    ..\..\..\Utilities\Third_Party\STemWin532_20160205\GUI\Core\GUI_Pen.c 0x00000000   Number         0  gui_pen.o ABSOLUTE
    ..\..\..\Utilities\Third_Party\STemWin532_20160205\GUI\Core\GUI_RectsIntersect.c 0x00000000   Number         0  gui_rectsintersect.o ABSOLUTE
    ..\..\..\Utilities\Third_Party\STemWin532_20160205\GUI\Core\GUI_SPRITE.c 0x00000000   Number         0  gui_sprite.o ABSOLUTE
    ..\..\..\Utilities\Third_Party\STemWin532_20160205\GUI\Core\GUI_SaveContext.c 0x00000000   Number         0  gui_savecontext.o ABSOLUTE
    ..\..\..\Utilities\Third_Party\STemWin532_20160205\GUI\Core\GUI_SelectLCD.c 0x00000000   Number         0  gui_selectlcd.o ABSOLUTE
    ..\..\..\Utilities\Third_Party\STemWin532_20160205\GUI\Core\GUI_SelectLayer.c 0x00000000   Number         0  gui_selectlayer.o ABSOLUTE
    ..\..\..\Utilities\Third_Party\STemWin532_20160205\GUI\Core\GUI_SetAlpha.c 0x00000000   Number         0  gui_setalpha.o ABSOLUTE
    ..\..\..\Utilities\Third_Party\STemWin532_20160205\GUI\Core\GUI_SetColor.c 0x00000000   Number         0  gui_setcolor.o ABSOLUTE
    ..\..\..\Utilities\Third_Party\STemWin532_20160205\GUI\Core\GUI_SetDefault.c 0x00000000   Number         0  gui_setdefault.o ABSOLUTE
    ..\..\..\Utilities\Third_Party\STemWin532_20160205\GUI\Core\GUI_SetDrawMode.c 0x00000000   Number         0  gui_setdrawmode.o ABSOLUTE
    ..\..\..\Utilities\Third_Party\STemWin532_20160205\GUI\Core\GUI_SetFont.c 0x00000000   Number         0  gui_setfont.o ABSOLUTE
    ..\..\..\Utilities\Third_Party\STemWin532_20160205\GUI\Core\GUI_SetLineStyle.c 0x00000000   Number         0  gui_setlinestyle.o ABSOLUTE
    ..\..\..\Utilities\Third_Party\STemWin532_20160205\GUI\Core\GUI_SetOrg.c 0x00000000   Number         0  gui_setorg.o ABSOLUTE
    ..\..\..\Utilities\Third_Party\STemWin532_20160205\GUI\Core\GUI_SetTextAlign.c 0x00000000   Number         0  gui_settextalign.o ABSOLUTE
    ..\..\..\Utilities\Third_Party\STemWin532_20160205\GUI\Core\GUI_SetTextMode.c 0x00000000   Number         0  gui_settextmode.o ABSOLUTE
    ..\..\..\Utilities\Third_Party\STemWin532_20160205\GUI\Core\GUI_Time.c 0x00000000   Number         0  gui_time.o ABSOLUTE
    ..\..\..\Utilities\Third_Party\STemWin532_20160205\GUI\Core\GUI_Timer.c 0x00000000   Number         0  gui_timer.o ABSOLUTE
    ..\..\..\Utilities\Third_Party\STemWin532_20160205\GUI\Core\GUI_UC_EncodeNone.c 0x00000000   Number         0  gui_uc_encodenone.o ABSOLUTE
    ..\..\..\Utilities\Third_Party\STemWin532_20160205\GUI\Core\GUI_WaitEvent.c 0x00000000   Number         0  gui_waitevent.o ABSOLUTE
    ..\..\..\Utilities\Third_Party\STemWin532_20160205\GUI\Core\GUI__Alpha.c 0x00000000   Number         0  gui__alpha.o ABSOLUTE
    ..\..\..\Utilities\Third_Party\STemWin532_20160205\GUI\Core\GUI__CompactPixelIndices.c 0x00000000   Number         0  gui__compactpixelindices.o ABSOLUTE
    ..\..\..\Utilities\Third_Party\STemWin532_20160205\GUI\Core\GUI__DivTbl_255_31.c 0x00000000   Number         0  gui__divtbl_255_31.o ABSOLUTE
    ..\..\..\Utilities\Third_Party\STemWin532_20160205\GUI\Core\GUI__DivTbl_255_63.c 0x00000000   Number         0  gui__divtbl_255_63.o ABSOLUTE
    ..\..\..\Utilities\Third_Party\STemWin532_20160205\GUI\Core\GUI__DivTbl_31_255.c 0x00000000   Number         0  gui__divtbl_31_255.o ABSOLUTE
    ..\..\..\Utilities\Third_Party\STemWin532_20160205\GUI\Core\GUI__DivTbl_63_255.c 0x00000000   Number         0  gui__divtbl_63_255.o ABSOLUTE
    ..\..\..\Utilities\Third_Party\STemWin532_20160205\GUI\Core\GUI__ExpandPixelIndices.c 0x00000000   Number         0  gui__expandpixelindices.o ABSOLUTE
    ..\..\..\Utilities\Third_Party\STemWin532_20160205\GUI\Core\GUI__IntersectRect.c 0x00000000   Number         0  gui__intersectrect.o ABSOLUTE
    ..\..\..\Utilities\Third_Party\STemWin532_20160205\GUI\Core\GUI__IntersectRects.c 0x00000000   Number         0  gui__intersectrects.o ABSOLUTE
    ..\..\..\Utilities\Third_Party\STemWin532_20160205\GUI\Core\GUI__ManageCache.c 0x00000000   Number         0  gui__managecache.o ABSOLUTE
    ..\..\..\Utilities\Third_Party\STemWin532_20160205\GUI\Core\GUI__memset.c 0x00000000   Number         0  gui__memset.o ABSOLUTE
    ..\..\..\Utilities\Third_Party\STemWin532_20160205\GUI\Core\GUI__memset16.c 0x00000000   Number         0  gui__memset16.o ABSOLUTE
    ..\..\..\Utilities\Third_Party\STemWin532_20160205\GUI\Core\LCD.c 0x00000000   Number         0  lcd.o ABSOLUTE
    ..\..\..\Utilities\Third_Party\STemWin532_20160205\GUI\Core\LCD_AA.c 0x00000000   Number         0  lcd_aa.o ABSOLUTE
    ..\..\..\Utilities\Third_Party\STemWin532_20160205\GUI\Core\LCD_Color.c 0x00000000   Number         0  lcd_color.o ABSOLUTE
    ..\..\..\Utilities\Third_Party\STemWin532_20160205\GUI\Core\LCD_GetEx.c 0x00000000   Number         0  lcd_getex.o ABSOLUTE
    ..\..\..\Utilities\Third_Party\STemWin532_20160205\GUI\Core\LCD_GetNumDisplays.c 0x00000000   Number         0  lcd_getnumdisplays.o ABSOLUTE
    ..\..\..\Utilities\Third_Party\STemWin532_20160205\GUI\Core\LCD_GetP.c 0x00000000   Number         0  lcd_getp.o ABSOLUTE
    ..\..\..\Utilities\Third_Party\STemWin532_20160205\GUI\Core\LCD_GetPixelColor.c 0x00000000   Number         0  lcd_getpixelcolor.o ABSOLUTE
    ..\..\..\Utilities\Third_Party\STemWin532_20160205\GUI\Core\LCD_Mirror.c 0x00000000   Number         0  lcd_mirror.o ABSOLUTE
    ..\..\..\Utilities\Third_Party\STemWin532_20160205\GUI\Core\LCD_ReadRect.c 0x00000000   Number         0  lcd_readrect.o ABSOLUTE
    ..\..\..\Utilities\Third_Party\STemWin532_20160205\GUI\Core\LCD_SelectLCD.c 0x00000000   Number         0  lcd_selectlcd.o ABSOLUTE
    ..\..\..\Utilities\Third_Party\STemWin532_20160205\GUI\Core\LCD_Set.c 0x00000000   Number         0  lcd_set.o ABSOLUTE
    ..\..\..\Utilities\Third_Party\STemWin532_20160205\GUI\Core\LCD_SetClipRectEx.c 0x00000000   Number         0  lcd_setcliprectex.o ABSOLUTE
    ..\..\..\Utilities\Third_Party\STemWin532_20160205\GUI\Core\LCD_UpdateColorIndices.c 0x00000000   Number         0  lcd_updatecolorindices.o ABSOLUTE
    ..\..\..\Utilities\Third_Party\STemWin532_20160205\GUI\DisplayDriver\GUIDRV_FlexColor.c 0x00000000   Number         0  guidrv_flexcolor.o ABSOLUTE
    ..\..\..\Utilities\Third_Party\STemWin532_20160205\GUI\Font\F6x8.c 0x00000000   Number         0  f6x8.o ABSOLUTE
    ..\..\..\Utilities\Third_Party\STemWin532_20160205\GUI\MemDev\GUIDEV.c 0x00000000   Number         0  guidev.o ABSOLUTE
    ..\..\..\Utilities\Third_Party\STemWin532_20160205\GUI\MemDev\GUIDEV_16.c 0x00000000   Number         0  guidev_16.o ABSOLUTE
    ..\..\..\Utilities\Third_Party\STemWin532_20160205\GUI\MemDev\GUIDEV_32.c 0x00000000   Number         0  guidev_32.o ABSOLUTE
    ..\..\..\Utilities\Third_Party\STemWin532_20160205\GUI\MemDev\GUIDEV_Banding.c 0x00000000   Number         0  guidev_banding.o ABSOLUTE
    ..\..\..\Utilities\Third_Party\STemWin532_20160205\GUI\MemDev\GUIDEV_Clear.c 0x00000000   Number         0  guidev_clear.o ABSOLUTE
    ..\..\..\Utilities\Third_Party\STemWin532_20160205\GUI\MemDev\GUIDEV_CreateFixed.c 0x00000000   Number         0  guidev_createfixed.o ABSOLUTE
    ..\..\..\Utilities\Third_Party\STemWin532_20160205\GUI\MemDev\GUIDEV_GetDataPtr.c 0x00000000   Number         0  guidev_getdataptr.o ABSOLUTE
    ..\..\..\Utilities\Third_Party\STemWin532_20160205\GUI\MemDev\GUIDEV_GetPos.c 0x00000000   Number         0  guidev_getpos.o ABSOLUTE
    ..\..\..\Utilities\Third_Party\STemWin532_20160205\GUI\MemDev\GUIDEV_GetXSize.c 0x00000000   Number         0  guidev_getxsize.o ABSOLUTE
    ..\..\..\Utilities\Third_Party\STemWin532_20160205\GUI\MemDev\GUIDEV_GetYSize.c 0x00000000   Number         0  guidev_getysize.o ABSOLUTE
    ..\..\..\Utilities\Third_Party\STemWin532_20160205\GUI\MemDev\GUIDEV_ReduceYSize.c 0x00000000   Number         0  guidev_reduceysize.o ABSOLUTE
    ..\..\..\Utilities\Third_Party\STemWin532_20160205\GUI\MemDev\GUIDEV_SetOrg.c 0x00000000   Number         0  guidev_setorg.o ABSOLUTE
    ..\..\..\Utilities\Third_Party\STemWin532_20160205\GUI\MemDev\GUIDEV_StaticDevices.c 0x00000000   Number         0  guidev_staticdevices.o ABSOLUTE
    ..\..\..\Utilities\Third_Party\STemWin532_20160205\GUI\MemDev\GUIDEV_Usage.c 0x00000000   Number         0  guidev_usage.o ABSOLUTE
    ..\..\..\Utilities\Third_Party\STemWin532_20160205\GUI\MemDev\GUIDEV_UsageBM.c 0x00000000   Number         0  guidev_usagebm.o ABSOLUTE
    ..\..\..\Utilities\Third_Party\STemWin532_20160205\GUI\MemDev\GUIDEV_Write.c 0x00000000   Number         0  guidev_write.o ABSOLUTE
    ..\..\..\Utilities\Third_Party\STemWin532_20160205\GUI\MemDev\GUIDEV_WriteToActiveAlpha.c 0x00000000   Number         0  guidev_writetoactivealpha.o ABSOLUTE
    ..\..\..\Utilities\Third_Party\STemWin532_20160205\GUI\MemDev\GUIDEV_WriteToActiveOpaque.c 0x00000000   Number         0  guidev_writetoactiveopaque.o ABSOLUTE
    ..\..\..\Utilities\Third_Party\STemWin532_20160205\GUI\WM\WM.c 0x00000000   Number         0  wm.o ABSOLUTE
    ..\..\..\Utilities\Third_Party\STemWin532_20160205\GUI\WM\WM_BringToBottom.c 0x00000000   Number         0  wm_bringtobottom.o ABSOLUTE
    ..\..\..\Utilities\Third_Party\STemWin532_20160205\GUI\WM\WM_CriticalHandle.c 0x00000000   Number         0  wm_criticalhandle.o ABSOLUTE
    ..\..\..\Utilities\Third_Party\STemWin532_20160205\GUI\WM\WM_GetClientRect.c 0x00000000   Number         0  wm_getclientrect.o ABSOLUTE
    ..\..\..\Utilities\Third_Party\STemWin532_20160205\GUI\WM\WM_GetDesktopWindow.c 0x00000000   Number         0  wm_getdesktopwindow.o ABSOLUTE
    ..\..\..\Utilities\Third_Party\STemWin532_20160205\GUI\WM\WM_GetDesktopWindowEx.c 0x00000000   Number         0  wm_getdesktopwindowex.o ABSOLUTE
    ..\..\..\Utilities\Third_Party\STemWin532_20160205\GUI\WM\WM_GetFirstChild.c 0x00000000   Number         0  wm_getfirstchild.o ABSOLUTE
    ..\..\..\Utilities\Third_Party\STemWin532_20160205\GUI\WM\WM_GetOrg.c 0x00000000   Number         0  wm_getorg.o ABSOLUTE
    ..\..\..\Utilities\Third_Party\STemWin532_20160205\GUI\WM\WM_GetParent.c 0x00000000   Number         0  wm_getparent.o ABSOLUTE
    ..\..\..\Utilities\Third_Party\STemWin532_20160205\GUI\WM\WM_GetWindowRect.c 0x00000000   Number         0  wm_getwindowrect.o ABSOLUTE
    ..\..\..\Utilities\Third_Party\STemWin532_20160205\GUI\WM\WM_IsWindow.c 0x00000000   Number         0  wm_iswindow.o ABSOLUTE
    ..\..\..\Utilities\Third_Party\STemWin532_20160205\GUI\WM\WM_Move.c 0x00000000   Number         0  wm_move.o ABSOLUTE
    ..\..\..\Utilities\Third_Party\STemWin532_20160205\GUI\WM\WM_NotifyParent.c 0x00000000   Number         0  wm_notifyparent.o ABSOLUTE
    ..\..\..\Utilities\Third_Party\STemWin532_20160205\GUI\WM\WM_OnKey.c 0x00000000   Number         0  wm_onkey.o ABSOLUTE
    ..\..\..\Utilities\Third_Party\STemWin532_20160205\GUI\WM\WM_PID__GetPrevState.c 0x00000000   Number         0  wm_pid__getprevstate.o ABSOLUTE
    ..\..\..\Utilities\Third_Party\STemWin532_20160205\GUI\WM\WM_ResizeWindow.c 0x00000000   Number         0  wm_resizewindow.o ABSOLUTE
    ..\..\..\Utilities\Third_Party\STemWin532_20160205\GUI\WM\WM_Screen2Win.c 0x00000000   Number         0  wm_screen2win.o ABSOLUTE
    ..\..\..\Utilities\Third_Party\STemWin532_20160205\GUI\WM\WM_SendMessageNoPara.c 0x00000000   Number         0  wm_sendmessagenopara.o ABSOLUTE
    ..\..\..\Utilities\Third_Party\STemWin532_20160205\GUI\WM\WM_SendToParent.c 0x00000000   Number         0  wm_sendtoparent.o ABSOLUTE
    ..\..\..\Utilities\Third_Party\STemWin532_20160205\GUI\WM\WM_SetCapture.c 0x00000000   Number         0  wm_setcapture.o ABSOLUTE
    ..\..\..\Utilities\Third_Party\STemWin532_20160205\GUI\WM\WM_SetSize.c 0x00000000   Number         0  wm_setsize.o ABSOLUTE
    ..\..\..\Utilities\Third_Party\STemWin532_20160205\GUI\WM\WM_Timer.c 0x00000000   Number         0  wm_timer.o ABSOLUTE
    ..\..\..\Utilities\Third_Party\STemWin532_20160205\GUI\WM\WM_Touch.c 0x00000000   Number         0  wm_touch.o ABSOLUTE
    ..\..\..\Utilities\Third_Party\STemWin532_20160205\GUI\WM\WM__GetFirstSibling.c 0x00000000   Number         0  wm__getfirstsibling.o ABSOLUTE
    ..\..\..\Utilities\Third_Party\STemWin532_20160205\GUI\WM\WM__GetPrevSibling.c 0x00000000   Number         0  wm__getprevsibling.o ABSOLUTE
    ..\..\..\Utilities\Third_Party\STemWin532_20160205\GUI\WM\WM__IsAncestor.c 0x00000000   Number         0  wm__isancestor.o ABSOLUTE
    ..\..\..\Utilities\Third_Party\STemWin532_20160205\GUI\WM\WM__IsEnabled.c 0x00000000   Number         0  wm__isenabled.o ABSOLUTE
    ..\..\..\Utilities\Third_Party\STemWin532_20160205\GUI\WM\WM__SendMessage.c 0x00000000   Number         0  wm__sendmessage.o ABSOLUTE
    ..\..\..\Utilities\Third_Party\STemWin532_20160205\GUI\WM\WM__SendMessageIfEnabled.c 0x00000000   Number         0  wm__sendmessageifenabled.o ABSOLUTE
    ..\..\..\Utilities\Third_Party\STemWin532_20160205\GUI\WM\WM__SendMessageNoPara.c 0x00000000   Number         0  wm__sendmessagenopara.o ABSOLUTE
    ..\..\..\Utilities\Third_Party\STemWin532_20160205\GUI\WM\WM__UpdateChildPositions.c 0x00000000   Number         0  wm__updatechildpositions.o ABSOLUTE
    ..\..\EMWin\Config\GUIConf.c             0x00000000   Number         0  guiconf.o ABSOLUTE
    ..\..\EMWin\Config\GUIDRV_Template.c     0x00000000   Number         0  guidrv_template.o ABSOLUTE
    ..\..\EMWin\Config\GUI_X.c               0x00000000   Number         0  gui_x.o ABSOLUTE
    ..\..\EMWin\Config\LCDConf_FlexColor_Template.c 0x00000000   Number         0  lcdconf_flexcolor_template.o ABSOLUTE
    ..\..\Libraries\CMSIS\Device\ST\STM32F4xx\Source\Templates\arm\startup_stm32f40xx.s 0x00000000   Number         0  startup_stm32f40xx.o ABSOLUTE
    ..\..\Libraries\CMSIS\Device\ST\STM32F4xx\Source\Templates\system_stm32f4xx.c 0x00000000   Number         0  system_stm32f4xx.o ABSOLUTE
    ..\..\Libraries\STM32F4xx_StdPeriph_Driver\src\misc.c 0x00000000   Number         0  misc.o ABSOLUTE
    ..\..\Libraries\STM32F4xx_StdPeriph_Driver\src\stm32f4xx_adc.c 0x00000000   Number         0  stm32f4xx_adc.o ABSOLUTE
    ..\..\Libraries\STM32F4xx_StdPeriph_Driver\src\stm32f4xx_can.c 0x00000000   Number         0  stm32f4xx_can.o ABSOLUTE
    ..\..\Libraries\STM32F4xx_StdPeriph_Driver\src\stm32f4xx_cec.c 0x00000000   Number         0  stm32f4xx_cec.o ABSOLUTE
    ..\..\Libraries\STM32F4xx_StdPeriph_Driver\src\stm32f4xx_crc.c 0x00000000   Number         0  stm32f4xx_crc.o ABSOLUTE
    ..\..\Libraries\STM32F4xx_StdPeriph_Driver\src\stm32f4xx_cryp.c 0x00000000   Number         0  stm32f4xx_cryp.o ABSOLUTE
    ..\..\Libraries\STM32F4xx_StdPeriph_Driver\src\stm32f4xx_cryp_aes.c 0x00000000   Number         0  stm32f4xx_cryp_aes.o ABSOLUTE
    ..\..\Libraries\STM32F4xx_StdPeriph_Driver\src\stm32f4xx_cryp_des.c 0x00000000   Number         0  stm32f4xx_cryp_des.o ABSOLUTE
    ..\..\Libraries\STM32F4xx_StdPeriph_Driver\src\stm32f4xx_cryp_tdes.c 0x00000000   Number         0  stm32f4xx_cryp_tdes.o ABSOLUTE
    ..\..\Libraries\STM32F4xx_StdPeriph_Driver\src\stm32f4xx_dac.c 0x00000000   Number         0  stm32f4xx_dac.o ABSOLUTE
    ..\..\Libraries\STM32F4xx_StdPeriph_Driver\src\stm32f4xx_dbgmcu.c 0x00000000   Number         0  stm32f4xx_dbgmcu.o ABSOLUTE
    ..\..\Libraries\STM32F4xx_StdPeriph_Driver\src\stm32f4xx_dcmi.c 0x00000000   Number         0  stm32f4xx_dcmi.o ABSOLUTE
    ..\..\Libraries\STM32F4xx_StdPeriph_Driver\src\stm32f4xx_dma.c 0x00000000   Number         0  stm32f4xx_dma.o ABSOLUTE
    ..\..\Libraries\STM32F4xx_StdPeriph_Driver\src\stm32f4xx_exti.c 0x00000000   Number         0  stm32f4xx_exti.o ABSOLUTE
    ..\..\Libraries\STM32F4xx_StdPeriph_Driver\src\stm32f4xx_flash.c 0x00000000   Number         0  stm32f4xx_flash.o ABSOLUTE
    ..\..\Libraries\STM32F4xx_StdPeriph_Driver\src\stm32f4xx_flash_ramfunc.c 0x00000000   Number         0  stm32f4xx_flash_ramfunc.o ABSOLUTE
    ..\..\Libraries\STM32F4xx_StdPeriph_Driver\src\stm32f4xx_fmpi2c.c 0x00000000   Number         0  stm32f4xx_fmpi2c.o ABSOLUTE
    ..\..\Libraries\STM32F4xx_StdPeriph_Driver\src\stm32f4xx_fsmc.c 0x00000000   Number         0  stm32f4xx_fsmc.o ABSOLUTE
    ..\..\Libraries\STM32F4xx_StdPeriph_Driver\src\stm32f4xx_gpio.c 0x00000000   Number         0  stm32f4xx_gpio.o ABSOLUTE
    ..\..\Libraries\STM32F4xx_StdPeriph_Driver\src\stm32f4xx_hash.c 0x00000000   Number         0  stm32f4xx_hash.o ABSOLUTE
    ..\..\Libraries\STM32F4xx_StdPeriph_Driver\src\stm32f4xx_hash_md5.c 0x00000000   Number         0  stm32f4xx_hash_md5.o ABSOLUTE
    ..\..\Libraries\STM32F4xx_StdPeriph_Driver\src\stm32f4xx_hash_sha1.c 0x00000000   Number         0  stm32f4xx_hash_sha1.o ABSOLUTE
    ..\..\Libraries\STM32F4xx_StdPeriph_Driver\src\stm32f4xx_i2c.c 0x00000000   Number         0  stm32f4xx_i2c.o ABSOLUTE
    ..\..\Libraries\STM32F4xx_StdPeriph_Driver\src\stm32f4xx_iwdg.c 0x00000000   Number         0  stm32f4xx_iwdg.o ABSOLUTE
    ..\..\Libraries\STM32F4xx_StdPeriph_Driver\src\stm32f4xx_pwr.c 0x00000000   Number         0  stm32f4xx_pwr.o ABSOLUTE
    ..\..\Libraries\STM32F4xx_StdPeriph_Driver\src\stm32f4xx_qspi.c 0x00000000   Number         0  stm32f4xx_qspi.o ABSOLUTE
    ..\..\Libraries\STM32F4xx_StdPeriph_Driver\src\stm32f4xx_rcc.c 0x00000000   Number         0  stm32f4xx_rcc.o ABSOLUTE
    ..\..\Libraries\STM32F4xx_StdPeriph_Driver\src\stm32f4xx_rng.c 0x00000000   Number         0  stm32f4xx_rng.o ABSOLUTE
    ..\..\Libraries\STM32F4xx_StdPeriph_Driver\src\stm32f4xx_rtc.c 0x00000000   Number         0  stm32f4xx_rtc.o ABSOLUTE
    ..\..\Libraries\STM32F4xx_StdPeriph_Driver\src\stm32f4xx_sai.c 0x00000000   Number         0  stm32f4xx_sai.o ABSOLUTE
    ..\..\Libraries\STM32F4xx_StdPeriph_Driver\src\stm32f4xx_sdio.c 0x00000000   Number         0  stm32f4xx_sdio.o ABSOLUTE
    ..\..\Libraries\STM32F4xx_StdPeriph_Driver\src\stm32f4xx_spdifrx.c 0x00000000   Number         0  stm32f4xx_spdifrx.o ABSOLUTE
    ..\..\Libraries\STM32F4xx_StdPeriph_Driver\src\stm32f4xx_spi.c 0x00000000   Number         0  stm32f4xx_spi.o ABSOLUTE
    ..\..\Libraries\STM32F4xx_StdPeriph_Driver\src\stm32f4xx_syscfg.c 0x00000000   Number         0  stm32f4xx_syscfg.o ABSOLUTE
    ..\..\Libraries\STM32F4xx_StdPeriph_Driver\src\stm32f4xx_tim.c 0x00000000   Number         0  stm32f4xx_tim.o ABSOLUTE
    ..\..\Libraries\STM32F4xx_StdPeriph_Driver\src\stm32f4xx_usart.c 0x00000000   Number         0  stm32f4xx_usart.o ABSOLUTE
    ..\..\Libraries\STM32F4xx_StdPeriph_Driver\src\stm32f4xx_wwdg.c 0x00000000   Number         0  stm32f4xx_wwdg.o ABSOLUTE
    ..\..\User\can\bsp_can.c                 0x00000000   Number         0  bsp_can.o ABSOLUTE
    ..\..\User\font\fonts.c                  0x00000000   Number         0  fonts.o ABSOLUTE
    ..\..\User\key\bsp_key.c                 0x00000000   Number         0  bsp_key.o ABSOLUTE
    ..\..\User\lcd\bsp_ili9341_lcd.c         0x00000000   Number         0  bsp_ili9341_lcd.o ABSOLUTE
    ..\..\User\led\bsp_led.c                 0x00000000   Number         0  bsp_led.o ABSOLUTE
    ..\..\User\main.c                        0x00000000   Number         0  main.o ABSOLUTE
    ..\..\User\stm32f4xx_it.c                0x00000000   Number         0  stm32f4xx_it.o ABSOLUTE
    ..\..\User\usart\bsp_debug_usart.c       0x00000000   Number         0  bsp_debug_usart.o ABSOLUTE
    ..\\..\\EMWin\\Config\\GUIDRV_Template.c 0x00000000   Number         0  guidrv_template.o ABSOLUTE
    ..\\..\\Libraries\\CMSIS\\Device\\ST\\STM32F4xx\\Source\\Templates\\system_stm32f4xx.c 0x00000000   Number         0  system_stm32f4xx.o ABSOLUTE
    ..\\..\\Libraries\\STM32F4xx_StdPeriph_Driver\\src\\misc.c 0x00000000   Number         0  misc.o ABSOLUTE
    ..\\..\\Libraries\\STM32F4xx_StdPeriph_Driver\\src\\stm32f4xx_adc.c 0x00000000   Number         0  stm32f4xx_adc.o ABSOLUTE
    ..\\..\\Libraries\\STM32F4xx_StdPeriph_Driver\\src\\stm32f4xx_can.c 0x00000000   Number         0  stm32f4xx_can.o ABSOLUTE
    ..\\..\\Libraries\\STM32F4xx_StdPeriph_Driver\\src\\stm32f4xx_cec.c 0x00000000   Number         0  stm32f4xx_cec.o ABSOLUTE
    ..\\..\\Libraries\\STM32F4xx_StdPeriph_Driver\\src\\stm32f4xx_crc.c 0x00000000   Number         0  stm32f4xx_crc.o ABSOLUTE
    ..\\..\\Libraries\\STM32F4xx_StdPeriph_Driver\\src\\stm32f4xx_cryp.c 0x00000000   Number         0  stm32f4xx_cryp.o ABSOLUTE
    ..\\..\\Libraries\\STM32F4xx_StdPeriph_Driver\\src\\stm32f4xx_cryp_aes.c 0x00000000   Number         0  stm32f4xx_cryp_aes.o ABSOLUTE
    ..\\..\\Libraries\\STM32F4xx_StdPeriph_Driver\\src\\stm32f4xx_cryp_des.c 0x00000000   Number         0  stm32f4xx_cryp_des.o ABSOLUTE
    ..\\..\\Libraries\\STM32F4xx_StdPeriph_Driver\\src\\stm32f4xx_cryp_tdes.c 0x00000000   Number         0  stm32f4xx_cryp_tdes.o ABSOLUTE
    ..\\..\\Libraries\\STM32F4xx_StdPeriph_Driver\\src\\stm32f4xx_dac.c 0x00000000   Number         0  stm32f4xx_dac.o ABSOLUTE
    ..\\..\\Libraries\\STM32F4xx_StdPeriph_Driver\\src\\stm32f4xx_dbgmcu.c 0x00000000   Number         0  stm32f4xx_dbgmcu.o ABSOLUTE
    ..\\..\\Libraries\\STM32F4xx_StdPeriph_Driver\\src\\stm32f4xx_dcmi.c 0x00000000   Number         0  stm32f4xx_dcmi.o ABSOLUTE
    ..\\..\\Libraries\\STM32F4xx_StdPeriph_Driver\\src\\stm32f4xx_dma.c 0x00000000   Number         0  stm32f4xx_dma.o ABSOLUTE
    ..\\..\\Libraries\\STM32F4xx_StdPeriph_Driver\\src\\stm32f4xx_exti.c 0x00000000   Number         0  stm32f4xx_exti.o ABSOLUTE
    ..\\..\\Libraries\\STM32F4xx_StdPeriph_Driver\\src\\stm32f4xx_flash.c 0x00000000   Number         0  stm32f4xx_flash.o ABSOLUTE
    ..\\..\\Libraries\\STM32F4xx_StdPeriph_Driver\\src\\stm32f4xx_flash_ramfunc.c 0x00000000   Number         0  stm32f4xx_flash_ramfunc.o ABSOLUTE
    ..\\..\\Libraries\\STM32F4xx_StdPeriph_Driver\\src\\stm32f4xx_fmpi2c.c 0x00000000   Number         0  stm32f4xx_fmpi2c.o ABSOLUTE
    ..\\..\\Libraries\\STM32F4xx_StdPeriph_Driver\\src\\stm32f4xx_fsmc.c 0x00000000   Number         0  stm32f4xx_fsmc.o ABSOLUTE
    ..\\..\\Libraries\\STM32F4xx_StdPeriph_Driver\\src\\stm32f4xx_gpio.c 0x00000000   Number         0  stm32f4xx_gpio.o ABSOLUTE
    ..\\..\\Libraries\\STM32F4xx_StdPeriph_Driver\\src\\stm32f4xx_hash.c 0x00000000   Number         0  stm32f4xx_hash.o ABSOLUTE
    ..\\..\\Libraries\\STM32F4xx_StdPeriph_Driver\\src\\stm32f4xx_hash_md5.c 0x00000000   Number         0  stm32f4xx_hash_md5.o ABSOLUTE
    ..\\..\\Libraries\\STM32F4xx_StdPeriph_Driver\\src\\stm32f4xx_hash_sha1.c 0x00000000   Number         0  stm32f4xx_hash_sha1.o ABSOLUTE
    ..\\..\\Libraries\\STM32F4xx_StdPeriph_Driver\\src\\stm32f4xx_i2c.c 0x00000000   Number         0  stm32f4xx_i2c.o ABSOLUTE
    ..\\..\\Libraries\\STM32F4xx_StdPeriph_Driver\\src\\stm32f4xx_iwdg.c 0x00000000   Number         0  stm32f4xx_iwdg.o ABSOLUTE
    ..\\..\\Libraries\\STM32F4xx_StdPeriph_Driver\\src\\stm32f4xx_pwr.c 0x00000000   Number         0  stm32f4xx_pwr.o ABSOLUTE
    ..\\..\\Libraries\\STM32F4xx_StdPeriph_Driver\\src\\stm32f4xx_qspi.c 0x00000000   Number         0  stm32f4xx_qspi.o ABSOLUTE
    ..\\..\\Libraries\\STM32F4xx_StdPeriph_Driver\\src\\stm32f4xx_rcc.c 0x00000000   Number         0  stm32f4xx_rcc.o ABSOLUTE
    ..\\..\\Libraries\\STM32F4xx_StdPeriph_Driver\\src\\stm32f4xx_rng.c 0x00000000   Number         0  stm32f4xx_rng.o ABSOLUTE
    ..\\..\\Libraries\\STM32F4xx_StdPeriph_Driver\\src\\stm32f4xx_rtc.c 0x00000000   Number         0  stm32f4xx_rtc.o ABSOLUTE
    ..\\..\\Libraries\\STM32F4xx_StdPeriph_Driver\\src\\stm32f4xx_sai.c 0x00000000   Number         0  stm32f4xx_sai.o ABSOLUTE
    ..\\..\\Libraries\\STM32F4xx_StdPeriph_Driver\\src\\stm32f4xx_sdio.c 0x00000000   Number         0  stm32f4xx_sdio.o ABSOLUTE
    ..\\..\\Libraries\\STM32F4xx_StdPeriph_Driver\\src\\stm32f4xx_spdifrx.c 0x00000000   Number         0  stm32f4xx_spdifrx.o ABSOLUTE
    ..\\..\\Libraries\\STM32F4xx_StdPeriph_Driver\\src\\stm32f4xx_spi.c 0x00000000   Number         0  stm32f4xx_spi.o ABSOLUTE
    ..\\..\\Libraries\\STM32F4xx_StdPeriph_Driver\\src\\stm32f4xx_syscfg.c 0x00000000   Number         0  stm32f4xx_syscfg.o ABSOLUTE
    ..\\..\\Libraries\\STM32F4xx_StdPeriph_Driver\\src\\stm32f4xx_tim.c 0x00000000   Number         0  stm32f4xx_tim.o ABSOLUTE
    ..\\..\\Libraries\\STM32F4xx_StdPeriph_Driver\\src\\stm32f4xx_usart.c 0x00000000   Number         0  stm32f4xx_usart.o ABSOLUTE
    ..\\..\\Libraries\\STM32F4xx_StdPeriph_Driver\\src\\stm32f4xx_wwdg.c 0x00000000   Number         0  stm32f4xx_wwdg.o ABSOLUTE
    ..\\..\\User\\can\\bsp_can.c             0x00000000   Number         0  bsp_can.o ABSOLUTE
    ..\\..\\User\\font\\fonts.c              0x00000000   Number         0  fonts.o ABSOLUTE
    ..\\..\\User\\key\\bsp_key.c             0x00000000   Number         0  bsp_key.o ABSOLUTE
    ..\\..\\User\\lcd\\bsp_ili9341_lcd.c     0x00000000   Number         0  bsp_ili9341_lcd.o ABSOLUTE
    ..\\..\\User\\led\\bsp_led.c             0x00000000   Number         0  bsp_led.o ABSOLUTE
    ..\\..\\User\\main.c                     0x00000000   Number         0  main.o ABSOLUTE
    ..\\..\\User\\stm32f4xx_it.c             0x00000000   Number         0  stm32f4xx_it.o ABSOLUTE
    ..\\..\\User\\usart\\bsp_debug_usart.c   0x00000000   Number         0  bsp_debug_usart.o ABSOLUTE
    cdrcmple.s                               0x00000000   Number         0  cdrcmple.o ABSOLUTE
    dc.s                                     0x00000000   Number         0  dc.o ABSOLUTE
    handlers.s                               0x00000000   Number         0  handlers.o ABSOLUTE
    init.s                                   0x00000000   Number         0  init.o ABSOLUTE
    RESET                                    0x08000000   Section      392  startup_stm32f40xx.o(RESET)
    .ARM.Collect$$$$00000000                 0x08000188   Section        0  entry.o(.ARM.Collect$$$$00000000)
    .ARM.Collect$$$$00000001                 0x08000188   Section        4  entry2.o(.ARM.Collect$$$$00000001)
    .ARM.Collect$$$$00000004                 0x0800018c   Section        4  entry5.o(.ARM.Collect$$$$00000004)
    .ARM.Collect$$$$00000008                 0x08000190   Section        0  entry7b.o(.ARM.Collect$$$$00000008)
    .ARM.Collect$$$$0000000A                 0x08000190   Section        0  entry8b.o(.ARM.Collect$$$$0000000A)
    .ARM.Collect$$$$0000000B                 0x08000190   Section        8  entry9a.o(.ARM.Collect$$$$0000000B)
    .ARM.Collect$$$$0000000E                 0x08000198   Section        4  entry12b.o(.ARM.Collect$$$$0000000E)
    .ARM.Collect$$$$0000000F                 0x0800019c   Section        0  entry10a.o(.ARM.Collect$$$$0000000F)
    .ARM.Collect$$$$00000011                 0x0800019c   Section        0  entry11a.o(.ARM.Collect$$$$00000011)
    .ARM.Collect$$$$00002712                 0x0800019c   Section        4  entry2.o(.ARM.Collect$$$$00002712)
    __lit__00000000                          0x0800019c   Data           4  entry2.o(.ARM.Collect$$$$00002712)
    .text                                    0x080001a0   Section       36  startup_stm32f40xx.o(.text)
    $v0                                      0x080001a0   Number         0  startup_stm32f40xx.o(.text)
    .text                                    0x080001c4   Section        0  memseta.o(.text)
    .text                                    0x080001e8   Section        0  uldiv.o(.text)
    .text                                    0x0800024c   Section       36  init.o(.text)
    .text                                    0x08000270   Section        0  llshl.o(.text)
    .text                                    0x0800028e   Section        0  llushr.o(.text)
    i.BusFault_Handler                       0x080002ae   Section        0  stm32f4xx_it.o(i.BusFault_Handler)
    i.CAN2_RX0_IRQHandler                    0x080002b0   Section        0  stm32f4xx_it.o(i.CAN2_RX0_IRQHandler)
    i.CAN_Config                             0x080002f0   Section        0  bsp_can.o(i.CAN_Config)
    i.CAN_DeInit                             0x08000308   Section        0  stm32f4xx_can.o(i.CAN_DeInit)
    i.CAN_FilterInit                         0x08000340   Section        0  stm32f4xx_can.o(i.CAN_FilterInit)
    i.CAN_Filter_Config                      0x08000414   Section        0  bsp_can.o(i.CAN_Filter_Config)
    CAN_Filter_Config                        0x08000415   Thumb Code    70  bsp_can.o(i.CAN_Filter_Config)
    i.CAN_GPIO_Config                        0x08000460   Section        0  bsp_can.o(i.CAN_GPIO_Config)
    CAN_GPIO_Config                          0x08000461   Thumb Code    86  bsp_can.o(i.CAN_GPIO_Config)
    i.CAN_ITConfig                           0x080004bc   Section        0  stm32f4xx_can.o(i.CAN_ITConfig)
    i.CAN_Init                               0x080004d0   Section        0  stm32f4xx_can.o(i.CAN_Init)
    i.CAN_Mode_Config                        0x080005d4   Section        0  bsp_can.o(i.CAN_Mode_Config)
    CAN_Mode_Config                          0x080005d5   Thumb Code    88  bsp_can.o(i.CAN_Mode_Config)
    i.CAN_NVIC_Config                        0x08000630   Section        0  bsp_can.o(i.CAN_NVIC_Config)
    CAN_NVIC_Config                          0x08000631   Thumb Code    40  bsp_can.o(i.CAN_NVIC_Config)
    i.CAN_Receive                            0x08000658   Section        0  stm32f4xx_can.o(i.CAN_Receive)
    i.CAN_SetMsg                             0x080006dc   Section        0  bsp_can.o(i.CAN_SetMsg)
    i.CAN_StructInit                         0x08000714   Section        0  stm32f4xx_can.o(i.CAN_StructInit)
    i.CAN_Transmit                           0x08000734   Section        0  stm32f4xx_can.o(i.CAN_Transmit)
    i.DebugMon_Handler                       0x080007ea   Section        0  stm32f4xx_it.o(i.DebugMon_Handler)
    i.Debug_USART_Config                     0x080007ec   Section        0  bsp_debug_usart.o(i.Debug_USART_Config)
    i.Delay                                  0x08000894   Section        0  main.o(i.Delay)
    Delay                                    0x08000895   Thumb Code    18  main.o(i.Delay)
    i.Display_CAN_Voltage                    0x080008a8   Section        0  bsp_ili9341_lcd.o(i.Display_CAN_Voltage)
    i.FSMC_NORSRAMCmd                        0x08000a38   Section        0  stm32f4xx_fsmc.o(i.FSMC_NORSRAMCmd)
    i.FSMC_NORSRAMInit                       0x08000a5c   Section        0  stm32f4xx_fsmc.o(i.FSMC_NORSRAMInit)
    i.GPIO_Init                              0x08000b44   Section        0  stm32f4xx_gpio.o(i.GPIO_Init)
    i.GPIO_PinAFConfig                       0x08000bc0   Section        0  stm32f4xx_gpio.o(i.GPIO_PinAFConfig)
    i.GPIO_ReadInputDataBit                  0x08000be0   Section        0  stm32f4xx_gpio.o(i.GPIO_ReadInputDataBit)
    i.GPIO_ResetBits                         0x08000bee   Section        0  stm32f4xx_gpio.o(i.GPIO_ResetBits)
    i.GPIO_SetBits                           0x08000bf2   Section        0  stm32f4xx_gpio.o(i.GPIO_SetBits)
    i.HardFault_Handler                      0x08000bf6   Section        0  stm32f4xx_it.o(i.HardFault_Handler)
    i.ILI9341_BackLed_Control                0x08000bf8   Section        0  bsp_ili9341_lcd.o(i.ILI9341_BackLed_Control)
    i.ILI9341_Clear                          0x08000c14   Section        0  bsp_ili9341_lcd.o(i.ILI9341_Clear)
    i.ILI9341_Delay                          0x08000c38   Section        0  bsp_ili9341_lcd.o(i.ILI9341_Delay)
    ILI9341_Delay                            0x08000c39   Thumb Code    18  bsp_ili9341_lcd.o(i.ILI9341_Delay)
    i.ILI9341_DispChar_EN                    0x08000c4c   Section        0  bsp_ili9341_lcd.o(i.ILI9341_DispChar_EN)
    i.ILI9341_DispStringLine_EN              0x08000cbc   Section        0  bsp_ili9341_lcd.o(i.ILI9341_DispStringLine_EN)
    i.ILI9341_FSMC_Config                    0x08000d08   Section        0  bsp_ili9341_lcd.o(i.ILI9341_FSMC_Config)
    ILI9341_FSMC_Config                      0x08000d09   Thumb Code   104  bsp_ili9341_lcd.o(i.ILI9341_FSMC_Config)
    i.ILI9341_FillColor                      0x08000d70   Section        0  bsp_ili9341_lcd.o(i.ILI9341_FillColor)
    ILI9341_FillColor                        0x08000d71   Thumb Code    24  bsp_ili9341_lcd.o(i.ILI9341_FillColor)
    i.ILI9341_GPIO_Config                    0x08000d88   Section        0  bsp_ili9341_lcd.o(i.ILI9341_GPIO_Config)
    ILI9341_GPIO_Config                      0x08000d89   Thumb Code   516  bsp_ili9341_lcd.o(i.ILI9341_GPIO_Config)
    i.ILI9341_GramScan                       0x08000f9c   Section        0  bsp_ili9341_lcd.o(i.ILI9341_GramScan)
    i.ILI9341_Init                           0x08001020   Section        0  bsp_ili9341_lcd.o(i.ILI9341_Init)
    i.ILI9341_OpenWindow                     0x08001048   Section        0  bsp_ili9341_lcd.o(i.ILI9341_OpenWindow)
    i.ILI9341_REG_Config                     0x08001080   Section        0  bsp_ili9341_lcd.o(i.ILI9341_REG_Config)
    ILI9341_REG_Config                       0x08001081   Thumb Code   724  bsp_ili9341_lcd.o(i.ILI9341_REG_Config)
    i.ILI9341_ReadID                         0x0800135c   Section        0  bsp_ili9341_lcd.o(i.ILI9341_ReadID)
    i.ILI9341_Rst                            0x080013b4   Section        0  bsp_ili9341_lcd.o(i.ILI9341_Rst)
    i.Key_GPIO_Config                        0x080013e4   Section        0  bsp_key.o(i.Key_GPIO_Config)
    i.Key_Scan                               0x0800141c   Section        0  bsp_key.o(i.Key_Scan)
    i.LCD_GetFont                            0x08001444   Section        0  bsp_ili9341_lcd.o(i.LCD_GetFont)
    i.LCD_SetColors                          0x08001450   Section        0  bsp_ili9341_lcd.o(i.LCD_SetColors)
    i.LCD_SetFont                            0x0800145c   Section        0  bsp_ili9341_lcd.o(i.LCD_SetFont)
    i.LED_GPIO_Config                        0x08001468   Section        0  bsp_led.o(i.LED_GPIO_Config)
    i.MemManage_Handler                      0x080014c0   Section        0  stm32f4xx_it.o(i.MemManage_Handler)
    i.NMI_Handler                            0x080014c2   Section        0  stm32f4xx_it.o(i.NMI_Handler)
    i.NVIC_Configuration                     0x080014c4   Section        0  bsp_debug_usart.o(i.NVIC_Configuration)
    NVIC_Configuration                       0x080014c5   Thumb Code    38  bsp_debug_usart.o(i.NVIC_Configuration)
    i.NVIC_Init                              0x080014ec   Section        0  misc.o(i.NVIC_Init)
    i.NVIC_PriorityGroupConfig               0x08001554   Section        0  misc.o(i.NVIC_PriorityGroupConfig)
    i.PendSV_Handler                         0x08001568   Section        0  stm32f4xx_it.o(i.PendSV_Handler)
    i.RCC_AHB1PeriphClockCmd                 0x0800156c   Section        0  stm32f4xx_rcc.o(i.RCC_AHB1PeriphClockCmd)
    i.RCC_AHB3PeriphClockCmd                 0x08001588   Section        0  stm32f4xx_rcc.o(i.RCC_AHB3PeriphClockCmd)
    i.RCC_APB1PeriphClockCmd                 0x080015a4   Section        0  stm32f4xx_rcc.o(i.RCC_APB1PeriphClockCmd)
    i.RCC_APB1PeriphResetCmd                 0x080015c0   Section        0  stm32f4xx_rcc.o(i.RCC_APB1PeriphResetCmd)
    i.RCC_APB2PeriphClockCmd                 0x080015dc   Section        0  stm32f4xx_rcc.o(i.RCC_APB2PeriphClockCmd)
    i.RCC_GetClocksFreq                      0x080015f8   Section        0  stm32f4xx_rcc.o(i.RCC_GetClocksFreq)
    i.SVC_Handler                            0x0800169c   Section        0  stm32f4xx_it.o(i.SVC_Handler)
    i.SetSysClock                            0x080016a0   Section        0  system_stm32f4xx.o(i.SetSysClock)
    SetSysClock                              0x080016a1   Thumb Code   168  system_stm32f4xx.o(i.SetSysClock)
    i.SysTick_Handler                        0x08001758   Section        0  stm32f4xx_it.o(i.SysTick_Handler)
    i.SystemInit                             0x0800175c   Section        0  system_stm32f4xx.o(i.SystemInit)
    i.USART_Cmd                              0x080017b8   Section        0  stm32f4xx_usart.o(i.USART_Cmd)
    i.USART_GetFlagStatus                    0x080017d0   Section        0  stm32f4xx_usart.o(i.USART_GetFlagStatus)
    i.USART_ITConfig                         0x080017de   Section        0  stm32f4xx_usart.o(i.USART_ITConfig)
    i.USART_Init                             0x08001814   Section        0  stm32f4xx_usart.o(i.USART_Init)
    i.USART_SendData                         0x080018d0   Section        0  stm32f4xx_usart.o(i.USART_SendData)
    i.UsageFault_Handler                     0x080018d8   Section        0  stm32f4xx_it.o(i.UsageFault_Handler)
    i.__0printf$8                            0x080018dc   Section        0  printf8.o(i.__0printf$8)
    i.__0snprintf$8                          0x080018fc   Section        0  printf8.o(i.__0snprintf$8)
    i.__scatterload_copy                     0x08001930   Section       14  handlers.o(i.__scatterload_copy)
    i.__scatterload_null                     0x0800193e   Section        2  handlers.o(i.__scatterload_null)
    i.__scatterload_zeroinit                 0x08001940   Section       14  handlers.o(i.__scatterload_zeroinit)
    i._printf_core                           0x08001950   Section        0  printf8.o(i._printf_core)
    _printf_core                             0x08001951   Thumb Code   984  printf8.o(i._printf_core)
    i._printf_post_padding                   0x08001d54   Section        0  printf8.o(i._printf_post_padding)
    _printf_post_padding                     0x08001d55   Thumb Code    36  printf8.o(i._printf_post_padding)
    i._printf_pre_padding                    0x08001d78   Section        0  printf8.o(i._printf_pre_padding)
    _printf_pre_padding                      0x08001d79   Thumb Code    46  printf8.o(i._printf_pre_padding)
    i._snputc                                0x08001da6   Section        0  printf8.o(i._snputc)
    _snputc                                  0x08001da7   Thumb Code    22  printf8.o(i._snputc)
    i.fputc                                  0x08001dbc   Section        0  bsp_debug_usart.o(i.fputc)
    i.main                                   0x08001de0   Section        0  main.o(i.main)
    .constdata                               0x08002048   Section     1520  fonts.o(.constdata)
    .constdata                               0x08002638   Section     4560  fonts.o(.constdata)
    .conststring                             0x08003808   Section      154  main.o(.conststring)
    .data                                    0x20000000   Section       16  stm32f4xx_rcc.o(.data)
    APBAHBPrescTable                         0x20000000   Data          16  stm32f4xx_rcc.o(.data)
    .data                                    0x20000010   Section        4  main.o(.data)
    .data                                    0x20000014   Section        8  fonts.o(.data)
    .data                                    0x2000001c   Section        8  fonts.o(.data)
    .data                                    0x20000024   Section       16  bsp_ili9341_lcd.o(.data)
    CurrentTextColor                         0x2000002c   Data           2  bsp_ili9341_lcd.o(.data)
    CurrentBackColor                         0x2000002e   Data           2  bsp_ili9341_lcd.o(.data)
    LCD_Currentfonts                         0x20000030   Data           4  bsp_ili9341_lcd.o(.data)
    .data                                    0x20000034   Section        4  stdout.o(.data)
    .bss                                     0x20000038   Section       40  main.o(.bss)
    STACK                                    0x20000060   Section     1024  startup_stm32f40xx.o(STACK)

    Global Symbols

    Symbol Name                              Value     Ov Type        Size  Object(Section)

    BuildAttributes$$THM_ISAv4$E$P$D$K$B$S$7EM$VFPi3$EXTD16$VFPS$VFMA$PE$A:L22UL41UL21$X:L11$S22US41US21$IEEE1$IW$USESV6$~STKCKD$USESV7$~SHL$OSPACE$ROPI$EBA8$MICROLIB$REQ8$PRES8$EABIv2 0x00000000   Number         0  anon$$obj.o ABSOLUTE
    __ARM_use_no_argv                        0x00000000   Number         0  main.o ABSOLUTE
    _printf_a                                0x00000000   Number         0  stubs.o ABSOLUTE
    _printf_c                                0x00000000   Number         0  stubs.o ABSOLUTE
    _printf_charcount                        0x00000000   Number         0  stubs.o ABSOLUTE
    _printf_d                                0x00000000   Number         0  stubs.o ABSOLUTE
    _printf_e                                0x00000000   Number         0  stubs.o ABSOLUTE
    _printf_f                                0x00000000   Number         0  stubs.o ABSOLUTE
    _printf_flags                            0x00000000   Number         0  stubs.o ABSOLUTE
    _printf_fp_dec                           0x00000000   Number         0  stubs.o ABSOLUTE
    _printf_fp_hex                           0x00000000   Number         0  stubs.o ABSOLUTE
    _printf_g                                0x00000000   Number         0  stubs.o ABSOLUTE
    _printf_i                                0x00000000   Number         0  stubs.o ABSOLUTE
    _printf_int_dec                          0x00000000   Number         0  stubs.o ABSOLUTE
    _printf_l                                0x00000000   Number         0  stubs.o ABSOLUTE
    _printf_lc                               0x00000000   Number         0  stubs.o ABSOLUTE
    _printf_ll                               0x00000000   Number         0  stubs.o ABSOLUTE
    _printf_lld                              0x00000000   Number         0  stubs.o ABSOLUTE
    _printf_lli                              0x00000000   Number         0  stubs.o ABSOLUTE
    _printf_llo                              0x00000000   Number         0  stubs.o ABSOLUTE
    _printf_llu                              0x00000000   Number         0  stubs.o ABSOLUTE
    _printf_llx                              0x00000000   Number         0  stubs.o ABSOLUTE
    _printf_longlong_dec                     0x00000000   Number         0  stubs.o ABSOLUTE
    _printf_longlong_hex                     0x00000000   Number         0  stubs.o ABSOLUTE
    _printf_longlong_oct                     0x00000000   Number         0  stubs.o ABSOLUTE
    _printf_ls                               0x00000000   Number         0  stubs.o ABSOLUTE
    _printf_mbtowc                           0x00000000   Number         0  stubs.o ABSOLUTE
    _printf_n                                0x00000000   Number         0  stubs.o ABSOLUTE
    _printf_o                                0x00000000   Number         0  stubs.o ABSOLUTE
    _printf_p                                0x00000000   Number         0  stubs.o ABSOLUTE
    _printf_percent                          0x00000000   Number         0  stubs.o ABSOLUTE
    _printf_pre_padding                      0x00000000   Number         0  stubs.o ABSOLUTE
    _printf_return_value                     0x00000000   Number         0  stubs.o ABSOLUTE
    _printf_s                                0x00000000   Number         0  stubs.o ABSOLUTE
    _printf_sizespec                         0x00000000   Number         0  stubs.o ABSOLUTE
    _printf_str                              0x00000000   Number         0  stubs.o ABSOLUTE
    _printf_truncate_signed                  0x00000000   Number         0  stubs.o ABSOLUTE
    _printf_truncate_unsigned                0x00000000   Number         0  stubs.o ABSOLUTE
    _printf_u                                0x00000000   Number         0  stubs.o ABSOLUTE
    _printf_wc                               0x00000000   Number         0  stubs.o ABSOLUTE
    _printf_wctomb                           0x00000000   Number         0  stubs.o ABSOLUTE
    _printf_widthprec                        0x00000000   Number         0  stubs.o ABSOLUTE
    _printf_x                                0x00000000   Number         0  stubs.o ABSOLUTE
    __arm_fini_                               - Undefined Weak Reference
    __cpp_initialize__aeabi_                  - Undefined Weak Reference
    __cxa_finalize                            - Undefined Weak Reference
    __decompress                              - Undefined Weak Reference
    _clock_init                               - Undefined Weak Reference
    _microlib_exit                            - Undefined Weak Reference
    __Vectors_Size                           0x00000188   Number         0  startup_stm32f40xx.o ABSOLUTE
    __Vectors                                0x08000000   Data           4  startup_stm32f40xx.o(RESET)
    __Vectors_End                            0x08000188   Data           0  startup_stm32f40xx.o(RESET)
    __main                                   0x08000189   Thumb Code     0  entry.o(.ARM.Collect$$$$00000000)
    _main_stk                                0x08000189   Thumb Code     0  entry2.o(.ARM.Collect$$$$00000001)
    _main_scatterload                        0x0800018d   Thumb Code     0  entry5.o(.ARM.Collect$$$$00000004)
    __main_after_scatterload                 0x08000191   Thumb Code     0  entry5.o(.ARM.Collect$$$$00000004)
    _main_clock                              0x08000191   Thumb Code     0  entry7b.o(.ARM.Collect$$$$00000008)
    _main_cpp_init                           0x08000191   Thumb Code     0  entry8b.o(.ARM.Collect$$$$0000000A)
    _main_init                               0x08000191   Thumb Code     0  entry9a.o(.ARM.Collect$$$$0000000B)
    __rt_lib_shutdown_fini                   0x08000199   Thumb Code     0  entry12b.o(.ARM.Collect$$$$0000000E)
    __rt_final_cpp                           0x0800019d   Thumb Code     0  entry10a.o(.ARM.Collect$$$$0000000F)
    __rt_final_exit                          0x0800019d   Thumb Code     0  entry11a.o(.ARM.Collect$$$$00000011)
    Reset_Handler                            0x080001a1   Thumb Code     8  startup_stm32f40xx.o(.text)
    ADC_IRQHandler                           0x080001bb   Thumb Code     0  startup_stm32f40xx.o(.text)
    CAN1_RX0_IRQHandler                      0x080001bb   Thumb Code     0  startup_stm32f40xx.o(.text)
    CAN1_RX1_IRQHandler                      0x080001bb   Thumb Code     0  startup_stm32f40xx.o(.text)
    CAN1_SCE_IRQHandler                      0x080001bb   Thumb Code     0  startup_stm32f40xx.o(.text)
    CAN1_TX_IRQHandler                       0x080001bb   Thumb Code     0  startup_stm32f40xx.o(.text)
    CAN2_RX1_IRQHandler                      0x080001bb   Thumb Code     0  startup_stm32f40xx.o(.text)
    CAN2_SCE_IRQHandler                      0x080001bb   Thumb Code     0  startup_stm32f40xx.o(.text)
    CAN2_TX_IRQHandler                       0x080001bb   Thumb Code     0  startup_stm32f40xx.o(.text)
    CRYP_IRQHandler                          0x080001bb   Thumb Code     0  startup_stm32f40xx.o(.text)
    DCMI_IRQHandler                          0x080001bb   Thumb Code     0  startup_stm32f40xx.o(.text)
    DMA1_Stream0_IRQHandler                  0x080001bb   Thumb Code     0  startup_stm32f40xx.o(.text)
    DMA1_Stream1_IRQHandler                  0x080001bb   Thumb Code     0  startup_stm32f40xx.o(.text)
    DMA1_Stream2_IRQHandler                  0x080001bb   Thumb Code     0  startup_stm32f40xx.o(.text)
    DMA1_Stream3_IRQHandler                  0x080001bb   Thumb Code     0  startup_stm32f40xx.o(.text)
    DMA1_Stream4_IRQHandler                  0x080001bb   Thumb Code     0  startup_stm32f40xx.o(.text)
    DMA1_Stream5_IRQHandler                  0x080001bb   Thumb Code     0  startup_stm32f40xx.o(.text)
    DMA1_Stream6_IRQHandler                  0x080001bb   Thumb Code     0  startup_stm32f40xx.o(.text)
    DMA1_Stream7_IRQHandler                  0x080001bb   Thumb Code     0  startup_stm32f40xx.o(.text)
    DMA2_Stream0_IRQHandler                  0x080001bb   Thumb Code     0  startup_stm32f40xx.o(.text)
    DMA2_Stream1_IRQHandler                  0x080001bb   Thumb Code     0  startup_stm32f40xx.o(.text)
    DMA2_Stream2_IRQHandler                  0x080001bb   Thumb Code     0  startup_stm32f40xx.o(.text)
    DMA2_Stream3_IRQHandler                  0x080001bb   Thumb Code     0  startup_stm32f40xx.o(.text)
    DMA2_Stream4_IRQHandler                  0x080001bb   Thumb Code     0  startup_stm32f40xx.o(.text)
    DMA2_Stream5_IRQHandler                  0x080001bb   Thumb Code     0  startup_stm32f40xx.o(.text)
    DMA2_Stream6_IRQHandler                  0x080001bb   Thumb Code     0  startup_stm32f40xx.o(.text)
    DMA2_Stream7_IRQHandler                  0x080001bb   Thumb Code     0  startup_stm32f40xx.o(.text)
    ETH_IRQHandler                           0x080001bb   Thumb Code     0  startup_stm32f40xx.o(.text)
    ETH_WKUP_IRQHandler                      0x080001bb   Thumb Code     0  startup_stm32f40xx.o(.text)
    EXTI0_IRQHandler                         0x080001bb   Thumb Code     0  startup_stm32f40xx.o(.text)
    EXTI15_10_IRQHandler                     0x080001bb   Thumb Code     0  startup_stm32f40xx.o(.text)
    EXTI1_IRQHandler                         0x080001bb   Thumb Code     0  startup_stm32f40xx.o(.text)
    EXTI2_IRQHandler                         0x080001bb   Thumb Code     0  startup_stm32f40xx.o(.text)
    EXTI3_IRQHandler                         0x080001bb   Thumb Code     0  startup_stm32f40xx.o(.text)
    EXTI4_IRQHandler                         0x080001bb   Thumb Code     0  startup_stm32f40xx.o(.text)
    EXTI9_5_IRQHandler                       0x080001bb   Thumb Code     0  startup_stm32f40xx.o(.text)
    FLASH_IRQHandler                         0x080001bb   Thumb Code     0  startup_stm32f40xx.o(.text)
    FPU_IRQHandler                           0x080001bb   Thumb Code     0  startup_stm32f40xx.o(.text)
    FSMC_IRQHandler                          0x080001bb   Thumb Code     0  startup_stm32f40xx.o(.text)
    HASH_RNG_IRQHandler                      0x080001bb   Thumb Code     0  startup_stm32f40xx.o(.text)
    I2C1_ER_IRQHandler                       0x080001bb   Thumb Code     0  startup_stm32f40xx.o(.text)
    I2C1_EV_IRQHandler                       0x080001bb   Thumb Code     0  startup_stm32f40xx.o(.text)
    I2C2_ER_IRQHandler                       0x080001bb   Thumb Code     0  startup_stm32f40xx.o(.text)
    I2C2_EV_IRQHandler                       0x080001bb   Thumb Code     0  startup_stm32f40xx.o(.text)
    I2C3_ER_IRQHandler                       0x080001bb   Thumb Code     0  startup_stm32f40xx.o(.text)
    I2C3_EV_IRQHandler                       0x080001bb   Thumb Code     0  startup_stm32f40xx.o(.text)
    OTG_FS_IRQHandler                        0x080001bb   Thumb Code     0  startup_stm32f40xx.o(.text)
    OTG_FS_WKUP_IRQHandler                   0x080001bb   Thumb Code     0  startup_stm32f40xx.o(.text)
    OTG_HS_EP1_IN_IRQHandler                 0x080001bb   Thumb Code     0  startup_stm32f40xx.o(.text)
    OTG_HS_EP1_OUT_IRQHandler                0x080001bb   Thumb Code     0  startup_stm32f40xx.o(.text)
    OTG_HS_IRQHandler                        0x080001bb   Thumb Code     0  startup_stm32f40xx.o(.text)
    OTG_HS_WKUP_IRQHandler                   0x080001bb   Thumb Code     0  startup_stm32f40xx.o(.text)
    PVD_IRQHandler                           0x080001bb   Thumb Code     0  startup_stm32f40xx.o(.text)
    RCC_IRQHandler                           0x080001bb   Thumb Code     0  startup_stm32f40xx.o(.text)
    RTC_Alarm_IRQHandler                     0x080001bb   Thumb Code     0  startup_stm32f40xx.o(.text)
    RTC_WKUP_IRQHandler                      0x080001bb   Thumb Code     0  startup_stm32f40xx.o(.text)
    SDIO_IRQHandler                          0x080001bb   Thumb Code     0  startup_stm32f40xx.o(.text)
    SPI1_IRQHandler                          0x080001bb   Thumb Code     0  startup_stm32f40xx.o(.text)
    SPI2_IRQHandler                          0x080001bb   Thumb Code     0  startup_stm32f40xx.o(.text)
    SPI3_IRQHandler                          0x080001bb   Thumb Code     0  startup_stm32f40xx.o(.text)
    TAMP_STAMP_IRQHandler                    0x080001bb   Thumb Code     0  startup_stm32f40xx.o(.text)
    TIM1_BRK_TIM9_IRQHandler                 0x080001bb   Thumb Code     0  startup_stm32f40xx.o(.text)
    TIM1_CC_IRQHandler                       0x080001bb   Thumb Code     0  startup_stm32f40xx.o(.text)
    TIM1_TRG_COM_TIM11_IRQHandler            0x080001bb   Thumb Code     0  startup_stm32f40xx.o(.text)
    TIM1_UP_TIM10_IRQHandler                 0x080001bb   Thumb Code     0  startup_stm32f40xx.o(.text)
    TIM2_IRQHandler                          0x080001bb   Thumb Code     0  startup_stm32f40xx.o(.text)
    TIM3_IRQHandler                          0x080001bb   Thumb Code     0  startup_stm32f40xx.o(.text)
    TIM4_IRQHandler                          0x080001bb   Thumb Code     0  startup_stm32f40xx.o(.text)
    TIM5_IRQHandler                          0x080001bb   Thumb Code     0  startup_stm32f40xx.o(.text)
    TIM6_DAC_IRQHandler                      0x080001bb   Thumb Code     0  startup_stm32f40xx.o(.text)
    TIM7_IRQHandler                          0x080001bb   Thumb Code     0  startup_stm32f40xx.o(.text)
    TIM8_BRK_TIM12_IRQHandler                0x080001bb   Thumb Code     0  startup_stm32f40xx.o(.text)
    TIM8_CC_IRQHandler                       0x080001bb   Thumb Code     0  startup_stm32f40xx.o(.text)
    TIM8_TRG_COM_TIM14_IRQHandler            0x080001bb   Thumb Code     0  startup_stm32f40xx.o(.text)
    TIM8_UP_TIM13_IRQHandler                 0x080001bb   Thumb Code     0  startup_stm32f40xx.o(.text)
    UART4_IRQHandler                         0x080001bb   Thumb Code     0  startup_stm32f40xx.o(.text)
    UART5_IRQHandler                         0x080001bb   Thumb Code     0  startup_stm32f40xx.o(.text)
    USART1_IRQHandler                        0x080001bb   Thumb Code     0  startup_stm32f40xx.o(.text)
    USART2_IRQHandler                        0x080001bb   Thumb Code     0  startup_stm32f40xx.o(.text)
    USART3_IRQHandler                        0x080001bb   Thumb Code     0  startup_stm32f40xx.o(.text)
    USART6_IRQHandler                        0x080001bb   Thumb Code     0  startup_stm32f40xx.o(.text)
    WWDG_IRQHandler                          0x080001bb   Thumb Code     0  startup_stm32f40xx.o(.text)
    __aeabi_memset                           0x080001c5   Thumb Code    14  memseta.o(.text)
    __aeabi_memset4                          0x080001c5   Thumb Code     0  memseta.o(.text)
    __aeabi_memset8                          0x080001c5   Thumb Code     0  memseta.o(.text)
    __aeabi_memclr                           0x080001d3   Thumb Code     4  memseta.o(.text)
    __aeabi_memclr4                          0x080001d3   Thumb Code     0  memseta.o(.text)
    __aeabi_memclr8                          0x080001d3   Thumb Code     0  memseta.o(.text)
    _memset$wrapper                          0x080001d7   Thumb Code    18  memseta.o(.text)
    __aeabi_uldivmod                         0x080001e9   Thumb Code    98  uldiv.o(.text)
    __scatterload                            0x0800024d   Thumb Code    28  init.o(.text)
    __scatterload_rt2                        0x0800024d   Thumb Code     0  init.o(.text)
    __aeabi_llsl                             0x08000271   Thumb Code    30  llshl.o(.text)
    _ll_shift_l                              0x08000271   Thumb Code     0  llshl.o(.text)
    __aeabi_llsr                             0x0800028f   Thumb Code    32  llushr.o(.text)
    _ll_ushift_r                             0x0800028f   Thumb Code     0  llushr.o(.text)
    BusFault_Handler                         0x080002af   Thumb Code     2  stm32f4xx_it.o(i.BusFault_Handler)
    CAN2_RX0_IRQHandler                      0x080002b1   Thumb Code    50  stm32f4xx_it.o(i.CAN2_RX0_IRQHandler)
    CAN_Config                               0x080002f1   Thumb Code    22  bsp_can.o(i.CAN_Config)
    CAN_DeInit                               0x08000309   Thumb Code    52  stm32f4xx_can.o(i.CAN_DeInit)
    CAN_FilterInit                           0x08000341   Thumb Code   202  stm32f4xx_can.o(i.CAN_FilterInit)
    CAN_ITConfig                             0x080004bd   Thumb Code    20  stm32f4xx_can.o(i.CAN_ITConfig)
    CAN_Init                                 0x080004d1   Thumb Code   260  stm32f4xx_can.o(i.CAN_Init)
    CAN_Receive                              0x08000659   Thumb Code   130  stm32f4xx_can.o(i.CAN_Receive)
    CAN_SetMsg                               0x080006dd   Thumb Code    48  bsp_can.o(i.CAN_SetMsg)
    CAN_StructInit                           0x08000715   Thumb Code    32  stm32f4xx_can.o(i.CAN_StructInit)
    CAN_Transmit                             0x08000735   Thumb Code   182  stm32f4xx_can.o(i.CAN_Transmit)
    DebugMon_Handler                         0x080007eb   Thumb Code     2  stm32f4xx_it.o(i.DebugMon_Handler)
    Debug_USART_Config                       0x080007ed   Thumb Code   158  bsp_debug_usart.o(i.Debug_USART_Config)
    Display_CAN_Voltage                      0x080008a9   Thumb Code   236  bsp_ili9341_lcd.o(i.Display_CAN_Voltage)
    FSMC_NORSRAMCmd                          0x08000a39   Thumb Code    30  stm32f4xx_fsmc.o(i.FSMC_NORSRAMCmd)
    FSMC_NORSRAMInit                         0x08000a5d   Thumb Code   222  stm32f4xx_fsmc.o(i.FSMC_NORSRAMInit)
    GPIO_Init                                0x08000b45   Thumb Code   124  stm32f4xx_gpio.o(i.GPIO_Init)
    GPIO_PinAFConfig                         0x08000bc1   Thumb Code    32  stm32f4xx_gpio.o(i.GPIO_PinAFConfig)
    GPIO_ReadInputDataBit                    0x08000be1   Thumb Code    14  stm32f4xx_gpio.o(i.GPIO_ReadInputDataBit)
    GPIO_ResetBits                           0x08000bef   Thumb Code     4  stm32f4xx_gpio.o(i.GPIO_ResetBits)
    GPIO_SetBits                             0x08000bf3   Thumb Code     4  stm32f4xx_gpio.o(i.GPIO_SetBits)
    HardFault_Handler                        0x08000bf7   Thumb Code     2  stm32f4xx_it.o(i.HardFault_Handler)
    ILI9341_BackLed_Control                  0x08000bf9   Thumb Code    22  bsp_ili9341_lcd.o(i.ILI9341_BackLed_Control)
    ILI9341_Clear                            0x08000c15   Thumb Code    30  bsp_ili9341_lcd.o(i.ILI9341_Clear)
    ILI9341_DispChar_EN                      0x08000c4d   Thumb Code   108  bsp_ili9341_lcd.o(i.ILI9341_DispChar_EN)
    ILI9341_DispStringLine_EN                0x08000cbd   Thumb Code    72  bsp_ili9341_lcd.o(i.ILI9341_DispStringLine_EN)
    ILI9341_GramScan                         0x08000f9d   Thumb Code   128  bsp_ili9341_lcd.o(i.ILI9341_GramScan)
    ILI9341_Init                             0x08001021   Thumb Code    36  bsp_ili9341_lcd.o(i.ILI9341_Init)
    ILI9341_OpenWindow                       0x08001049   Thumb Code    56  bsp_ili9341_lcd.o(i.ILI9341_OpenWindow)
    ILI9341_ReadID                           0x0800135d   Thumb Code    74  bsp_ili9341_lcd.o(i.ILI9341_ReadID)
    ILI9341_Rst                              0x080013b5   Thumb Code    44  bsp_ili9341_lcd.o(i.ILI9341_Rst)
    Key_GPIO_Config                          0x080013e5   Thumb Code    48  bsp_key.o(i.Key_GPIO_Config)
    Key_Scan                                 0x0800141d   Thumb Code    38  bsp_key.o(i.Key_Scan)
    LCD_GetFont                              0x08001445   Thumb Code     6  bsp_ili9341_lcd.o(i.LCD_GetFont)
    LCD_SetColors                            0x08001451   Thumb Code     8  bsp_ili9341_lcd.o(i.LCD_SetColors)
    LCD_SetFont                              0x0800145d   Thumb Code     6  bsp_ili9341_lcd.o(i.LCD_SetFont)
    LED_GPIO_Config                          0x08001469   Thumb Code    84  bsp_led.o(i.LED_GPIO_Config)
    MemManage_Handler                        0x080014c1   Thumb Code     2  stm32f4xx_it.o(i.MemManage_Handler)
    NMI_Handler                              0x080014c3   Thumb Code     2  stm32f4xx_it.o(i.NMI_Handler)
    NVIC_Init                                0x080014ed   Thumb Code    98  misc.o(i.NVIC_Init)
    NVIC_PriorityGroupConfig                 0x08001555   Thumb Code    10  misc.o(i.NVIC_PriorityGroupConfig)
    PendSV_Handler                           0x08001569   Thumb Code     2  stm32f4xx_it.o(i.PendSV_Handler)
    RCC_AHB1PeriphClockCmd                   0x0800156d   Thumb Code    22  stm32f4xx_rcc.o(i.RCC_AHB1PeriphClockCmd)
    RCC_AHB3PeriphClockCmd                   0x08001589   Thumb Code    22  stm32f4xx_rcc.o(i.RCC_AHB3PeriphClockCmd)
    RCC_APB1PeriphClockCmd                   0x080015a5   Thumb Code    22  stm32f4xx_rcc.o(i.RCC_APB1PeriphClockCmd)
    RCC_APB1PeriphResetCmd                   0x080015c1   Thumb Code    22  stm32f4xx_rcc.o(i.RCC_APB1PeriphResetCmd)
    RCC_APB2PeriphClockCmd                   0x080015dd   Thumb Code    22  stm32f4xx_rcc.o(i.RCC_APB2PeriphClockCmd)
    RCC_GetClocksFreq                        0x080015f9   Thumb Code   148  stm32f4xx_rcc.o(i.RCC_GetClocksFreq)
    SVC_Handler                              0x0800169d   Thumb Code     2  stm32f4xx_it.o(i.SVC_Handler)
    SysTick_Handler                          0x08001759   Thumb Code     2  stm32f4xx_it.o(i.SysTick_Handler)
    SystemInit                               0x0800175d   Thumb Code    74  system_stm32f4xx.o(i.SystemInit)
    USART_Cmd                                0x080017b9   Thumb Code    24  stm32f4xx_usart.o(i.USART_Cmd)
    USART_GetFlagStatus                      0x080017d1   Thumb Code    14  stm32f4xx_usart.o(i.USART_GetFlagStatus)
    USART_ITConfig                           0x080017df   Thumb Code    54  stm32f4xx_usart.o(i.USART_ITConfig)
    USART_Init                               0x08001815   Thumb Code   180  stm32f4xx_usart.o(i.USART_Init)
    USART_SendData                           0x080018d1   Thumb Code     8  stm32f4xx_usart.o(i.USART_SendData)
    UsageFault_Handler                       0x080018d9   Thumb Code     2  stm32f4xx_it.o(i.UsageFault_Handler)
    __0printf$8                              0x080018dd   Thumb Code    22  printf8.o(i.__0printf$8)
    __1printf$8                              0x080018dd   Thumb Code     0  printf8.o(i.__0printf$8)
    __2printf                                0x080018dd   Thumb Code     0  printf8.o(i.__0printf$8)
    __0snprintf$8                            0x080018fd   Thumb Code    48  printf8.o(i.__0snprintf$8)
    __1snprintf$8                            0x080018fd   Thumb Code     0  printf8.o(i.__0snprintf$8)
    __2snprintf                              0x080018fd   Thumb Code     0  printf8.o(i.__0snprintf$8)
    __scatterload_copy                       0x08001931   Thumb Code    14  handlers.o(i.__scatterload_copy)
    __scatterload_null                       0x0800193f   Thumb Code     2  handlers.o(i.__scatterload_null)
    __scatterload_zeroinit                   0x08001941   Thumb Code    14  handlers.o(i.__scatterload_zeroinit)
    fputc                                    0x08001dbd   Thumb Code    30  bsp_debug_usart.o(i.fputc)
    main                                     0x08001de1   Thumb Code   298  main.o(i.main)
    ASCII8x16_Table                          0x08002048   Data        1520  fonts.o(.constdata)
    ASCII16x24_Table                         0x08002638   Data        4560  fonts.o(.constdata)
    Region$$Table$$Base                      0x080038a4   Number         0  anon$$obj.o(Region$$Table)
    Region$$Table$$Limit                     0x080038c4   Number         0  anon$$obj.o(Region$$Table)
    flag                                     0x20000010   Data           4  main.o(.data)
    Font8x16                                 0x20000014   Data           8  fonts.o(.data)
    Font16x24                                0x2000001c   Data           8  fonts.o(.data)
    LCD_SCAN_MODE                            0x20000024   Data           1  bsp_ili9341_lcd.o(.data)
    LCD_X_LENGTH                             0x20000026   Data           2  bsp_ili9341_lcd.o(.data)
    LCD_Y_LENGTH                             0x20000028   Data           2  bsp_ili9341_lcd.o(.data)
    lcdid                                    0x2000002a   Data           2  bsp_ili9341_lcd.o(.data)
    __stdout                                 0x20000034   Data           4  stdout.o(.data)
    TxMessage                                0x20000038   Data          20  main.o(.bss)
    RxMessage                                0x2000004c   Data          20  main.o(.bss)
    __initial_sp                             0x20000460   Data           0  startup_stm32f40xx.o(STACK)



==============================================================================

Memory Map of the image

  Image Entry point : 0x08000189

  Load Region LR_IROM1 (Base: 0x08000000, Size: 0x000038fc, Max: 0x00100000, ABSOLUTE)

    Execution Region ER_IROM1 (Exec base: 0x08000000, Load base: 0x08000000, Size: 0x000038c4, Max: 0x00100000, ABSOLUTE)

    Exec Addr    Load Addr    Size         Type   Attr      Idx    E Section Name        Object

    0x08000000   0x08000000   0x00000188   Data   RO            3    RESET               startup_stm32f40xx.o
    0x08000188   0x08000188   0x00000000   Code   RO         7029  * .ARM.Collect$$$$00000000  mc_w.l(entry.o)
    0x08000188   0x08000188   0x00000004   Code   RO         7303    .ARM.Collect$$$$00000001  mc_w.l(entry2.o)
    0x0800018c   0x0800018c   0x00000004   Code   RO         7306    .ARM.Collect$$$$00000004  mc_w.l(entry5.o)
    0x08000190   0x08000190   0x00000000   Code   RO         7308    .ARM.Collect$$$$00000008  mc_w.l(entry7b.o)
    0x08000190   0x08000190   0x00000000   Code   RO         7310    .ARM.Collect$$$$0000000A  mc_w.l(entry8b.o)
    0x08000190   0x08000190   0x00000008   Code   RO         7311    .ARM.Collect$$$$0000000B  mc_w.l(entry9a.o)
    0x08000198   0x08000198   0x00000004   Code   RO         7318    .ARM.Collect$$$$0000000E  mc_w.l(entry12b.o)
    0x0800019c   0x0800019c   0x00000000   Code   RO         7313    .ARM.Collect$$$$0000000F  mc_w.l(entry10a.o)
    0x0800019c   0x0800019c   0x00000000   Code   RO         7315    .ARM.Collect$$$$00000011  mc_w.l(entry11a.o)
    0x0800019c   0x0800019c   0x00000004   Code   RO         7304    .ARM.Collect$$$$00002712  mc_w.l(entry2.o)
    0x080001a0   0x080001a0   0x00000024   Code   RO            4    .text               startup_stm32f40xx.o
    0x080001c4   0x080001c4   0x00000024   Code   RO         7036    .text               mc_w.l(memseta.o)
    0x080001e8   0x080001e8   0x00000062   Code   RO         7322    .text               mc_w.l(uldiv.o)
    0x0800024a   0x0800024a   0x00000002   PAD
    0x0800024c   0x0800024c   0x00000024   Code   RO         7335    .text               mc_w.l(init.o)
    0x08000270   0x08000270   0x0000001e   Code   RO         7337    .text               mc_w.l(llshl.o)
    0x0800028e   0x0800028e   0x00000020   Code   RO         7339    .text               mc_w.l(llushr.o)
    0x080002ae   0x080002ae   0x00000002   Code   RO         4824    i.BusFault_Handler  stm32f4xx_it.o
    0x080002b0   0x080002b0   0x00000040   Code   RO         4825    i.CAN2_RX0_IRQHandler  stm32f4xx_it.o
    0x080002f0   0x080002f0   0x00000016   Code   RO         5025    i.CAN_Config        bsp_can.o
    0x08000306   0x08000306   0x00000002   PAD
    0x08000308   0x08000308   0x00000038   Code   RO          457    i.CAN_DeInit        stm32f4xx_can.o
    0x08000340   0x08000340   0x000000d4   Code   RO          459    i.CAN_FilterInit    stm32f4xx_can.o
    0x08000414   0x08000414   0x0000004c   Code   RO         5026    i.CAN_Filter_Config  bsp_can.o
    0x08000460   0x08000460   0x0000005c   Code   RO         5027    i.CAN_GPIO_Config   bsp_can.o
    0x080004bc   0x080004bc   0x00000014   Code   RO          465    i.CAN_ITConfig      stm32f4xx_can.o
    0x080004d0   0x080004d0   0x00000104   Code   RO          466    i.CAN_Init          stm32f4xx_can.o
    0x080005d4   0x080005d4   0x0000005c   Code   RO         5028    i.CAN_Mode_Config   bsp_can.o
    0x08000630   0x08000630   0x00000028   Code   RO         5029    i.CAN_NVIC_Config   bsp_can.o
    0x08000658   0x08000658   0x00000082   Code   RO          469    i.CAN_Receive       stm32f4xx_can.o
    0x080006da   0x080006da   0x00000002   PAD
    0x080006dc   0x080006dc   0x00000038   Code   RO         5030    i.CAN_SetMsg        bsp_can.o
    0x08000714   0x08000714   0x00000020   Code   RO          472    i.CAN_StructInit    stm32f4xx_can.o
    0x08000734   0x08000734   0x000000b6   Code   RO          474    i.CAN_Transmit      stm32f4xx_can.o
    0x080007ea   0x080007ea   0x00000002   Code   RO         4826    i.DebugMon_Handler  stm32f4xx_it.o
    0x080007ec   0x080007ec   0x000000a8   Code   RO         4906    i.Debug_USART_Config  bsp_debug_usart.o
    0x08000894   0x08000894   0x00000012   Code   RO         4765    i.Delay             main.o
    0x080008a6   0x080008a6   0x00000002   PAD
    0x080008a8   0x080008a8   0x00000190   Code   RO         5110    i.Display_CAN_Voltage  bsp_ili9341_lcd.o
    0x08000a38   0x08000a38   0x00000024   Code   RO         1732    i.FSMC_NORSRAMCmd   stm32f4xx_fsmc.o
    0x08000a5c   0x08000a5c   0x000000e8   Code   RO         1734    i.FSMC_NORSRAMInit  stm32f4xx_fsmc.o
    0x08000b44   0x08000b44   0x0000007c   Code   RO         1857    i.GPIO_Init         stm32f4xx_gpio.o
    0x08000bc0   0x08000bc0   0x00000020   Code   RO         1858    i.GPIO_PinAFConfig  stm32f4xx_gpio.o
    0x08000be0   0x08000be0   0x0000000e   Code   RO         1861    i.GPIO_ReadInputDataBit  stm32f4xx_gpio.o
    0x08000bee   0x08000bee   0x00000004   Code   RO         1864    i.GPIO_ResetBits    stm32f4xx_gpio.o
    0x08000bf2   0x08000bf2   0x00000004   Code   RO         1865    i.GPIO_SetBits      stm32f4xx_gpio.o
    0x08000bf6   0x08000bf6   0x00000002   Code   RO         4827    i.HardFault_Handler  stm32f4xx_it.o
    0x08000bf8   0x08000bf8   0x0000001c   Code   RO         5111    i.ILI9341_BackLed_Control  bsp_ili9341_lcd.o
    0x08000c14   0x08000c14   0x00000024   Code   RO         5112    i.ILI9341_Clear     bsp_ili9341_lcd.o
    0x08000c38   0x08000c38   0x00000012   Code   RO         5113    i.ILI9341_Delay     bsp_ili9341_lcd.o
    0x08000c4a   0x08000c4a   0x00000002   PAD
    0x08000c4c   0x08000c4c   0x00000070   Code   RO         5114    i.ILI9341_DispChar_EN  bsp_ili9341_lcd.o
    0x08000cbc   0x08000cbc   0x0000004c   Code   RO         5115    i.ILI9341_DispStringLine_EN  bsp_ili9341_lcd.o
    0x08000d08   0x08000d08   0x00000068   Code   RO         5121    i.ILI9341_FSMC_Config  bsp_ili9341_lcd.o
    0x08000d70   0x08000d70   0x00000018   Code   RO         5122    i.ILI9341_FillColor  bsp_ili9341_lcd.o
    0x08000d88   0x08000d88   0x00000214   Code   RO         5123    i.ILI9341_GPIO_Config  bsp_ili9341_lcd.o
    0x08000f9c   0x08000f9c   0x00000084   Code   RO         5125    i.ILI9341_GramScan  bsp_ili9341_lcd.o
    0x08001020   0x08001020   0x00000028   Code   RO         5126    i.ILI9341_Init      bsp_ili9341_lcd.o
    0x08001048   0x08001048   0x00000038   Code   RO         5127    i.ILI9341_OpenWindow  bsp_ili9341_lcd.o
    0x08001080   0x08001080   0x000002dc   Code   RO         5128    i.ILI9341_REG_Config  bsp_ili9341_lcd.o
    0x0800135c   0x0800135c   0x00000058   Code   RO         5130    i.ILI9341_ReadID    bsp_ili9341_lcd.o
    0x080013b4   0x080013b4   0x00000030   Code   RO         5133    i.ILI9341_Rst       bsp_ili9341_lcd.o
    0x080013e4   0x080013e4   0x00000038   Code   RO         4990    i.Key_GPIO_Config   bsp_key.o
    0x0800141c   0x0800141c   0x00000026   Code   RO         4991    i.Key_Scan          bsp_key.o
    0x08001442   0x08001442   0x00000002   PAD
    0x08001444   0x08001444   0x0000000c   Code   RO         5140    i.LCD_GetFont       bsp_ili9341_lcd.o
    0x08001450   0x08001450   0x0000000c   Code   RO         5142    i.LCD_SetColors     bsp_ili9341_lcd.o
    0x0800145c   0x0800145c   0x0000000c   Code   RO         5143    i.LCD_SetFont       bsp_ili9341_lcd.o
    0x08001468   0x08001468   0x00000058   Code   RO         4965    i.LED_GPIO_Config   bsp_led.o
    0x080014c0   0x080014c0   0x00000002   Code   RO         4828    i.MemManage_Handler  stm32f4xx_it.o
    0x080014c2   0x080014c2   0x00000002   Code   RO         4829    i.NMI_Handler       stm32f4xx_it.o
    0x080014c4   0x080014c4   0x00000026   Code   RO         4907    i.NVIC_Configuration  bsp_debug_usart.o
    0x080014ea   0x080014ea   0x00000002   PAD
    0x080014ec   0x080014ec   0x00000068   Code   RO          155    i.NVIC_Init         misc.o
    0x08001554   0x08001554   0x00000014   Code   RO          156    i.NVIC_PriorityGroupConfig  misc.o
    0x08001568   0x08001568   0x00000002   Code   RO         4830    i.PendSV_Handler    stm32f4xx_it.o
    0x0800156a   0x0800156a   0x00000002   PAD
    0x0800156c   0x0800156c   0x0000001c   Code   RO         2561    i.RCC_AHB1PeriphClockCmd  stm32f4xx_rcc.o
    0x08001588   0x08001588   0x0000001c   Code   RO         2567    i.RCC_AHB3PeriphClockCmd  stm32f4xx_rcc.o
    0x080015a4   0x080015a4   0x0000001c   Code   RO         2570    i.RCC_APB1PeriphClockCmd  stm32f4xx_rcc.o
    0x080015c0   0x080015c0   0x0000001c   Code   RO         2572    i.RCC_APB1PeriphResetCmd  stm32f4xx_rcc.o
    0x080015dc   0x080015dc   0x0000001c   Code   RO         2573    i.RCC_APB2PeriphClockCmd  stm32f4xx_rcc.o
    0x080015f8   0x080015f8   0x000000a4   Code   RO         2582    i.RCC_GetClocksFreq  stm32f4xx_rcc.o
    0x0800169c   0x0800169c   0x00000002   Code   RO         4831    i.SVC_Handler       stm32f4xx_it.o
    0x0800169e   0x0800169e   0x00000002   PAD
    0x080016a0   0x080016a0   0x000000b8   Code   RO           13    i.SetSysClock       system_stm32f4xx.o
    0x08001758   0x08001758   0x00000002   Code   RO         4832    i.SysTick_Handler   stm32f4xx_it.o
    0x0800175a   0x0800175a   0x00000002   PAD
    0x0800175c   0x0800175c   0x0000005c   Code   RO           15    i.SystemInit        system_stm32f4xx.o
    0x080017b8   0x080017b8   0x00000018   Code   RO         4511    i.USART_Cmd         stm32f4xx_usart.o
    0x080017d0   0x080017d0   0x0000000e   Code   RO         4514    i.USART_GetFlagStatus  stm32f4xx_usart.o
    0x080017de   0x080017de   0x00000036   Code   RO         4517    i.USART_ITConfig    stm32f4xx_usart.o
    0x08001814   0x08001814   0x000000bc   Code   RO         4518    i.USART_Init        stm32f4xx_usart.o
    0x080018d0   0x080018d0   0x00000008   Code   RO         4528    i.USART_SendData    stm32f4xx_usart.o
    0x080018d8   0x080018d8   0x00000002   Code   RO         4833    i.UsageFault_Handler  stm32f4xx_it.o
    0x080018da   0x080018da   0x00000002   PAD
    0x080018dc   0x080018dc   0x00000020   Code   RO         7249    i.__0printf$8       mc_w.l(printf8.o)
    0x080018fc   0x080018fc   0x00000034   Code   RO         7250    i.__0snprintf$8     mc_w.l(printf8.o)
    0x08001930   0x08001930   0x0000000e   Code   RO         7347    i.__scatterload_copy  mc_w.l(handlers.o)
    0x0800193e   0x0800193e   0x00000002   Code   RO         7348    i.__scatterload_null  mc_w.l(handlers.o)
    0x08001940   0x08001940   0x0000000e   Code   RO         7349    i.__scatterload_zeroinit  mc_w.l(handlers.o)
    0x0800194e   0x0800194e   0x00000002   PAD
    0x08001950   0x08001950   0x00000404   Code   RO         7256    i._printf_core      mc_w.l(printf8.o)
    0x08001d54   0x08001d54   0x00000024   Code   RO         7257    i._printf_post_padding  mc_w.l(printf8.o)
    0x08001d78   0x08001d78   0x0000002e   Code   RO         7258    i._printf_pre_padding  mc_w.l(printf8.o)
    0x08001da6   0x08001da6   0x00000016   Code   RO         7259    i._snputc           mc_w.l(printf8.o)
    0x08001dbc   0x08001dbc   0x00000024   Code   RO         4912    i.fputc             bsp_debug_usart.o
    0x08001de0   0x08001de0   0x00000268   Code   RO         4766    i.main              main.o
    0x08002048   0x08002048   0x000005f0   Data   RO         5081    .constdata          fonts.o
    0x08002638   0x08002638   0x000011d0   Data   RO         5082    .constdata          fonts.o
    0x08003808   0x08003808   0x0000009a   Data   RO         4768    .conststring        main.o
    0x080038a2   0x080038a2   0x00000002   PAD
    0x080038a4   0x080038a4   0x00000020   Data   RO         7345    Region$$Table       anon$$obj.o


    Execution Region RW_IRAM1 (Exec base: 0x20000000, Load base: 0x080038c4, Size: 0x00000460, Max: 0x00020000, ABSOLUTE)

    Exec Addr    Load Addr    Size         Type   Attr      Idx    E Section Name        Object

    0x20000000   0x080038c4   0x00000010   Data   RW         2614    .data               stm32f4xx_rcc.o
    0x20000010   0x080038d4   0x00000004   Data   RW         4769    .data               main.o
    0x20000014   0x080038d8   0x00000008   Data   RW         5084    .data               fonts.o
    0x2000001c   0x080038e0   0x00000008   Data   RW         5085    .data               fonts.o
    0x20000024   0x080038e8   0x00000010   Data   RW         5145    .data               bsp_ili9341_lcd.o
    0x20000034   0x080038f8   0x00000004   Data   RW         7319    .data               mc_w.l(stdout.o)
    0x20000038        -       0x00000028   Zero   RW         4767    .bss                main.o
    0x20000060        -       0x00000400   Zero   RW            1    STACK               startup_stm32f40xx.o


==============================================================================

Image component sizes


      Code (inc. data)   RO Data    RW Data    ZI Data      Debug   Object Name

       378         24          0          0          0       3474   bsp_can.o
       242         16          0          0          0       1833   bsp_debug_usart.o
      2462        250          0         16          0      25233   bsp_ili9341_lcd.o
        94          8          0          0          0       1473   bsp_key.o
        88          4          0          0          0        582   bsp_led.o
         0          0       6080         16          0       1273   fonts.o
       634        318        154          4         40       3901   main.o
       124         16          0          0          0       1787   misc.o
        36          8        392          0       1024        964   startup_stm32f40xx.o
       892         14          0          0          0       6414   stm32f4xx_can.o
       268         16          0          0          0       2285   stm32f4xx_fsmc.o
       178          0          0          0          0       3923   stm32f4xx_gpio.o
        82         14          0          0          0       4688   stm32f4xx_it.o
       304         46          0         16          0       6553   stm32f4xx_rcc.o
       288          8          0          0          0       4689   stm32f4xx_usart.o
       276         34          0          0          0     290001   system_stm32f4xx.o

    ----------------------------------------------------------------------
      6366        776       6660         52       1064     359073   Object Totals
         0          0         32          0          0          0   (incl. Generated)
        20          0          2          0          0          0   (incl. Padding)

    ----------------------------------------------------------------------

      Code (inc. data)   RO Data    RW Data    ZI Data      Debug   Library Member Name

         0          0          0          0          0          0   entry.o
         0          0          0          0          0          0   entry10a.o
         0          0          0          0          0          0   entry11a.o
         4          0          0          0          0          0   entry12b.o
         8          4          0          0          0          0   entry2.o
         4          0          0          0          0          0   entry5.o
         0          0          0          0          0          0   entry7b.o
         0          0          0          0          0          0   entry8b.o
         8          4          0          0          0          0   entry9a.o
        30          0          0          0          0          0   handlers.o
        36          8          0          0          0         68   init.o
        30          0          0          0          0         68   llshl.o
        32          0          0          0          0         68   llushr.o
        36          0          0          0          0        108   memseta.o
      1216         58          0          0          0        508   printf8.o
         0          0          0          4          0          0   stdout.o
        98          0          0          0          0         92   uldiv.o

    ----------------------------------------------------------------------
      1506         74          0          4          0        912   Library Totals
         4          0          0          0          0          0   (incl. Padding)

    ----------------------------------------------------------------------

      Code (inc. data)   RO Data    RW Data    ZI Data      Debug   Library Name

      1502         74          0          4          0        912   mc_w.l

    ----------------------------------------------------------------------
      1506         74          0          4          0        912   Library Totals

    ----------------------------------------------------------------------

==============================================================================


      Code (inc. data)   RO Data    RW Data    ZI Data      Debug   

      7872        850       6660         56       1064     353273   Grand Totals
      7872        850       6660         56       1064     353273   ELF Image Totals
      7872        850       6660         56          0          0   ROM Totals

==============================================================================

    Total RO  Size (Code + RO Data)                14532 (  14.19kB)
    Total RW  Size (RW Data + ZI Data)              1120 (   1.09kB)
    Total ROM Size (Code + RO Data + RW Data)      14588 (  14.25kB)

==============================================================================

