Component: ARM Compiler 5.06 update 7 (build 960) Tool: armlink [4d3601]

==============================================================================

Section Cross References

    startup_stm32f40xx.o(RESET) refers to startup_stm32f40xx.o(STACK) for __initial_sp
    startup_stm32f40xx.o(RESET) refers to startup_stm32f40xx.o(.text) for Reset_Handler
    startup_stm32f40xx.o(RESET) refers to stm32f4xx_it.o(i.NMI_Handler) for NMI_Handler
    startup_stm32f40xx.o(RESET) refers to stm32f4xx_it.o(i.HardFault_Handler) for HardFault_Handler
    startup_stm32f40xx.o(RESET) refers to stm32f4xx_it.o(i.MemManage_Handler) for MemManage_Handler
    startup_stm32f40xx.o(RESET) refers to stm32f4xx_it.o(i.BusFault_Handler) for BusFault_Handler
    startup_stm32f40xx.o(RESET) refers to stm32f4xx_it.o(i.UsageFault_Handler) for UsageFault_Handler
    startup_stm32f40xx.o(RESET) refers to stm32f4xx_it.o(i.SVC_Handler) for SVC_Handler
    startup_stm32f40xx.o(RESET) refers to stm32f4xx_it.o(i.DebugMon_Handler) for DebugMon_Handler
    startup_stm32f40xx.o(RESET) refers to stm32f4xx_it.o(i.PendSV_Handler) for PendSV_Handler
    startup_stm32f40xx.o(RESET) refers to stm32f4xx_it.o(i.SysTick_Handler) for SysTick_Handler
    startup_stm32f40xx.o(RESET) refers to stm32f4xx_it.o(i.TIM6_DAC_IRQHandler) for TIM6_DAC_IRQHandler
    startup_stm32f40xx.o(RESET) refers to stm32f4xx_it.o(i.CAN2_RX0_IRQHandler) for CAN2_RX0_IRQHandler
    startup_stm32f40xx.o(.text) refers to system_stm32f4xx.o(i.SystemInit) for SystemInit
    startup_stm32f40xx.o(.text) refers to entry.o(.ARM.Collect$$$$00000000) for __main
    system_stm32f4xx.o(i.SystemCoreClockUpdate) refers to system_stm32f4xx.o(.data) for .data
    system_stm32f4xx.o(i.SystemInit) refers to system_stm32f4xx.o(i.SetSysClock) for SetSysClock
    stm32f4xx_adc.o(i.ADC_DeInit) refers to stm32f4xx_rcc.o(i.RCC_APB2PeriphResetCmd) for RCC_APB2PeriphResetCmd
    stm32f4xx_can.o(i.CAN_DeInit) refers to stm32f4xx_rcc.o(i.RCC_APB1PeriphResetCmd) for RCC_APB1PeriphResetCmd
    stm32f4xx_can.o(i.CAN_GetITStatus) refers to stm32f4xx_can.o(i.CheckITStatus) for CheckITStatus
    stm32f4xx_cryp.o(i.CRYP_DeInit) refers to stm32f4xx_rcc.o(i.RCC_AHB2PeriphResetCmd) for RCC_AHB2PeriphResetCmd
    stm32f4xx_cryp_aes.o(i.CRYP_AES_CBC) refers to stm32f4xx_cryp.o(i.CRYP_KeyStructInit) for CRYP_KeyStructInit
    stm32f4xx_cryp_aes.o(i.CRYP_AES_CBC) refers to stm32f4xx_cryp.o(i.CRYP_KeyInit) for CRYP_KeyInit
    stm32f4xx_cryp_aes.o(i.CRYP_AES_CBC) refers to stm32f4xx_cryp.o(i.CRYP_Init) for CRYP_Init
    stm32f4xx_cryp_aes.o(i.CRYP_AES_CBC) refers to stm32f4xx_cryp.o(i.CRYP_IVInit) for CRYP_IVInit
    stm32f4xx_cryp_aes.o(i.CRYP_AES_CBC) refers to stm32f4xx_cryp.o(i.CRYP_FIFOFlush) for CRYP_FIFOFlush
    stm32f4xx_cryp_aes.o(i.CRYP_AES_CBC) refers to stm32f4xx_cryp.o(i.CRYP_Cmd) for CRYP_Cmd
    stm32f4xx_cryp_aes.o(i.CRYP_AES_CBC) refers to stm32f4xx_cryp.o(i.CRYP_GetCmdStatus) for CRYP_GetCmdStatus
    stm32f4xx_cryp_aes.o(i.CRYP_AES_CBC) refers to stm32f4xx_cryp.o(i.CRYP_GetFlagStatus) for CRYP_GetFlagStatus
    stm32f4xx_cryp_aes.o(i.CRYP_AES_CBC) refers to stm32f4xx_cryp.o(i.CRYP_DataIn) for CRYP_DataIn
    stm32f4xx_cryp_aes.o(i.CRYP_AES_CBC) refers to stm32f4xx_cryp.o(i.CRYP_DataOut) for CRYP_DataOut
    stm32f4xx_cryp_aes.o(i.CRYP_AES_CCM) refers to stm32f4xx_cryp.o(i.CRYP_KeyStructInit) for CRYP_KeyStructInit
    stm32f4xx_cryp_aes.o(i.CRYP_AES_CCM) refers to stm32f4xx_cryp.o(i.CRYP_FIFOFlush) for CRYP_FIFOFlush
    stm32f4xx_cryp_aes.o(i.CRYP_AES_CCM) refers to stm32f4xx_cryp.o(i.CRYP_KeyInit) for CRYP_KeyInit
    stm32f4xx_cryp_aes.o(i.CRYP_AES_CCM) refers to stm32f4xx_cryp.o(i.CRYP_IVInit) for CRYP_IVInit
    stm32f4xx_cryp_aes.o(i.CRYP_AES_CCM) refers to stm32f4xx_cryp.o(i.CRYP_Init) for CRYP_Init
    stm32f4xx_cryp_aes.o(i.CRYP_AES_CCM) refers to stm32f4xx_cryp.o(i.CRYP_PhaseConfig) for CRYP_PhaseConfig
    stm32f4xx_cryp_aes.o(i.CRYP_AES_CCM) refers to stm32f4xx_cryp.o(i.CRYP_DataIn) for CRYP_DataIn
    stm32f4xx_cryp_aes.o(i.CRYP_AES_CCM) refers to stm32f4xx_cryp.o(i.CRYP_Cmd) for CRYP_Cmd
    stm32f4xx_cryp_aes.o(i.CRYP_AES_CCM) refers to stm32f4xx_cryp.o(i.CRYP_GetCmdStatus) for CRYP_GetCmdStatus
    stm32f4xx_cryp_aes.o(i.CRYP_AES_CCM) refers to stm32f4xx_cryp.o(i.CRYP_GetFlagStatus) for CRYP_GetFlagStatus
    stm32f4xx_cryp_aes.o(i.CRYP_AES_CCM) refers to stm32f4xx_cryp.o(i.CRYP_DataOut) for CRYP_DataOut
    stm32f4xx_cryp_aes.o(i.CRYP_AES_CTR) refers to stm32f4xx_cryp.o(i.CRYP_KeyStructInit) for CRYP_KeyStructInit
    stm32f4xx_cryp_aes.o(i.CRYP_AES_CTR) refers to stm32f4xx_cryp.o(i.CRYP_KeyInit) for CRYP_KeyInit
    stm32f4xx_cryp_aes.o(i.CRYP_AES_CTR) refers to stm32f4xx_cryp.o(i.CRYP_Init) for CRYP_Init
    stm32f4xx_cryp_aes.o(i.CRYP_AES_CTR) refers to stm32f4xx_cryp.o(i.CRYP_IVInit) for CRYP_IVInit
    stm32f4xx_cryp_aes.o(i.CRYP_AES_CTR) refers to stm32f4xx_cryp.o(i.CRYP_FIFOFlush) for CRYP_FIFOFlush
[...]
    0x0802c160   0x0802c160   0x000001aa   Code   RO         6471    i._OnPaint          STemWin532_CM4_Keil.lib(graph.o)
    0x0802c30a   0x0802c30a   0x000000d8   Code   RO         6519    i._OnPaint          STemWin532_CM4_Keil.lib(graph_data_yt.o)
    0x0802c3e2   0x0802c3e2   0x0000003c   Code   RO         6539    i._OnPaint          STemWin532_CM4_Keil.lib(graph_scale.o)
    0x0802c41e   0x0802c41e   0x000000f0   Code   RO         6540    i._OnPaintHorz      STemWin532_CM4_Keil.lib(graph_scale.o)
    0x0802c50e   0x0802c50e   0x000000dc   Code   RO         6541    i._OnPaintVert      STemWin532_CM4_Keil.lib(graph_scale.o)
    0x0802c5ea   0x0802c5ea   0x00000038   Code   RO         6472    i._OnScrollValueChanged  STemWin532_CM4_Keil.lib(graph.o)
    0x0802c622   0x0802c622   0x00000066   Code   RO         7226    i._OnTimer          STemWin532_CM4_Keil.lib(scrollbar.o)
    0x0802c688   0x0802c688   0x0000020e   Code   RO         7227    i._OnTouch          STemWin532_CM4_Keil.lib(scrollbar.o)
    0x0802c896   0x0802c896   0x0000006a   Code   RO         7254    i._Paint            STemWin532_CM4_Keil.lib(text.o)
    0x0802c900   0x0802c900   0x000000ba   Code   RO         7881    i._Paint            STemWin532_CM4_Keil.lib(scrollbar_skin.o)
    0x0802c9ba   0x0802c9ba   0x00000002   PAD
    0x0802c9bc   0x0802c9bc   0x00000024   Code   RO         6629    i._Paint1           STemWin532_CM4_Keil.lib(wm.o)
    0x0802c9e0   0x0802c9e0   0x0000008c   Code   RO         6630    i._Paint1Trans      STemWin532_CM4_Keil.lib(wm.o)
    0x0802ca6c   0x0802ca6c   0x0000009a   Code   RO         6631    i._PaintTransChildren  STemWin532_CM4_Keil.lib(wm.o)
    0x0802cb06   0x0802cb06   0x00000002   PAD
    0x0802cb08   0x0802cb08   0x00000040   Code   RO         5883    i._PopFreeBlock     STemWin532_CM4_Keil.lib(gui_alloc.o)
    0x0802cb48   0x0802cb48   0x00000028   Code   RO         5884    i._PushFreeBlock    STemWin532_CM4_Keil.lib(gui_alloc.o)
    0x0802cb70   0x0802cb70   0x00000006   Code   RO         6168    i._ReadData         STemWin532_CM4_Keil.lib(guidrv_flexcolor_16bpp_c0b16.o)
    0x0802cb76   0x0802cb76   0x0000000c   Code   RO         6097    i._ReadPixelCust_16bpp  STemWin532_CM4_Keil.lib(guidrv_flexcolor.o)
    0x0802cb82   0x0802cb82   0x0000000c   Code   RO         6098    i._ReadPixelCust_18bpp  STemWin532_CM4_Keil.lib(guidrv_flexcolor.o)
    0x0802cb8e   0x0802cb8e   0x00000028   Code   RO         6183    i._ReadPixel_16bpp_B16_I  STemWin532_CM4_Keil.lib(guidrv_flexcolor_func66709.o)
    0x0802cbb6   0x0802cbb6   0x00000024   Code   RO         6186    i._ReadPixel_16bpp_B8  STemWin532_CM4_Keil.lib(guidrv_flexcolor_func66709.o)
    0x0802cbda   0x0802cbda   0x00000030   Code   RO         6099    i._ReadRectCust_16bpp  STemWin532_CM4_Keil.lib(guidrv_flexcolor.o)
    0x0802cc0a   0x0802cc0a   0x00000030   Code   RO         6100    i._ReadRectCust_18bpp  STemWin532_CM4_Keil.lib(guidrv_flexcolor.o)
    0x0802cc3a   0x0802cc3a   0x0000004c   Code   RO         6187    i._ReadRect_16bpp_B16_I  STemWin532_CM4_Keil.lib(guidrv_flexcolor_func66709.o)
    0x0802cc86   0x0802cc86   0x00000048   Code   RO         6190    i._ReadRect_16bpp_B8  STemWin532_CM4_Keil.lib(guidrv_flexcolor_func66709.o)
    0x0802ccce   0x0802ccce   0x00000002   PAD
    0x0802ccd0   0x0802ccd0   0x00000034   Code   RO         5885    i._RemoveFreeBlock  STemWin532_CM4_Keil.lib(gui_alloc.o)
    0x0802cd04   0x0802cd04   0x0000005c   Code   RO         6903    i._RemoveFromLinList  STemWin532_CM4_Keil.lib(gui_timer.o)
    0x0802cd60   0x0802cd60   0x000000a0   Code   RO         5886    i._RemoveHoles      STemWin532_CM4_Keil.lib(gui_alloc.o)
    0x0802ce00   0x0802ce00   0x00000048   Code   RO         6943    i._RoundHalfUp      STemWin532_CM4_Keil.lib(gui_valf.o)
    0x0802ce48   0x0802ce48   0x00000020   Code   RO         6980    i._SetBkColor       STemWin532_CM4_Keil.lib(lcd.o)
    0x0802ce68   0x0802ce68   0x0000004c   Code   RO         6632    i._SetClipRectUserIntersect  STemWin532_CM4_Keil.lib(wm.o)
    0x0802ceb4   0x0802ceb4   0x00000020   Code   RO         6981    i._SetColor         STemWin532_CM4_Keil.lib(lcd.o)
    0x0802ced4   0x0802ced4   0x00000080   Code   RO         6101    i._SetDevFunc       STemWin532_CM4_Keil.lib(guidrv_flexcolor.o)
    0x0802cf54   0x0802cf54   0x0000002c   Code   RO         6982    i._SetDrawMode      STemWin532_CM4_Keil.lib(lcd.o)
    0x0802cf80   0x0802cf80   0x00000060   Code   RO         7376    i._SetFocusOnNextChild  STemWin532_CM4_Keil.lib(wm_setfocusonnextchild.o)
    0x0802cfe0   0x0802cfe0   0x00000030   Code   RO         6191    i._SetInterface     STemWin532_CM4_Keil.lib(guidrv_flexcolor_func66709.o)
    0x0802d010   0x0802d010   0x00000078   Code   RO         6780    i._SetLineColor     STemWin532_CM4_Keil.lib(gui_drawline.o)
    0x0802d088   0x0802d088   0x00000012   Code   RO         6102    i._SetOrg           STemWin532_CM4_Keil.lib(guidrv_flexcolor.o)
    0x0802d09a   0x0802d09a   0x0000000e   Code   RO         7138    i._SetOrg           STemWin532_CM4_Keil.lib(guidev_16.o)
    0x0802d0a8   0x0802d0a8   0x00000008   Code   RO         7793    i._SetOrg           STemWin532_CM4_Keil.lib(guidev_32.o)
    0x0802d0b0   0x0802d0b0   0x00000038   Code   RO         6192    i._SetOrientation   STemWin532_CM4_Keil.lib(guidrv_flexcolor_func66709.o)
    0x0802d0e8   0x0802d0e8   0x000000a8   Code   RO         6193    i._SetPhysRAMAddr   STemWin532_CM4_Keil.lib(guidrv_flexcolor_func66709.o)
    0x0802d190   0x0802d190   0x0000000e   Code   RO         6103    i._SetPixelIndex    STemWin532_CM4_Keil.lib(guidrv_flexcolor.o)
    0x0802d19e   0x0802d19e   0x00000002   PAD
    0x0802d1a0   0x0802d1a0   0x00000048   Code   RO         7139    i._SetPixelIndex    STemWin532_CM4_Keil.lib(guidev_16.o)
    0x0802d1e8   0x0802d1e8   0x00000048   Code   RO         7794    i._SetPixelIndex    STemWin532_CM4_Keil.lib(guidev_32.o)
    0x0802d230   0x0802d230   0x000000b4   Code   RO         6194    i._SetRect          STemWin532_CM4_Keil.lib(guidrv_flexcolor_func66709.o)
    0x0802d2e4   0x0802d2e4   0x00000008   Code   RO         6195    i._SetReg_B16       STemWin532_CM4_Keil.lib(guidrv_flexcolor_func66709.o)
    0x0802d2ec   0x0802d2ec   0x0000001a   Code   RO         6196    i._SetReg_B8        STemWin532_CM4_Keil.lib(guidrv_flexcolor_func66709.o)
    0x0802d306   0x0802d306   0x0000004c   Code   RO         7388    i._SetScrollbar     STemWin532_CM4_Keil.lib(wm_setscrollbar.o)
    0x0802d352   0x0802d352   0x00000002   PAD
    0x0802d354   0x0802d354   0x000000ea   Code   RO         5887    i._TestRAM          STemWin532_CM4_Keil.lib(gui_alloc.o)
    0x0802d43e   0x0802d43e   0x00000002   PAD
    0x0802d440   0x0802d440   0x00000050   Code   RO         6904    i._Unlink           STemWin532_CM4_Keil.lib(gui_timer.o)
    0x0802d490   0x0802d490   0x00000028   Code   RO         8024    i._WrapGetNumCharsDisp  STemWin532_CM4_Keil.lib(gui__wrap.o)
    0x0802d4b8   0x0802d4b8   0x0000000a   Code   RO         6169    i._WriteData        STemWin532_CM4_Keil.lib(guidrv_flexcolor_16bpp_c0b16.o)
    0x0802d4c2   0x0802d4c2   0x00000008   Code   RO         6197    i._WritePara_B16    STemWin532_CM4_Keil.lib(guidrv_flexcolor_func66709.o)
    0x0802d4ca   0x0802d4ca   0x0000000a   Code   RO         6198    i._WritePara_B8     STemWin532_CM4_Keil.lib(guidrv_flexcolor_func66709.o)
    0x0802d4d4   0x0802d4d4   0x0000000e   Code   RO         5888    i._WriteTagData     STemWin532_CM4_Keil.lib(gui_alloc.o)
    0x0802d4e2   0x0802d4e2   0x00000002   PAD
    0x0802d4e4   0x0802d4e4   0x00000340   Code   RO         7865    i._WriteToActiveOpaque_8  STemWin532_CM4_Keil.lib(guidev_writetoactiveopaque.o)
    0x0802d824   0x0802d824   0x00000344   Code   RO         7866    i._WriteToActiveOpaque_HT  STemWin532_CM4_Keil.lib(guidev_writetoactiveopaque.o)
    0x0802db68   0x0802db68   0x0000003c   Code   RO         7140    i._XY2PTR           STemWin532_CM4_Keil.lib(guidev_16.o)
    0x0802dba4   0x0802dba4   0x0000003c   Code   RO         7795    i._XY2PTR           STemWin532_CM4_Keil.lib(guidev_32.o)
    0x0802dbe0   0x0802dbe0   0x00000024   Code   RO         6104    i._XorPixel         STemWin532_CM4_Keil.lib(guidrv_flexcolor.o)
    0x0802dc04   0x0802dc04   0x00000054   Code   RO         7141    i._XorPixel         STemWin532_CM4_Keil.lib(guidev_16.o)
    0x0802dc58   0x0802dc58   0x00000058   Code   RO         7796    i._XorPixel         STemWin532_CM4_Keil.lib(guidev_32.o)
    0x0802dcb0   0x0802dcb0   0x00000020   Code   RO         8642    i.__0printf         mc_w.l(printfa.o)
    0x0802dcd0   0x0802dcd0   0x00000028   Code   RO         8644    i.__0sprintf        mc_w.l(printfa.o)
    0x0802dcf8   0x0802dcf8   0x00000118   Code   RO         8380    i.__hardfp_ceil     m_wm.l(ceil.o)
    0x0802de10   0x0802de10   0x00000118   Code   RO         8386    i.__hardfp_floor    m_wm.l(floor.o)
    0x0802df28   0x0802df28   0x0000000e   Code   RO         8720    i.__scatterload_copy  mc_w.l(handlers.o)
    0x0802df36   0x0802df36   0x00000002   Code   RO         8721    i.__scatterload_null  mc_w.l(handlers.o)
    0x0802df38   0x0802df38   0x0000000e   Code   RO         8722    i.__scatterload_zeroinit  mc_w.l(handlers.o)
    0x0802df46   0x0802df46   0x00000002   PAD
    0x0802df48   0x0802df48   0x00000084   Code   RO         6781    i._atan2            STemWin532_CM4_Keil.lib(gui_drawline.o)
    0x0802dfcc   0x0802dfcc   0x00000050   Code   RO         6633    i._cbBackWin        STemWin532_CM4_Keil.lib(wm.o)
    0x0802e01c   0x0802e01c   0x00000064   Code   RO         5784    i._cbDialog         start.o
    0x0802e080   0x0802e080   0x000000a4   Code   RO         5812    i._cbDialog         voltage.o
    0x0802e124   0x0802e124   0x00000004   Code   RO         7942    i._cbInvalidateOne  STemWin532_CM4_Keil.lib(wm_bringtotop.o)
    0x0802e128   0x0802e128   0x00000044   Code   RO         6634    i._cbPaintMemDev    STemWin532_CM4_Keil.lib(wm.o)
    0x0802e16c   0x0802e16c   0x0000002c   Code   RO         6705    i._cbTimer          STemWin532_CM4_Keil.lib(wm_timer.o)
    0x0802e198   0x0802e198   0x00000184   Code   RO         8649    i._fp_digits        mc_w.l(printfa.o)
    0x0802e31c   0x0802e31c   0x000006b4   Code   RO         8650    i._printf_core      mc_w.l(printfa.o)
    0x0802e9d0   0x0802e9d0   0x00000024   Code   RO         8651    i._printf_post_padding  mc_w.l(printfa.o)
    0x0802e9f4   0x0802e9f4   0x0000002e   Code   RO         8652    i._printf_pre_padding  mc_w.l(printfa.o)
    0x0802ea22   0x0802ea22   0x0000000a   Code   RO         8654    i._sputc            mc_w.l(printfa.o)
    0x0802ea2c   0x0802ea2c   0x0000008a   Code   RO         6983    i.emWin_LCD_Init    STemWin532_CM4_Keil.lib(lcd.o)
    0x0802eab6   0x0802eab6   0x00000002   PAD
    0x0802eab8   0x0802eab8   0x00000024   Code   RO         5174    i.fputc             bsp_debug_usart.o
    0x0802eadc   0x0802eadc   0x00000164   Code   RO         4767    i.main              main.o
    0x0802ec40   0x0802ec40   0x000005f0   Data   RO         5357    .constdata          fonts.o
    0x0802f230   0x0802f230   0x00000038   Data   RO         5785    .constdata          start.o
    0x0802f268   0x0802f268   0x000000e0   Data   RO         5814    .constdata          voltage.o
    0x0802f348   0x0802f348   0x00000008   Data   RO         5940    .constdata          STemWin532_CM4_Keil.lib(gui_core.o)
    0x0802f350   0x0802f350   0x00000018   Data   RO         5994    .constdata          STemWin532_CM4_Keil.lib(guicc_m565.o)
    0x0802f368   0x0802f368   0x00000034   Data   RO         6105    .constdata          STemWin532_CM4_Keil.lib(guidrv_flexcolor.o)
    0x0802f39c   0x0802f39c   0x00000040   Data   RO         6106    .constdata          STemWin532_CM4_Keil.lib(guidrv_flexcolor.o)
    0x0802f3dc   0x0802f3dc   0x00000518   Data   RO         6220    .constdata          STemWin532_CM4_Keil.lib(f6x8.o)
    0x0802f8f4   0x0802f8f4   0x000001c0   Data   RO         6221    .constdata          STemWin532_CM4_Keil.lib(f6x8.o)
    0x0802fab4   0x0802fab4   0x00000008   Data   RO         6222    .constdata          STemWin532_CM4_Keil.lib(f6x8.o)
    0x0802fabc   0x0802fabc   0x00000014   Data   RO         6223    .constdata          STemWin532_CM4_Keil.lib(f6x8.o)
    0x0802fad0   0x0802fad0   0x00000024   Data   RO         6224    .constdata          STemWin532_CM4_Keil.lib(f6x8.o)
    0x0802faf4   0x0802faf4   0x0000000d   Data   RO         6226    .constdata          STemWin532_CM4_Keil.lib(f13b_ascii.o)
    0x0802fb01   0x0802fb01   0x0000000d   Data   RO         6227    .constdata          STemWin532_CM4_Keil.lib(f13b_ascii.o)
    0x0802fb0e   0x0802fb0e   0x0000000d   Data   RO         6228    .constdata          STemWin532_CM4_Keil.lib(f13b_ascii.o)
    0x0802fb1b   0x0802fb1b   0x0000001a   Data   RO         6229    .constdata          STemWin532_CM4_Keil.lib(f13b_ascii.o)
    0x0802fb35   0x0802fb35   0x0000000d   Data   RO         6230    .constdata          STemWin532_CM4_Keil.lib(f13b_ascii.o)
    0x0802fb42   0x0802fb42   0x0000001a   Data   RO         6231    .constdata          STemWin532_CM4_Keil.lib(f13b_ascii.o)
    0x0802fb5c   0x0802fb5c   0x0000001a   Data   RO         6232    .constdata          STemWin532_CM4_Keil.lib(f13b_ascii.o)
    0x0802fb76   0x0802fb76   0x0000000d   Data   RO         6233    .constdata          STemWin532_CM4_Keil.lib(f13b_ascii.o)
    0x0802fb83   0x0802fb83   0x0000000d   Data   RO         6234    .constdata          STemWin532_CM4_Keil.lib(f13b_ascii.o)
    0x0802fb90   0x0802fb90   0x0000000d   Data   RO         6235    .constdata          STemWin532_CM4_Keil.lib(f13b_ascii.o)
    0x0802fb9d   0x0802fb9d   0x0000000d   Data   RO         6236    .constdata          STemWin532_CM4_Keil.lib(f13b_ascii.o)
    0x0802fbaa   0x0802fbaa   0x0000001a   Data   RO         6237    .constdata          STemWin532_CM4_Keil.lib(f13b_ascii.o)
    0x0802fbc4   0x0802fbc4   0x0000000d   Data   RO         6238    .constdata          STemWin532_CM4_Keil.lib(f13b_ascii.o)
    0x0802fbd1   0x0802fbd1   0x0000000d   Data   RO         6239    .constdata          STemWin532_CM4_Keil.lib(f13b_ascii.o)
    0x0802fbde   0x0802fbde   0x0000000d   Data   RO         6240    .constdata          STemWin532_CM4_Keil.lib(f13b_ascii.o)
    0x0802fbeb   0x0802fbeb   0x0000000d   Data   RO         6241    .constdata          STemWin532_CM4_Keil.lib(f13b_ascii.o)
    0x0802fbf8   0x0802fbf8   0x0000000d   Data   RO         6242    .constdata          STemWin532_CM4_Keil.lib(f13b_ascii.o)
    0x0802fc05   0x0802fc05   0x0000000d   Data   RO         6243    .constdata          STemWin532_CM4_Keil.lib(f13b_ascii.o)
    0x0802fc12   0x0802fc12   0x0000000d   Data   RO         6244    .constdata          STemWin532_CM4_Keil.lib(f13b_ascii.o)
    0x0802fc1f   0x0802fc1f   0x0000000d   Data   RO         6245    .constdata          STemWin532_CM4_Keil.lib(f13b_ascii.o)
    0x0802fc2c   0x0802fc2c   0x0000000d   Data   RO         6246    .constdata          STemWin532_CM4_Keil.lib(f13b_ascii.o)
    0x0802fc39   0x0802fc39   0x0000000d   Data   RO         6247    .constdata          STemWin532_CM4_Keil.lib(f13b_ascii.o)
    0x0802fc46   0x0802fc46   0x0000000d   Data   RO         6248    .constdata          STemWin532_CM4_Keil.lib(f13b_ascii.o)
    0x0802fc53   0x0802fc53   0x0000000d   Data   RO         6249    .constdata          STemWin532_CM4_Keil.lib(f13b_ascii.o)
    0x0802fc60   0x0802fc60   0x0000000d   Data   RO         6250    .constdata          STemWin532_CM4_Keil.lib(f13b_ascii.o)
    0x0802fc6d   0x0802fc6d   0x0000000d   Data   RO         6251    .constdata          STemWin532_CM4_Keil.lib(f13b_ascii.o)
    0x0802fc7a   0x0802fc7a   0x0000000d   Data   RO         6252    .constdata          STemWin532_CM4_Keil.lib(f13b_ascii.o)
    0x0802fc87   0x0802fc87   0x0000000d   Data   RO         6253    .constdata          STemWin532_CM4_Keil.lib(f13b_ascii.o)
    0x0802fc94   0x0802fc94   0x0000001a   Data   RO         6254    .constdata          STemWin532_CM4_Keil.lib(f13b_ascii.o)
    0x0802fcae   0x0802fcae   0x0000001a   Data   RO         6255    .constdata          STemWin532_CM4_Keil.lib(f13b_ascii.o)
    0x0802fcc8   0x0802fcc8   0x0000001a   Data   RO         6256    .constdata          STemWin532_CM4_Keil.lib(f13b_ascii.o)
    0x0802fce2   0x0802fce2   0x0000000d   Data   RO         6257    .constdata          STemWin532_CM4_Keil.lib(f13b_ascii.o)
    0x0802fcef   0x0802fcef   0x0000001a   Data   RO         6258    .constdata          STemWin532_CM4_Keil.lib(f13b_ascii.o)
    0x0802fd09   0x0802fd09   0x0000000d   Data   RO         6259    .constdata          STemWin532_CM4_Keil.lib(f13b_ascii.o)
    0x0802fd16   0x0802fd16   0x0000000d   Data   RO         6260    .constdata          STemWin532_CM4_Keil.lib(f13b_ascii.o)
    0x0802fd23   0x0802fd23   0x0000000d   Data   RO         6261    .constdata          STemWin532_CM4_Keil.lib(f13b_ascii.o)
    0x0802fd30   0x0802fd30   0x0000000d   Data   RO         6262    .constdata          STemWin532_CM4_Keil.lib(f13b_ascii.o)
    0x0802fd3d   0x0802fd3d   0x0000000d   Data   RO         6263    .constdata          STemWin532_CM4_Keil.lib(f13b_ascii.o)
    0x0802fd4a   0x0802fd4a   0x0000000d   Data   RO         6264    .constdata          STemWin532_CM4_Keil.lib(f13b_ascii.o)
    0x0802fd57   0x0802fd57   0x0000000d   Data   RO         6265    .constdata          STemWin532_CM4_Keil.lib(f13b_ascii.o)
    0x0802fd64   0x0802fd64   0x0000000d   Data   RO         6266    .constdata          STemWin532_CM4_Keil.lib(f13b_ascii.o)
    0x0802fd71   0x0802fd71   0x0000000d   Data   RO         6267    .constdata          STemWin532_CM4_Keil.lib(f13b_ascii.o)
    0x0802fd7e   0x0802fd7e   0x0000000d   Data   RO         6268    .constdata          STemWin532_CM4_Keil.lib(f13b_ascii.o)
    0x0802fd8b   0x0802fd8b   0x0000000d   Data   RO         6269    .constdata          STemWin532_CM4_Keil.lib(f13b_ascii.o)
    0x0802fd98   0x0802fd98   0x0000000d   Data   RO         6270    .constdata          STemWin532_CM4_Keil.lib(f13b_ascii.o)
    0x0802fda5   0x0802fda5   0x0000001a   Data   RO         6271    .constdata          STemWin532_CM4_Keil.lib(f13b_ascii.o)
    0x0802fdbf   0x0802fdbf   0x0000000d   Data   RO         6272    .constdata          STemWin532_CM4_Keil.lib(f13b_ascii.o)
    0x0802fdcc   0x0802fdcc   0x0000000d   Data   RO         6273    .constdata          STemWin532_CM4_Keil.lib(f13b_ascii.o)
    0x0802fdd9   0x0802fdd9   0x0000000d   Data   RO         6274    .constdata          STemWin532_CM4_Keil.lib(f13b_ascii.o)
    0x0802fde6   0x0802fde6   0x0000000d   Data   RO         6275    .constdata          STemWin532_CM4_Keil.lib(f13b_ascii.o)
    0x0802fdf3   0x0802fdf3   0x0000000d   Data   RO         6276    .constdata          STemWin532_CM4_Keil.lib(f13b_ascii.o)
    0x0802fe00   0x0802fe00   0x0000000d   Data   RO         6277    .constdata          STemWin532_CM4_Keil.lib(f13b_ascii.o)
    0x0802fe0d   0x0802fe0d   0x0000000d   Data   RO         6278    .constdata          STemWin532_CM4_Keil.lib(f13b_ascii.o)
    0x0802fe1a   0x0802fe1a   0x0000000d   Data   RO         6279    .constdata          STemWin532_CM4_Keil.lib(f13b_ascii.o)
    0x0802fe27   0x0802fe27   0x0000000d   Data   RO         6280    .constdata          STemWin532_CM4_Keil.lib(f13b_ascii.o)
    0x0802fe34   0x0802fe34   0x0000001a   Data   RO         6281    .constdata          STemWin532_CM4_Keil.lib(f13b_ascii.o)
    0x0802fe4e   0x0802fe4e   0x0000000d   Data   RO         6282    .constdata          STemWin532_CM4_Keil.lib(f13b_ascii.o)
    0x0802fe5b   0x0802fe5b   0x0000000d   Data   RO         6283    .constdata          STemWin532_CM4_Keil.lib(f13b_ascii.o)
    0x0802fe68   0x0802fe68   0x0000000d   Data   RO         6284    .constdata          STemWin532_CM4_Keil.lib(f13b_ascii.o)
    0x0802fe75   0x0802fe75   0x0000000d   Data   RO         6285    .constdata          STemWin532_CM4_Keil.lib(f13b_ascii.o)
    0x0802fe82   0x0802fe82   0x0000000d   Data   RO         6286    .constdata          STemWin532_CM4_Keil.lib(f13b_ascii.o)
    0x0802fe8f   0x0802fe8f   0x0000000d   Data   RO         6287    .constdata          STemWin532_CM4_Keil.lib(f13b_ascii.o)
    0x0802fe9c   0x0802fe9c   0x0000001a   Data   RO         6288    .constdata          STemWin532_CM4_Keil.lib(f13b_ascii.o)
    0x0802feb6   0x0802feb6   0x0000000d   Data   RO         6289    .constdata          STemWin532_CM4_Keil.lib(f13b_ascii.o)
    0x0802fec3   0x0802fec3   0x0000000d   Data   RO         6290    .constdata          STemWin532_CM4_Keil.lib(f13b_ascii.o)
    0x0802fed0   0x0802fed0   0x0000000d   Data   RO         6291    .constdata          STemWin532_CM4_Keil.lib(f13b_ascii.o)
    0x0802fedd   0x0802fedd   0x0000000d   Data   RO         6292    .constdata          STemWin532_CM4_Keil.lib(f13b_ascii.o)
    0x0802feea   0x0802feea   0x0000000d   Data   RO         6293    .constdata          STemWin532_CM4_Keil.lib(f13b_ascii.o)
    0x0802fef7   0x0802fef7   0x0000000d   Data   RO         6294    .constdata          STemWin532_CM4_Keil.lib(f13b_ascii.o)
    0x0802ff04   0x0802ff04   0x0000000d   Data   RO         6295    .constdata          STemWin532_CM4_Keil.lib(f13b_ascii.o)
    0x0802ff11   0x0802ff11   0x0000000d   Data   RO         6296    .constdata          STemWin532_CM4_Keil.lib(f13b_ascii.o)
    0x0802ff1e   0x0802ff1e   0x0000000d   Data   RO         6297    .constdata          STemWin532_CM4_Keil.lib(f13b_ascii.o)
    0x0802ff2b   0x0802ff2b   0x0000000d   Data   RO         6298    .constdata          STemWin532_CM4_Keil.lib(f13b_ascii.o)
    0x0802ff38   0x0802ff38   0x0000000d   Data   RO         6299    .constdata          STemWin532_CM4_Keil.lib(f13b_ascii.o)
    0x0802ff45   0x0802ff45   0x0000000d   Data   RO         6300    .constdata          STemWin532_CM4_Keil.lib(f13b_ascii.o)
    0x0802ff52   0x0802ff52   0x0000000d   Data   RO         6301    .constdata          STemWin532_CM4_Keil.lib(f13b_ascii.o)
    0x0802ff5f   0x0802ff5f   0x0000000d   Data   RO         6302    .constdata          STemWin532_CM4_Keil.lib(f13b_ascii.o)
    0x0802ff6c   0x0802ff6c   0x0000001a   Data   RO         6303    .constdata          STemWin532_CM4_Keil.lib(f13b_ascii.o)
    0x0802ff86   0x0802ff86   0x0000000d   Data   RO         6304    .constdata          STemWin532_CM4_Keil.lib(f13b_ascii.o)
    0x0802ff93   0x0802ff93   0x0000000d   Data   RO         6305    .constdata          STemWin532_CM4_Keil.lib(f13b_ascii.o)
    0x0802ffa0   0x0802ffa0   0x0000000d   Data   RO         6306    .constdata          STemWin532_CM4_Keil.lib(f13b_ascii.o)
    0x0802ffad   0x0802ffad   0x0000000d   Data   RO         6307    .constdata          STemWin532_CM4_Keil.lib(f13b_ascii.o)
    0x0802ffba   0x0802ffba   0x0000000d   Data   RO         6308    .constdata          STemWin532_CM4_Keil.lib(f13b_ascii.o)
    0x0802ffc7   0x0802ffc7   0x0000000d   Data   RO         6309    .constdata          STemWin532_CM4_Keil.lib(f13b_ascii.o)
    0x0802ffd4   0x0802ffd4   0x0000000d   Data   RO         6310    .constdata          STemWin532_CM4_Keil.lib(f13b_ascii.o)
    0x0802ffe1   0x0802ffe1   0x0000000d   Data   RO         6311    .constdata          STemWin532_CM4_Keil.lib(f13b_ascii.o)
    0x0802ffee   0x0802ffee   0x0000000d   Data   RO         6312    .constdata          STemWin532_CM4_Keil.lib(f13b_ascii.o)
    0x0802fffb   0x0802fffb   0x0000001a   Data   RO         6313    .constdata          STemWin532_CM4_Keil.lib(f13b_ascii.o)
    0x08030015   0x08030015   0x0000000d   Data   RO         6314    .constdata          STemWin532_CM4_Keil.lib(f13b_ascii.o)
    0x08030022   0x08030022   0x0000000d   Data   RO         6315    .constdata          STemWin532_CM4_Keil.lib(f13b_ascii.o)
    0x0803002f   0x0803002f   0x0000000d   Data   RO         6316    .constdata          STemWin532_CM4_Keil.lib(f13b_ascii.o)
    0x0803003c   0x0803003c   0x0000000d   Data   RO         6317    .constdata          STemWin532_CM4_Keil.lib(f13b_ascii.o)
    0x08030049   0x08030049   0x0000000d   Data   RO         6318    .constdata          STemWin532_CM4_Keil.lib(f13b_ascii.o)
    0x08030056   0x08030056   0x0000000d   Data   RO         6319    .constdata          STemWin532_CM4_Keil.lib(f13b_ascii.o)
    0x08030063   0x08030063   0x0000001a   Data   RO         6320    .constdata          STemWin532_CM4_Keil.lib(f13b_ascii.o)
    0x0803007d   0x0803007d   0x00000003   PAD
    0x08030080   0x08030080   0x000002f8   Data   RO         6321    .constdata          STemWin532_CM4_Keil.lib(f13b_ascii.o)
    0x08030378   0x08030378   0x0000000c   Data   RO         6322    .constdata          STemWin532_CM4_Keil.lib(f13b_ascii.o)
    0x08030384   0x08030384   0x00000024   Data   RO         6323    .constdata          STemWin532_CM4_Keil.lib(f13b_ascii.o)
    0x080303a8   0x080303a8   0x00000018   Data   RO         6324    .constdata          STemWin532_CM4_Keil.lib(f24_ascii.o)
    0x080303c0   0x080303c0   0x00000018   Data   RO         6325    .constdata          STemWin532_CM4_Keil.lib(f24_ascii.o)
    0x080303d8   0x080303d8   0x00000018   Data   RO         6326    .constdata          STemWin532_CM4_Keil.lib(f24_ascii.o)
    0x080303f0   0x080303f0   0x00000030   Data   RO         6327    .constdata          STemWin532_CM4_Keil.lib(f24_ascii.o)
    0x08030420   0x08030420   0x00000030   Data   RO         6328    .constdata          STemWin532_CM4_Keil.lib(f24_ascii.o)
    0x08030450   0x08030450   0x00000048   Data   RO         6329    .constdata          STemWin532_CM4_Keil.lib(f24_ascii.o)
    0x08030498   0x08030498   0x00000030   Data   RO         6330    .constdata          STemWin532_CM4_Keil.lib(f24_ascii.o)
    0x080304c8   0x080304c8   0x00000018   Data   RO         6331    .constdata          STemWin532_CM4_Keil.lib(f24_ascii.o)
    0x080304e0   0x080304e0   0x00000018   Data   RO         6332    .constdata          STemWin532_CM4_Keil.lib(f24_ascii.o)
    0x080304f8   0x080304f8   0x00000018   Data   RO         6333    .constdata          STemWin532_CM4_Keil.lib(f24_ascii.o)
    0x08030510   0x08030510   0x00000018   Data   RO         6334    .constdata          STemWin532_CM4_Keil.lib(f24_ascii.o)
    0x08030528   0x08030528   0x00000030   Data   RO         6335    .constdata          STemWin532_CM4_Keil.lib(f24_ascii.o)
    0x08030558   0x08030558   0x00000018   Data   RO         6336    .constdata          STemWin532_CM4_Keil.lib(f24_ascii.o)
    0x08030570   0x08030570   0x00000018   Data   RO         6337    .constdata          STemWin532_CM4_Keil.lib(f24_ascii.o)
    0x08030588   0x08030588   0x00000018   Data   RO         6338    .constdata          STemWin532_CM4_Keil.lib(f24_ascii.o)
    0x080305a0   0x080305a0   0x00000018   Data   RO         6339    .constdata          STemWin532_CM4_Keil.lib(f24_ascii.o)
    0x080305b8   0x080305b8   0x00000030   Data   RO         6340    .constdata          STemWin532_CM4_Keil.lib(f24_ascii.o)
    0x080305e8   0x080305e8   0x00000030   Data   RO         6341    .constdata          STemWin532_CM4_Keil.lib(f24_ascii.o)
    0x08030618   0x08030618   0x00000030   Data   RO         6342    .constdata          STemWin532_CM4_Keil.lib(f24_ascii.o)
    0x08030648   0x08030648   0x00000030   Data   RO         6343    .constdata          STemWin532_CM4_Keil.lib(f24_ascii.o)
    0x08030678   0x08030678   0x00000030   Data   RO         6344    .constdata          STemWin532_CM4_Keil.lib(f24_ascii.o)
    0x080306a8   0x080306a8   0x00000030   Data   RO         6345    .constdata          STemWin532_CM4_Keil.lib(f24_ascii.o)
    0x080306d8   0x080306d8   0x00000030   Data   RO         6346    .constdata          STemWin532_CM4_Keil.lib(f24_ascii.o)
    0x08030708   0x08030708   0x00000030   Data   RO         6347    .constdata          STemWin532_CM4_Keil.lib(f24_ascii.o)
    0x08030738   0x08030738   0x00000030   Data   RO         6348    .constdata          STemWin532_CM4_Keil.lib(f24_ascii.o)
    0x08030768   0x08030768   0x00000030   Data   RO         6349    .constdata          STemWin532_CM4_Keil.lib(f24_ascii.o)
    0x08030798   0x08030798   0x00000018   Data   RO         6350    .constdata          STemWin532_CM4_Keil.lib(f24_ascii.o)
    0x080307b0   0x080307b0   0x00000018   Data   RO         6351    .constdata          STemWin532_CM4_Keil.lib(f24_ascii.o)
    0x080307c8   0x080307c8   0x00000030   Data   RO         6352    .constdata          STemWin532_CM4_Keil.lib(f24_ascii.o)
    0x080307f8   0x080307f8   0x00000030   Data   RO         6353    .constdata          STemWin532_CM4_Keil.lib(f24_ascii.o)
    0x08030828   0x08030828   0x00000030   Data   RO         6354    .constdata          STemWin532_CM4_Keil.lib(f24_ascii.o)
    0x08030858   0x08030858   0x00000030   Data   RO         6355    .constdata          STemWin532_CM4_Keil.lib(f24_ascii.o)
    0x08030888   0x08030888   0x00000048   Data   RO         6356    .constdata          STemWin532_CM4_Keil.lib(f24_ascii.o)
    0x080308d0   0x080308d0   0x00000030   Data   RO         6357    .constdata          STemWin532_CM4_Keil.lib(f24_ascii.o)
    0x08030900   0x08030900   0x00000030   Data   RO         6358    .constdata          STemWin532_CM4_Keil.lib(f24_ascii.o)
    0x08030930   0x08030930   0x00000030   Data   RO         6359    .constdata          STemWin532_CM4_Keil.lib(f24_ascii.o)
    0x08030960   0x08030960   0x00000030   Data   RO         6360    .constdata          STemWin532_CM4_Keil.lib(f24_ascii.o)
    0x08030990   0x08030990   0x00000030   Data   RO         6361    .constdata          STemWin532_CM4_Keil.lib(f24_ascii.o)
    0x080309c0   0x080309c0   0x00000030   Data   RO         6362    .constdata          STemWin532_CM4_Keil.lib(f24_ascii.o)
    0x080309f0   0x080309f0   0x00000030   Data   RO         6363    .constdata          STemWin532_CM4_Keil.lib(f24_ascii.o)
    0x08030a20   0x08030a20   0x00000030   Data   RO         6364    .constdata          STemWin532_CM4_Keil.lib(f24_ascii.o)
    0x08030a50   0x08030a50   0x00000018   Data   RO         6365    .constdata          STemWin532_CM4_Keil.lib(f24_ascii.o)
    0x08030a68   0x08030a68   0x00000030   Data   RO         6366    .constdata          STemWin532_CM4_Keil.lib(f24_ascii.o)
    0x08030a98   0x08030a98   0x00000030   Data   RO         6367    .constdata          STemWin532_CM4_Keil.lib(f24_ascii.o)
    0x08030ac8   0x08030ac8   0x00000030   Data   RO         6368    .constdata          STemWin532_CM4_Keil.lib(f24_ascii.o)
    0x08030af8   0x08030af8   0x00000048   Data   RO         6369    .constdata          STemWin532_CM4_Keil.lib(f24_ascii.o)
    0x08030b40   0x08030b40   0x00000030   Data   RO         6370    .constdata          STemWin532_CM4_Keil.lib(f24_ascii.o)
    0x08030b70   0x08030b70   0x00000030   Data   RO         6371    .constdata          STemWin532_CM4_Keil.lib(f24_ascii.o)
    0x08030ba0   0x08030ba0   0x00000030   Data   RO         6372    .constdata          STemWin532_CM4_Keil.lib(f24_ascii.o)
    0x08030bd0   0x08030bd0   0x00000030   Data   RO         6373    .constdata          STemWin532_CM4_Keil.lib(f24_ascii.o)
    0x08030c00   0x08030c00   0x00000030   Data   RO         6374    .constdata          STemWin532_CM4_Keil.lib(f24_ascii.o)
    0x08030c30   0x08030c30   0x00000030   Data   RO         6375    .constdata          STemWin532_CM4_Keil.lib(f24_ascii.o)
    0x08030c60   0x08030c60   0x00000030   Data   RO         6376    .constdata          STemWin532_CM4_Keil.lib(f24_ascii.o)
    0x08030c90   0x08030c90   0x00000030   Data   RO         6377    .constdata          STemWin532_CM4_Keil.lib(f24_ascii.o)
    0x08030cc0   0x08030cc0   0x00000030   Data   RO         6378    .constdata          STemWin532_CM4_Keil.lib(f24_ascii.o)
    0x08030cf0   0x08030cf0   0x00000048   Data   RO         6379    .constdata          STemWin532_CM4_Keil.lib(f24_ascii.o)
    0x08030d38   0x08030d38   0x00000030   Data   RO         6380    .constdata          STemWin532_CM4_Keil.lib(f24_ascii.o)
    0x08030d68   0x08030d68   0x00000030   Data   RO         6381    .constdata          STemWin532_CM4_Keil.lib(f24_ascii.o)
    0x08030d98   0x08030d98   0x00000030   Data   RO         6382    .constdata          STemWin532_CM4_Keil.lib(f24_ascii.o)
    0x08030dc8   0x08030dc8   0x00000018   Data   RO         6383    .constdata          STemWin532_CM4_Keil.lib(f24_ascii.o)
    0x08030de0   0x08030de0   0x00000018   Data   RO         6384    .constdata          STemWin532_CM4_Keil.lib(f24_ascii.o)
    0x08030df8   0x08030df8   0x00000018   Data   RO         6385    .constdata          STemWin532_CM4_Keil.lib(f24_ascii.o)
    0x08030e10   0x08030e10   0x00000018   Data   RO         6386    .constdata          STemWin532_CM4_Keil.lib(f24_ascii.o)
    0x08030e28   0x08030e28   0x00000030   Data   RO         6387    .constdata          STemWin532_CM4_Keil.lib(f24_ascii.o)
    0x08030e58   0x08030e58   0x00000018   Data   RO         6388    .constdata          STemWin532_CM4_Keil.lib(f24_ascii.o)
    0x08030e70   0x08030e70   0x00000030   Data   RO         6389    .constdata          STemWin532_CM4_Keil.lib(f24_ascii.o)
    0x08030ea0   0x08030ea0   0x00000030   Data   RO         6390    .constdata          STemWin532_CM4_Keil.lib(f24_ascii.o)
    0x08030ed0   0x08030ed0   0x00000030   Data   RO         6391    .constdata          STemWin532_CM4_Keil.lib(f24_ascii.o)
    0x08030f00   0x08030f00   0x00000030   Data   RO         6392    .constdata          STemWin532_CM4_Keil.lib(f24_ascii.o)
    0x08030f30   0x08030f30   0x00000030   Data   RO         6393    .constdata          STemWin532_CM4_Keil.lib(f24_ascii.o)
    0x08030f60   0x08030f60   0x00000018   Data   RO         6394    .constdata          STemWin532_CM4_Keil.lib(f24_ascii.o)
    0x08030f78   0x08030f78   0x00000030   Data   RO         6395    .constdata          STemWin532_CM4_Keil.lib(f24_ascii.o)
    0x08030fa8   0x08030fa8   0x00000030   Data   RO         6396    .constdata          STemWin532_CM4_Keil.lib(f24_ascii.o)
    0x08030fd8   0x08030fd8   0x00000018   Data   RO         6397    .constdata          STemWin532_CM4_Keil.lib(f24_ascii.o)
    0x08030ff0   0x08030ff0   0x00000018   Data   RO         6398    .constdata          STemWin532_CM4_Keil.lib(f24_ascii.o)
    0x08031008   0x08031008   0x00000030   Data   RO         6399    .constdata          STemWin532_CM4_Keil.lib(f24_ascii.o)
    0x08031038   0x08031038   0x00000018   Data   RO         6400    .constdata          STemWin532_CM4_Keil.lib(f24_ascii.o)
    0x08031050   0x08031050   0x00000030   Data   RO         6401    .constdata          STemWin532_CM4_Keil.lib(f24_ascii.o)
    0x08031080   0x08031080   0x00000030   Data   RO         6402    .constdata          STemWin532_CM4_Keil.lib(f24_ascii.o)
    0x080310b0   0x080310b0   0x00000030   Data   RO         6403    .constdata          STemWin532_CM4_Keil.lib(f24_ascii.o)
    0x080310e0   0x080310e0   0x00000030   Data   RO         6404    .constdata          STemWin532_CM4_Keil.lib(f24_ascii.o)
    0x08031110   0x08031110   0x00000030   Data   RO         6405    .constdata          STemWin532_CM4_Keil.lib(f24_ascii.o)
    0x08031140   0x08031140   0x00000018   Data   RO         6406    .constdata          STemWin532_CM4_Keil.lib(f24_ascii.o)
    0x08031158   0x08031158   0x00000030   Data   RO         6407    .constdata          STemWin532_CM4_Keil.lib(f24_ascii.o)
    0x08031188   0x08031188   0x00000018   Data   RO         6408    .constdata          STemWin532_CM4_Keil.lib(f24_ascii.o)
    0x080311a0   0x080311a0   0x00000030   Data   RO         6409    .constdata          STemWin532_CM4_Keil.lib(f24_ascii.o)
    0x080311d0   0x080311d0   0x00000030   Data   RO         6410    .constdata          STemWin532_CM4_Keil.lib(f24_ascii.o)
    0x08031200   0x08031200   0x00000030   Data   RO         6411    .constdata          STemWin532_CM4_Keil.lib(f24_ascii.o)
    0x08031230   0x08031230   0x00000030   Data   RO         6412    .constdata          STemWin532_CM4_Keil.lib(f24_ascii.o)
    0x08031260   0x08031260   0x00000030   Data   RO         6413    .constdata          STemWin532_CM4_Keil.lib(f24_ascii.o)
    0x08031290   0x08031290   0x00000030   Data   RO         6414    .constdata          STemWin532_CM4_Keil.lib(f24_ascii.o)
    0x080312c0   0x080312c0   0x00000018   Data   RO         6415    .constdata          STemWin532_CM4_Keil.lib(f24_ascii.o)
    0x080312d8   0x080312d8   0x00000018   Data   RO         6416    .constdata          STemWin532_CM4_Keil.lib(f24_ascii.o)
    0x080312f0   0x080312f0   0x00000018   Data   RO         6417    .constdata          STemWin532_CM4_Keil.lib(f24_ascii.o)
    0x08031308   0x08031308   0x00000030   Data   RO         6418    .constdata          STemWin532_CM4_Keil.lib(f24_ascii.o)
    0x08031338   0x08031338   0x000002f8   Data   RO         6419    .constdata          STemWin532_CM4_Keil.lib(f24_ascii.o)
    0x08031630   0x08031630   0x0000000c   Data   RO         6420    .constdata          STemWin532_CM4_Keil.lib(f24_ascii.o)
    0x0803163c   0x0803163c   0x00000024   Data   RO         6421    .constdata          STemWin532_CM4_Keil.lib(f24_ascii.o)
    0x08031660   0x08031660   0x00000020   Data   RO         6712    .constdata          STemWin532_CM4_Keil.lib(gui__divtbl_31_255.o)
    0x08031680   0x08031680   0x00000040   Data   RO         6713    .constdata          STemWin532_CM4_Keil.lib(gui__divtbl_63_255.o)
    0x080316c0   0x080316c0   0x00000100   Data   RO         6714    .constdata          STemWin532_CM4_Keil.lib(gui__divtbl_255_31.o)
    0x080317c0   0x080317c0   0x00000100   Data   RO         6715    .constdata          STemWin532_CM4_Keil.lib(gui__divtbl_255_63.o)
    0x080318c0   0x080318c0   0x00000044   Data   RO         6782    .constdata          STemWin532_CM4_Keil.lib(gui_drawline.o)
    0x08031904   0x08031904   0x00000010   Data   RO         6929    .constdata          STemWin532_CM4_Keil.lib(gui_uc_encodenone.o)
    0x08031914   0x08031914   0x0000000c   Data   RO         6984    .constdata          STemWin532_CM4_Keil.lib(lcd.o)
    0x08031920   0x08031920   0x00000074   Data   RO         7142    .constdata          STemWin532_CM4_Keil.lib(guidev_16.o)
    0x08031994   0x08031994   0x00000028   Data   RO         7468    .constdata          STemWin532_CM4_Keil.lib(gui_adddecshift.o)
    0x080319bc   0x080319bc   0x00000018   Data   RO         7661    .constdata          STemWin532_CM4_Keil.lib(guicc_0.o)
    0x080319d4   0x080319d4   0x00000018   Data   RO         7671    .constdata          STemWin532_CM4_Keil.lib(guicc_8888.o)
    0x080319ec   0x080319ec   0x00000100   Data   RO         7678    .constdata          STemWin532_CM4_Keil.lib(lcd_mirror.o)
    0x08031aec   0x08031aec   0x0000000d   Data   RO         7681    .constdata          STemWin532_CM4_Keil.lib(f13_1.o)
    0x08031af9   0x08031af9   0x0000000d   Data   RO         7682    .constdata          STemWin532_CM4_Keil.lib(f13_1.o)
    0x08031b06   0x08031b06   0x0000000d   Data   RO         7683    .constdata          STemWin532_CM4_Keil.lib(f13_1.o)
    0x08031b13   0x08031b13   0x0000000d   Data   RO         7684    .constdata          STemWin532_CM4_Keil.lib(f13_1.o)
    0x08031b20   0x08031b20   0x0000000d   Data   RO         7685    .constdata          STemWin532_CM4_Keil.lib(f13_1.o)
    0x08031b2d   0x08031b2d   0x0000000d   Data   RO         7686    .constdata          STemWin532_CM4_Keil.lib(f13_1.o)
    0x08031b3a   0x08031b3a   0x0000000d   Data   RO         7687    .constdata          STemWin532_CM4_Keil.lib(f13_1.o)
    0x08031b47   0x08031b47   0x0000000d   Data   RO         7688    .constdata          STemWin532_CM4_Keil.lib(f13_1.o)
    0x08031b54   0x08031b54   0x0000000d   Data   RO         7689    .constdata          STemWin532_CM4_Keil.lib(f13_1.o)
    0x08031b61   0x08031b61   0x0000001a   Data   RO         7690    .constdata          STemWin532_CM4_Keil.lib(f13_1.o)
    0x08031b7b   0x08031b7b   0x0000000d   Data   RO         7691    .constdata          STemWin532_CM4_Keil.lib(f13_1.o)
    0x08031b88   0x08031b88   0x0000000d   Data   RO         7692    .constdata          STemWin532_CM4_Keil.lib(f13_1.o)
    0x08031b95   0x08031b95   0x0000000d   Data   RO         7693    .constdata          STemWin532_CM4_Keil.lib(f13_1.o)
    0x08031ba2   0x08031ba2   0x0000000d   Data   RO         7694    .constdata          STemWin532_CM4_Keil.lib(f13_1.o)
    0x08031baf   0x08031baf   0x0000001a   Data   RO         7695    .constdata          STemWin532_CM4_Keil.lib(f13_1.o)
    0x08031bc9   0x08031bc9   0x0000000d   Data   RO         7696    .constdata          STemWin532_CM4_Keil.lib(f13_1.o)
    0x08031bd6   0x08031bd6   0x0000000d   Data   RO         7697    .constdata          STemWin532_CM4_Keil.lib(f13_1.o)
    0x08031be3   0x08031be3   0x0000000d   Data   RO         7698    .constdata          STemWin532_CM4_Keil.lib(f13_1.o)
    0x08031bf0   0x08031bf0   0x0000000d   Data   RO         7699    .constdata          STemWin532_CM4_Keil.lib(f13_1.o)
    0x08031bfd   0x08031bfd   0x0000000d   Data   RO         7700    .constdata          STemWin532_CM4_Keil.lib(f13_1.o)
    0x08031c0a   0x08031c0a   0x0000000d   Data   RO         7701    .constdata          STemWin532_CM4_Keil.lib(f13_1.o)
    0x08031c17   0x08031c17   0x0000000d   Data   RO         7702    .constdata          STemWin532_CM4_Keil.lib(f13_1.o)
    0x08031c24   0x08031c24   0x0000000d   Data   RO         7703    .constdata          STemWin532_CM4_Keil.lib(f13_1.o)
    0x08031c31   0x08031c31   0x0000000d   Data   RO         7704    .constdata          STemWin532_CM4_Keil.lib(f13_1.o)
    0x08031c3e   0x08031c3e   0x0000000d   Data   RO         7705    .constdata          STemWin532_CM4_Keil.lib(f13_1.o)
    0x08031c4b   0x08031c4b   0x0000000d   Data   RO         7706    .constdata          STemWin532_CM4_Keil.lib(f13_1.o)
    0x08031c58   0x08031c58   0x0000000d   Data   RO         7707    .constdata          STemWin532_CM4_Keil.lib(f13_1.o)
    0x08031c65   0x08031c65   0x0000000d   Data   RO         7708    .constdata          STemWin532_CM4_Keil.lib(f13_1.o)
    0x08031c72   0x08031c72   0x0000001a   Data   RO         7709    .constdata          STemWin532_CM4_Keil.lib(f13_1.o)
    0x08031c8c   0x08031c8c   0x0000001a   Data   RO         7710    .constdata          STemWin532_CM4_Keil.lib(f13_1.o)
    0x08031ca6   0x08031ca6   0x0000001a   Data   RO         7711    .constdata          STemWin532_CM4_Keil.lib(f13_1.o)
    0x08031cc0   0x08031cc0   0x0000000d   Data   RO         7712    .constdata          STemWin532_CM4_Keil.lib(f13_1.o)
    0x08031ccd   0x08031ccd   0x0000000d   Data   RO         7713    .constdata          STemWin532_CM4_Keil.lib(f13_1.o)
    0x08031cda   0x08031cda   0x0000000d   Data   RO         7714    .constdata          STemWin532_CM4_Keil.lib(f13_1.o)
    0x08031ce7   0x08031ce7   0x0000000d   Data   RO         7715    .constdata          STemWin532_CM4_Keil.lib(f13_1.o)
    0x08031cf4   0x08031cf4   0x0000000d   Data   RO         7716    .constdata          STemWin532_CM4_Keil.lib(f13_1.o)
    0x08031d01   0x08031d01   0x0000000d   Data   RO         7717    .constdata          STemWin532_CM4_Keil.lib(f13_1.o)
    0x08031d0e   0x08031d0e   0x0000000d   Data   RO         7718    .constdata          STemWin532_CM4_Keil.lib(f13_1.o)
    0x08031d1b   0x08031d1b   0x0000001a   Data   RO         7719    .constdata          STemWin532_CM4_Keil.lib(f13_1.o)
    0x08031d35   0x08031d35   0x0000000d   Data   RO         7720    .constdata          STemWin532_CM4_Keil.lib(f13_1.o)
    0x08031d42   0x08031d42   0x0000000d   Data   RO         7721    .constdata          STemWin532_CM4_Keil.lib(f13_1.o)
    0x08031d4f   0x08031d4f   0x0000000d   Data   RO         7722    .constdata          STemWin532_CM4_Keil.lib(f13_1.o)
    0x08031d5c   0x08031d5c   0x0000000d   Data   RO         7723    .constdata          STemWin532_CM4_Keil.lib(f13_1.o)
    0x08031d69   0x08031d69   0x0000000d   Data   RO         7724    .constdata          STemWin532_CM4_Keil.lib(f13_1.o)
    0x08031d76   0x08031d76   0x0000000d   Data   RO         7725    .constdata          STemWin532_CM4_Keil.lib(f13_1.o)
    0x08031d83   0x08031d83   0x0000000d   Data   RO         7726    .constdata          STemWin532_CM4_Keil.lib(f13_1.o)
    0x08031d90   0x08031d90   0x0000000d   Data   RO         7727    .constdata          STemWin532_CM4_Keil.lib(f13_1.o)
    0x08031d9d   0x08031d9d   0x0000000d   Data   RO         7728    .constdata          STemWin532_CM4_Keil.lib(f13_1.o)
    0x08031daa   0x08031daa   0x0000000d   Data   RO         7729    .constdata          STemWin532_CM4_Keil.lib(f13_1.o)
    0x08031db7   0x08031db7   0x0000000d   Data   RO         7730    .constdata          STemWin532_CM4_Keil.lib(f13_1.o)
    0x08031dc4   0x08031dc4   0x0000000d   Data   RO         7731    .constdata          STemWin532_CM4_Keil.lib(f13_1.o)
    0x08031dd1   0x08031dd1   0x0000000d   Data   RO         7732    .constdata          STemWin532_CM4_Keil.lib(f13_1.o)
    0x08031dde   0x08031dde   0x0000000d   Data   RO         7733    .constdata          STemWin532_CM4_Keil.lib(f13_1.o)
    0x08031deb   0x08031deb   0x0000000d   Data   RO         7734    .constdata          STemWin532_CM4_Keil.lib(f13_1.o)
    0x08031df8   0x08031df8   0x0000000d   Data   RO         7735    .constdata          STemWin532_CM4_Keil.lib(f13_1.o)
    0x08031e05   0x08031e05   0x0000000d   Data   RO         7736    .constdata          STemWin532_CM4_Keil.lib(f13_1.o)
    0x08031e12   0x08031e12   0x0000000d   Data   RO         7737    .constdata          STemWin532_CM4_Keil.lib(f13_1.o)
    0x08031e1f   0x08031e1f   0x0000000d   Data   RO         7738    .constdata          STemWin532_CM4_Keil.lib(f13_1.o)
    0x08031e2c   0x08031e2c   0x0000000d   Data   RO         7739    .constdata          STemWin532_CM4_Keil.lib(f13_1.o)
    0x08031e39   0x08031e39   0x0000000d   Data   RO         7740    .constdata          STemWin532_CM4_Keil.lib(f13_1.o)
    0x08031e46   0x08031e46   0x0000000d   Data   RO         7741    .constdata          STemWin532_CM4_Keil.lib(f13_1.o)
    0x08031e53   0x08031e53   0x0000000d   Data   RO         7742    .constdata          STemWin532_CM4_Keil.lib(f13_1.o)
    0x08031e60   0x08031e60   0x0000000d   Data   RO         7743    .constdata          STemWin532_CM4_Keil.lib(f13_1.o)
    0x08031e6d   0x08031e6d   0x0000000d   Data   RO         7744    .constdata          STemWin532_CM4_Keil.lib(f13_1.o)
    0x08031e7a   0x08031e7a   0x0000000d   Data   RO         7745    .constdata          STemWin532_CM4_Keil.lib(f13_1.o)
    0x08031e87   0x08031e87   0x0000000d   Data   RO         7746    .constdata          STemWin532_CM4_Keil.lib(f13_1.o)
    0x08031e94   0x08031e94   0x0000000d   Data   RO         7747    .constdata          STemWin532_CM4_Keil.lib(f13_1.o)
    0x08031ea1   0x08031ea1   0x0000000d   Data   RO         7748    .constdata          STemWin532_CM4_Keil.lib(f13_1.o)
    0x08031eae   0x08031eae   0x0000000d   Data   RO         7749    .constdata          STemWin532_CM4_Keil.lib(f13_1.o)
    0x08031ebb   0x08031ebb   0x0000000d   Data   RO         7750    .constdata          STemWin532_CM4_Keil.lib(f13_1.o)
    0x08031ec8   0x08031ec8   0x0000001a   Data   RO         7751    .constdata          STemWin532_CM4_Keil.lib(f13_1.o)
    0x08031ee2   0x08031ee2   0x0000000d   Data   RO         7752    .constdata          STemWin532_CM4_Keil.lib(f13_1.o)
    0x08031eef   0x08031eef   0x0000000d   Data   RO         7753    .constdata          STemWin532_CM4_Keil.lib(f13_1.o)
    0x08031efc   0x08031efc   0x0000000d   Data   RO         7754    .constdata          STemWin532_CM4_Keil.lib(f13_1.o)
    0x08031f09   0x08031f09   0x0000000d   Data   RO         7755    .constdata          STemWin532_CM4_Keil.lib(f13_1.o)
    0x08031f16   0x08031f16   0x0000000d   Data   RO         7756    .constdata          STemWin532_CM4_Keil.lib(f13_1.o)
    0x08031f23   0x08031f23   0x0000000d   Data   RO         7757    .constdata          STemWin532_CM4_Keil.lib(f13_1.o)
    0x08031f30   0x08031f30   0x0000000d   Data   RO         7758    .constdata          STemWin532_CM4_Keil.lib(f13_1.o)
    0x08031f3d   0x08031f3d   0x0000000d   Data   RO         7759    .constdata          STemWin532_CM4_Keil.lib(f13_1.o)
    0x08031f4a   0x08031f4a   0x0000000d   Data   RO         7760    .constdata          STemWin532_CM4_Keil.lib(f13_1.o)
    0x08031f57   0x08031f57   0x0000000d   Data   RO         7761    .constdata          STemWin532_CM4_Keil.lib(f13_1.o)
    0x08031f64   0x08031f64   0x0000000d   Data   RO         7762    .constdata          STemWin532_CM4_Keil.lib(f13_1.o)
    0x08031f71   0x08031f71   0x0000000d   Data   RO         7763    .constdata          STemWin532_CM4_Keil.lib(f13_1.o)
    0x08031f7e   0x08031f7e   0x0000000d   Data   RO         7764    .constdata          STemWin532_CM4_Keil.lib(f13_1.o)
    0x08031f8b   0x08031f8b   0x0000000d   Data   RO         7765    .constdata          STemWin532_CM4_Keil.lib(f13_1.o)
    0x08031f98   0x08031f98   0x0000000d   Data   RO         7766    .constdata          STemWin532_CM4_Keil.lib(f13_1.o)
    0x08031fa5   0x08031fa5   0x0000000d   Data   RO         7767    .constdata          STemWin532_CM4_Keil.lib(f13_1.o)
    0x08031fb2   0x08031fb2   0x0000000d   Data   RO         7768    .constdata          STemWin532_CM4_Keil.lib(f13_1.o)
    0x08031fbf   0x08031fbf   0x0000000d   Data   RO         7769    .constdata          STemWin532_CM4_Keil.lib(f13_1.o)
    0x08031fcc   0x08031fcc   0x0000000d   Data   RO         7770    .constdata          STemWin532_CM4_Keil.lib(f13_1.o)
    0x08031fd9   0x08031fd9   0x0000000d   Data   RO         7771    .constdata          STemWin532_CM4_Keil.lib(f13_1.o)
    0x08031fe6   0x08031fe6   0x0000000d   Data   RO         7772    .constdata          STemWin532_CM4_Keil.lib(f13_1.o)
    0x08031ff3   0x08031ff3   0x0000000d   Data   RO         7773    .constdata          STemWin532_CM4_Keil.lib(f13_1.o)
    0x08032000   0x08032000   0x0000000d   Data   RO         7774    .constdata          STemWin532_CM4_Keil.lib(f13_1.o)
    0x0803200d   0x0803200d   0x0000000d   Data   RO         7775    .constdata          STemWin532_CM4_Keil.lib(f13_1.o)
    0x0803201a   0x0803201a   0x0000000d   Data   RO         7776    .constdata          STemWin532_CM4_Keil.lib(f13_1.o)
    0x08032027   0x08032027   0x00000001   PAD
    0x08032028   0x08032028   0x00000300   Data   RO         7777    .constdata          STemWin532_CM4_Keil.lib(f13_1.o)
    0x08032328   0x08032328   0x0000000c   Data   RO         7778    .constdata          STemWin532_CM4_Keil.lib(f13_1.o)
    0x08032334   0x08032334   0x00000024   Data   RO         7779    .constdata          STemWin532_CM4_Keil.lib(f13_1.o)
    0x08032358   0x08032358   0x00000074   Data   RO         7797    .constdata          STemWin532_CM4_Keil.lib(guidev_32.o)
    0x080323cc   0x080323cc   0x00000018   Data   RO         7847    .constdata          STemWin532_CM4_Keil.lib(guidev_usagebm.o)
    0x080323e4   0x080323e4   0x00000008   Data   RO         7867    .constdata          STemWin532_CM4_Keil.lib(guidev_writetoactiveopaque.o)
    0x080323ec   0x080323ec   0x0000001c   Data   RO         7915    .constdata          STemWin532_CM4_Keil.lib(widget_effect_simple.o)
    0x08032408   0x08032408   0x0000000d   Data   RO         8227    .constdata          STemWin532_CM4_Keil.lib(f13_ascii.o)
    0x08032415   0x08032415   0x0000000d   Data   RO         8228    .constdata          STemWin532_CM4_Keil.lib(f13_ascii.o)
    0x08032422   0x08032422   0x0000000d   Data   RO         8229    .constdata          STemWin532_CM4_Keil.lib(f13_ascii.o)
    0x0803242f   0x0803242f   0x0000000d   Data   RO         8230    .constdata          STemWin532_CM4_Keil.lib(f13_ascii.o)
    0x0803243c   0x0803243c   0x0000000d   Data   RO         8231    .constdata          STemWin532_CM4_Keil.lib(f13_ascii.o)
    0x08032449   0x08032449   0x0000001a   Data   RO         8232    .constdata          STemWin532_CM4_Keil.lib(f13_ascii.o)
    0x08032463   0x08032463   0x0000000d   Data   RO         8233    .constdata          STemWin532_CM4_Keil.lib(f13_ascii.o)
    0x08032470   0x08032470   0x0000000d   Data   RO         8234    .constdata          STemWin532_CM4_Keil.lib(f13_ascii.o)
    0x0803247d   0x0803247d   0x0000000d   Data   RO         8235    .constdata          STemWin532_CM4_Keil.lib(f13_ascii.o)
    0x0803248a   0x0803248a   0x0000000d   Data   RO         8236    .constdata          STemWin532_CM4_Keil.lib(f13_ascii.o)
    0x08032497   0x08032497   0x0000000d   Data   RO         8237    .constdata          STemWin532_CM4_Keil.lib(f13_ascii.o)
    0x080324a4   0x080324a4   0x0000000d   Data   RO         8238    .constdata          STemWin532_CM4_Keil.lib(f13_ascii.o)
    0x080324b1   0x080324b1   0x0000000d   Data   RO         8239    .constdata          STemWin532_CM4_Keil.lib(f13_ascii.o)
    0x080324be   0x080324be   0x0000000d   Data   RO         8240    .constdata          STemWin532_CM4_Keil.lib(f13_ascii.o)
    0x080324cb   0x080324cb   0x0000000d   Data   RO         8241    .constdata          STemWin532_CM4_Keil.lib(f13_ascii.o)
    0x080324d8   0x080324d8   0x0000000d   Data   RO         8242    .constdata          STemWin532_CM4_Keil.lib(f13_ascii.o)
    0x080324e5   0x080324e5   0x0000000d   Data   RO         8243    .constdata          STemWin532_CM4_Keil.lib(f13_ascii.o)
    0x080324f2   0x080324f2   0x0000000d   Data   RO         8244    .constdata          STemWin532_CM4_Keil.lib(f13_ascii.o)
    0x080324ff   0x080324ff   0x0000000d   Data   RO         8245    .constdata          STemWin532_CM4_Keil.lib(f13_ascii.o)
    0x0803250c   0x0803250c   0x0000000d   Data   RO         8246    .constdata          STemWin532_CM4_Keil.lib(f13_ascii.o)
    0x08032519   0x08032519   0x0000000d   Data   RO         8247    .constdata          STemWin532_CM4_Keil.lib(f13_ascii.o)
    0x08032526   0x08032526   0x0000000d   Data   RO         8248    .constdata          STemWin532_CM4_Keil.lib(f13_ascii.o)
    0x08032533   0x08032533   0x0000000d   Data   RO         8249    .constdata          STemWin532_CM4_Keil.lib(f13_ascii.o)
    0x08032540   0x08032540   0x0000000d   Data   RO         8250    .constdata          STemWin532_CM4_Keil.lib(f13_ascii.o)
    0x0803254d   0x0803254d   0x0000000d   Data   RO         8251    .constdata          STemWin532_CM4_Keil.lib(f13_ascii.o)
    0x0803255a   0x0803255a   0x0000000d   Data   RO         8252    .constdata          STemWin532_CM4_Keil.lib(f13_ascii.o)
    0x08032567   0x08032567   0x0000000d   Data   RO         8253    .constdata          STemWin532_CM4_Keil.lib(f13_ascii.o)
    0x08032574   0x08032574   0x0000000d   Data   RO         8254    .constdata          STemWin532_CM4_Keil.lib(f13_ascii.o)
    0x08032581   0x08032581   0x0000000d   Data   RO         8255    .constdata          STemWin532_CM4_Keil.lib(f13_ascii.o)
    0x0803258e   0x0803258e   0x0000000d   Data   RO         8256    .constdata          STemWin532_CM4_Keil.lib(f13_ascii.o)
    0x0803259b   0x0803259b   0x0000000d   Data   RO         8257    .constdata          STemWin532_CM4_Keil.lib(f13_ascii.o)
    0x080325a8   0x080325a8   0x0000000d   Data   RO         8258    .constdata          STemWin532_CM4_Keil.lib(f13_ascii.o)
    0x080325b5   0x080325b5   0x0000001a   Data   RO         8259    .constdata          STemWin532_CM4_Keil.lib(f13_ascii.o)
    0x080325cf   0x080325cf   0x0000000d   Data   RO         8260    .constdata          STemWin532_CM4_Keil.lib(f13_ascii.o)
    0x080325dc   0x080325dc   0x0000000d   Data   RO         8261    .constdata          STemWin532_CM4_Keil.lib(f13_ascii.o)
    0x080325e9   0x080325e9   0x0000000d   Data   RO         8262    .constdata          STemWin532_CM4_Keil.lib(f13_ascii.o)
    0x080325f6   0x080325f6   0x0000000d   Data   RO         8263    .constdata          STemWin532_CM4_Keil.lib(f13_ascii.o)
    0x08032603   0x08032603   0x0000000d   Data   RO         8264    .constdata          STemWin532_CM4_Keil.lib(f13_ascii.o)
    0x08032610   0x08032610   0x0000000d   Data   RO         8265    .constdata          STemWin532_CM4_Keil.lib(f13_ascii.o)
    0x0803261d   0x0803261d   0x0000000d   Data   RO         8266    .constdata          STemWin532_CM4_Keil.lib(f13_ascii.o)
    0x0803262a   0x0803262a   0x0000000d   Data   RO         8267    .constdata          STemWin532_CM4_Keil.lib(f13_ascii.o)
    0x08032637   0x08032637   0x0000000d   Data   RO         8268    .constdata          STemWin532_CM4_Keil.lib(f13_ascii.o)
    0x08032644   0x08032644   0x0000000d   Data   RO         8269    .constdata          STemWin532_CM4_Keil.lib(f13_ascii.o)
    0x08032651   0x08032651   0x0000000d   Data   RO         8270    .constdata          STemWin532_CM4_Keil.lib(f13_ascii.o)
    0x0803265e   0x0803265e   0x0000000d   Data   RO         8271    .constdata          STemWin532_CM4_Keil.lib(f13_ascii.o)
    0x0803266b   0x0803266b   0x0000000d   Data   RO         8272    .constdata          STemWin532_CM4_Keil.lib(f13_ascii.o)
    0x08032678   0x08032678   0x0000000d   Data   RO         8273    .constdata          STemWin532_CM4_Keil.lib(f13_ascii.o)
    0x08032685   0x08032685   0x0000000d   Data   RO         8274    .constdata          STemWin532_CM4_Keil.lib(f13_ascii.o)
    0x08032692   0x08032692   0x0000000d   Data   RO         8275    .constdata          STemWin532_CM4_Keil.lib(f13_ascii.o)
    0x0803269f   0x0803269f   0x0000000d   Data   RO         8276    .constdata          STemWin532_CM4_Keil.lib(f13_ascii.o)
    0x080326ac   0x080326ac   0x0000000d   Data   RO         8277    .constdata          STemWin532_CM4_Keil.lib(f13_ascii.o)
    0x080326b9   0x080326b9   0x0000000d   Data   RO         8278    .constdata          STemWin532_CM4_Keil.lib(f13_ascii.o)
    0x080326c6   0x080326c6   0x0000000d   Data   RO         8279    .constdata          STemWin532_CM4_Keil.lib(f13_ascii.o)
    0x080326d3   0x080326d3   0x0000000d   Data   RO         8280    .constdata          STemWin532_CM4_Keil.lib(f13_ascii.o)
    0x080326e0   0x080326e0   0x0000000d   Data   RO         8281    .constdata          STemWin532_CM4_Keil.lib(f13_ascii.o)
    0x080326ed   0x080326ed   0x0000001a   Data   RO         8282    .constdata          STemWin532_CM4_Keil.lib(f13_ascii.o)
    0x08032707   0x08032707   0x0000000d   Data   RO         8283    .constdata          STemWin532_CM4_Keil.lib(f13_ascii.o)
    0x08032714   0x08032714   0x0000000d   Data   RO         8284    .constdata          STemWin532_CM4_Keil.lib(f13_ascii.o)
    0x08032721   0x08032721   0x0000000d   Data   RO         8285    .constdata          STemWin532_CM4_Keil.lib(f13_ascii.o)
    0x0803272e   0x0803272e   0x0000000d   Data   RO         8286    .constdata          STemWin532_CM4_Keil.lib(f13_ascii.o)
    0x0803273b   0x0803273b   0x0000000d   Data   RO         8287    .constdata          STemWin532_CM4_Keil.lib(f13_ascii.o)
    0x08032748   0x08032748   0x0000000d   Data   RO         8288    .constdata          STemWin532_CM4_Keil.lib(f13_ascii.o)
    0x08032755   0x08032755   0x0000000d   Data   RO         8289    .constdata          STemWin532_CM4_Keil.lib(f13_ascii.o)
    0x08032762   0x08032762   0x0000000d   Data   RO         8290    .constdata          STemWin532_CM4_Keil.lib(f13_ascii.o)
    0x0803276f   0x0803276f   0x0000000d   Data   RO         8291    .constdata          STemWin532_CM4_Keil.lib(f13_ascii.o)
    0x0803277c   0x0803277c   0x0000000d   Data   RO         8292    .constdata          STemWin532_CM4_Keil.lib(f13_ascii.o)
    0x08032789   0x08032789   0x0000000d   Data   RO         8293    .constdata          STemWin532_CM4_Keil.lib(f13_ascii.o)
    0x08032796   0x08032796   0x0000000d   Data   RO         8294    .constdata          STemWin532_CM4_Keil.lib(f13_ascii.o)
    0x080327a3   0x080327a3   0x0000000d   Data   RO         8295    .constdata          STemWin532_CM4_Keil.lib(f13_ascii.o)
    0x080327b0   0x080327b0   0x0000000d   Data   RO         8296    .constdata          STemWin532_CM4_Keil.lib(f13_ascii.o)
    0x080327bd   0x080327bd   0x0000000d   Data   RO         8297    .constdata          STemWin532_CM4_Keil.lib(f13_ascii.o)
    0x080327ca   0x080327ca   0x0000000d   Data   RO         8298    .constdata          STemWin532_CM4_Keil.lib(f13_ascii.o)
    0x080327d7   0x080327d7   0x0000000d   Data   RO         8299    .constdata          STemWin532_CM4_Keil.lib(f13_ascii.o)
    0x080327e4   0x080327e4   0x0000000d   Data   RO         8300    .constdata          STemWin532_CM4_Keil.lib(f13_ascii.o)
    0x080327f1   0x080327f1   0x0000000d   Data   RO         8301    .constdata          STemWin532_CM4_Keil.lib(f13_ascii.o)
    0x080327fe   0x080327fe   0x0000000d   Data   RO         8302    .constdata          STemWin532_CM4_Keil.lib(f13_ascii.o)
    0x0803280b   0x0803280b   0x0000000d   Data   RO         8303    .constdata          STemWin532_CM4_Keil.lib(f13_ascii.o)
    0x08032818   0x08032818   0x0000000d   Data   RO         8304    .constdata          STemWin532_CM4_Keil.lib(f13_ascii.o)
    0x08032825   0x08032825   0x0000000d   Data   RO         8305    .constdata          STemWin532_CM4_Keil.lib(f13_ascii.o)
    0x08032832   0x08032832   0x0000000d   Data   RO         8306    .constdata          STemWin532_CM4_Keil.lib(f13_ascii.o)
    0x0803283f   0x0803283f   0x0000000d   Data   RO         8307    .constdata          STemWin532_CM4_Keil.lib(f13_ascii.o)
    0x0803284c   0x0803284c   0x0000000d   Data   RO         8308    .constdata          STemWin532_CM4_Keil.lib(f13_ascii.o)
    0x08032859   0x08032859   0x0000000d   Data   RO         8309    .constdata          STemWin532_CM4_Keil.lib(f13_ascii.o)
    0x08032866   0x08032866   0x0000000d   Data   RO         8310    .constdata          STemWin532_CM4_Keil.lib(f13_ascii.o)
    0x08032873   0x08032873   0x0000000d   Data   RO         8311    .constdata          STemWin532_CM4_Keil.lib(f13_ascii.o)
    0x08032880   0x08032880   0x0000000d   Data   RO         8312    .constdata          STemWin532_CM4_Keil.lib(f13_ascii.o)
    0x0803288d   0x0803288d   0x0000000d   Data   RO         8313    .constdata          STemWin532_CM4_Keil.lib(f13_ascii.o)
    0x0803289a   0x0803289a   0x0000000d   Data   RO         8314    .constdata          STemWin532_CM4_Keil.lib(f13_ascii.o)
    0x080328a7   0x080328a7   0x0000000d   Data   RO         8315    .constdata          STemWin532_CM4_Keil.lib(f13_ascii.o)
    0x080328b4   0x080328b4   0x0000000d   Data   RO         8316    .constdata          STemWin532_CM4_Keil.lib(f13_ascii.o)
    0x080328c1   0x080328c1   0x0000000d   Data   RO         8317    .constdata          STemWin532_CM4_Keil.lib(f13_ascii.o)
    0x080328ce   0x080328ce   0x0000000d   Data   RO         8318    .constdata          STemWin532_CM4_Keil.lib(f13_ascii.o)
    0x080328db   0x080328db   0x0000000d   Data   RO         8319    .constdata          STemWin532_CM4_Keil.lib(f13_ascii.o)
    0x080328e8   0x080328e8   0x0000000d   Data   RO         8320    .constdata          STemWin532_CM4_Keil.lib(f13_ascii.o)
    0x080328f5   0x080328f5   0x0000000d   Data   RO         8321    .constdata          STemWin532_CM4_Keil.lib(f13_ascii.o)
    0x08032902   0x08032902   0x00000002   PAD
    0x08032904   0x08032904   0x000002f8   Data   RO         8322    .constdata          STemWin532_CM4_Keil.lib(f13_ascii.o)
    0x08032bfc   0x08032bfc   0x0000000c   Data   RO         8323    .constdata          STemWin532_CM4_Keil.lib(f13_ascii.o)
    0x08032c08   0x08032c08   0x00000009   Data   RO         5786    .conststring        start.o
    0x08032c11   0x08032c11   0x00000003   PAD
    0x08032c14   0x08032c14   0x0000003d   Data   RO         5815    .conststring        voltage.o
    0x08032c51   0x08032c51   0x00000003   PAD
    0x08032c54   0x08032c54   0x00000020   Data   RO         8718    Region$$Table       anon$$obj.o


    Execution Region RW_IRAM1 (Exec base: 0x20000000, Load base: 0x08032c74, Size: 0x0000a908, Max: 0x00020000, ABSOLUTE, COMPRESSED[0x000000f8])

    Exec Addr    Load Addr    Size         Type   Attr      Idx    E Section Name        Object

    0x20000000   COMPRESSED   0x00000010   Data   RW         2614    .data               stm32f4xx_rcc.o
    0x20000010   COMPRESSED   0x00000004   Data   RW         4769    .data               main.o
    0x20000014   COMPRESSED   0x00000008   Data   RW         5296    .data               bsp_can.o
    0x2000001c   COMPRESSED   0x00000008   Data   RW         5360    .data               fonts.o
    0x20000024   COMPRESSED   0x00000018   Data   RW         5418    .data               bsp_ili9341_lcd.o
    0x2000003c   COMPRESSED   0x00000004   Data   RW         5739    .data               gui_x.o
    0x20000040   COMPRESSED   0x00000010   Data   RW         5816    .data               voltage.o
    0x20000050   COMPRESSED   0x00000008   Data   RW         5890    .data               STemWin532_CM4_Keil.lib(gui_alloc.o)
    0x20000058   COMPRESSED   0x0000002c   Data   RW         5941    .data               STemWin532_CM4_Keil.lib(gui_core.o)
    0x20000084   COMPRESSED   0x00000004   Data   RW         5942    .data               STemWin532_CM4_Keil.lib(gui_core.o)
    0x20000088   COMPRESSED   0x00000004   Data   RW         5944    .data               STemWin532_CM4_Keil.lib(gui_core.o)
    0x2000008c   COMPRESSED   0x00000004   Data   RW         5945    .data               STemWin532_CM4_Keil.lib(gui_core.o)
    0x20000090   COMPRESSED   0x00000004   Data   RW         5946    .data               STemWin532_CM4_Keil.lib(gui_core.o)
    0x20000094   COMPRESSED   0x00000004   Data   RW         5947    .data               STemWin532_CM4_Keil.lib(gui_core.o)
    0x20000098   COMPRESSED   0x00000004   Data   RW         5948    .data               STemWin532_CM4_Keil.lib(gui_core.o)
    0x2000009c   COMPRESSED   0x00000002   Data   RW         5949    .data               STemWin532_CM4_Keil.lib(gui_core.o)
    0x2000009e   COMPRESSED   0x00000001   Data   RW         5950    .data               STemWin532_CM4_Keil.lib(gui_core.o)
    0x2000009f   COMPRESSED   0x00000001   PAD
    0x200000a0   COMPRESSED   0x00000004   Data   RW         5951    .data               STemWin532_CM4_Keil.lib(gui_core.o)
    0x200000a4   COMPRESSED   0x00000002   Data   RW         5952    .data               STemWin532_CM4_Keil.lib(gui_core.o)
    0x200000a6   COMPRESSED   0x00000002   Data   RW         5953    .data               STemWin532_CM4_Keil.lib(gui_core.o)
    0x200000a8   COMPRESSED   0x00000008   Data   RW         5995    .data               STemWin532_CM4_Keil.lib(guicc_m565.o)
    0x200000b0   COMPRESSED   0x0000001c   Data   RW         6107    .data               STemWin532_CM4_Keil.lib(guidrv_flexcolor.o)
    0x200000cc   COMPRESSED   0x00000008   Data   RW         6199    .data               STemWin532_CM4_Keil.lib(guidrv_flexcolor_func66709.o)
    0x200000d4   COMPRESSED   0x00000030   Data   RW         6473    .data               STemWin532_CM4_Keil.lib(graph.o)
    0x20000104   COMPRESSED   0x00000008   Data   RW         6542    .data               STemWin532_CM4_Keil.lib(graph_scale.o)
    0x2000010c   COMPRESSED   0x00000004   Data   RW         6572    .data               STemWin532_CM4_Keil.lib(window.o)
    0x20000110   COMPRESSED   0x00000064   Data   RW         6637    .data               STemWin532_CM4_Keil.lib(wm.o)
    0x20000174   COMPRESSED   0x00000001   Data   RW         6638    .data               STemWin532_CM4_Keil.lib(wm.o)
    0x20000175   COMPRESSED   0x00000003   PAD
    0x20000178   COMPRESSED   0x00000018   Data   RW         6726    .data               STemWin532_CM4_Keil.lib(gui__managecache.o)
    0x20000190   COMPRESSED   0x00000010   Data   RW         6833    .data               STemWin532_CM4_Keil.lib(gui_onkey.o)
    0x200001a0   COMPRESSED   0x00000014   Data   RW         6905    .data               STemWin532_CM4_Keil.lib(gui_timer.o)
    0x200001b4   COMPRESSED   0x0000000c   Data   RW         6959    .data               STemWin532_CM4_Keil.lib(gui_waitevent.o)
    0x200001c0   COMPRESSED   0x00000004   Data   RW         6985    .data               STemWin532_CM4_Keil.lib(lcd.o)
    0x200001c4   COMPRESSED   0x00000010   Data   RW         7011    .data               STemWin532_CM4_Keil.lib(lcd_color.o)
    0x200001d4   COMPRESSED   0x00000008   Data   RW         7061    .data               STemWin532_CM4_Keil.lib(lcd_getex.o)
    0x200001dc   COMPRESSED   0x00000004   Data   RW         7162    .data               STemWin532_CM4_Keil.lib(guidev_banding.o)
    0x200001e0   COMPRESSED   0x00000001   Data   RW         7177    .data               STemWin532_CM4_Keil.lib(guidev_staticdevices.o)
    0x200001e1   COMPRESSED   0x00000003   PAD
    0x200001e4   COMPRESSED   0x00000018   Data   RW         7228    .data               STemWin532_CM4_Keil.lib(scrollbar.o)
    0x200001fc   COMPRESSED   0x00000002   Data   RW         7229    .data               STemWin532_CM4_Keil.lib(scrollbar.o)
    0x200001fe   COMPRESSED   0x00000002   PAD
    0x20000200   COMPRESSED   0x00000010   Data   RW         7255    .data               STemWin532_CM4_Keil.lib(text.o)
    0x20000210   COMPRESSED   0x00000004   Data   RW         7287    .data               STemWin532_CM4_Keil.lib(widget.o)
    0x20000214   COMPRESSED   0x00000004   Data   RW         7318    .data               STemWin532_CM4_Keil.lib(wm__sendmessage.o)
    0x20000218   COMPRESSED   0x00000028   Data   RW         7436    .data               STemWin532_CM4_Keil.lib(gui__alpha.o)
    0x20000240   COMPRESSED   0x00000004   Data   RW         7522    .data               STemWin532_CM4_Keil.lib(gui_fillpolygon.o)
    0x20000244   COMPRESSED   0x0000000c   Data   RW         7882    .data               STemWin532_CM4_Keil.lib(scrollbar_skin.o)
    0x20000250   COMPRESSED   0x00000058   Data   RW         7898    .data               STemWin532_CM4_Keil.lib(scrollbar_skinflex.o)
    0x200002a8   COMPRESSED   0x00000004   Data   RW         7916    .data               STemWin532_CM4_Keil.lib(widget_effect_simple.o)
    0x200002ac   COMPRESSED   0x00000008   Data   RW         8025    .data               STemWin532_CM4_Keil.lib(gui__wrap.o)
    0x200002b4   COMPRESSED   0x00000004   Data   RW         8054    .data               STemWin532_CM4_Keil.lib(gui_charline.o)
    0x200002b8   COMPRESSED   0x00000004   Data   RW         8202    .data               STemWin532_CM4_Keil.lib(lcd_aa.o)
    0x200002bc   COMPRESSED   0x00000004   Data   RW         8690    .data               mc_w.l(stdout.o)
    0x200002c0        -       0x00000028   Zero   RW         4768    .bss                main.o
    0x200002e8        -       0x0000a000   Zero   RW         5638    .bss                guiconf.o
    0x2000a2e8        -       0x00000014   Zero   RW         5813    .bss                voltage.o
    0x2000a2fc        -       0x000000cc   Zero   RW         5889    .bss                STemWin532_CM4_Keil.lib(gui_alloc.o)
    0x2000a3c8        -       0x00000070   Zero   RW         5939    .bss                STemWin532_CM4_Keil.lib(gui_core.o)
    0x2000a438        -       0x00000018   Zero   RW         6635    .bss                STemWin532_CM4_Keil.lib(wm.o)
    0x2000a450        -       0x00000058   Zero   RW         6832    .bss                STemWin532_CM4_Keil.lib(gui_onkey.o)
    0x2000a4a8        -       0x00000048   Zero   RW         7407    .bss                STemWin532_CM4_Keil.lib(wm_touch.o)
    0x2000a4f0        -       0x00000018   Zero   RW         7521    .bss                STemWin532_CM4_Keil.lib(gui_fillpolygon.o)
    0x2000a508        -       0x00000400   Zero   RW            1    STACK               startup_stm32f40xx.o


==============================================================================

Image component sizes


      Code (inc. data)   RO Data    RW Data    ZI Data      Debug   Object Name

       120          4          0          0          0       1577   bsp_basic_tim.o
       538         92          0          8          0       5022   bsp_can.o
       242         16          0          0          0       1845   bsp_debug_usart.o
      1722         56          0         24          0      19434   bsp_ili9341_lcd.o
        94          8          0          0          0       1485   bsp_key.o
        88          4          0          0          0        586   bsp_led.o
         0          0       1520          8          0       1285   fonts.o
        36         10          0          4          0       2144   gui_x.o
        32         10          0          0      40960      49775   guiconf.o
       232         38          0          0          0       6548   lcdconf_flexcolor_template.o
       466        146          0          4         40     342446   main.o
       124         16          0          0          0       1787   misc.o
       136         34         65          0          0       1668   start.o
        36          8        392          0       1024        960   startup_stm32f40xx.o
       892         14          0          0          0       6414   stm32f4xx_can.o
       268         16          0          0          0       2285   stm32f4xx_fsmc.o
       178          0          0          0          0       3923   stm32f4xx_gpio.o
       130         24          0          0          0       5274   stm32f4xx_it.o
       304         46          0         16          0       6553   stm32f4xx_rcc.o
       204         28          0          0          0       4826   stm32f4xx_tim.o
       288          8          0          0          0       4689   stm32f4xx_usart.o
       276         34          0          0          0     309813   system_stm32f4xx.o
       908        118        285         16         20       3768   voltage.o

    ----------------------------------------------------------------------
      7340        730       2300         80      42044     784107   Object Totals
         0          0         32          0          0          0   (incl. Generated)
        26          0          6          0          0          0   (incl. Padding)

    ----------------------------------------------------------------------

      Code (inc. data)   RO Data    RW Data    ZI Data      Debug   Library Member Name

       164          0          0          0          0        136   dialog.o
         0          0       2155          0          0          0   f13_1.o
         0          0       2046          0          0          0   f13_ascii.o
         0          0       2225          0          0          0   f13b_ascii.o
         0          0       4792          0          0          0   f24_ascii.o
         0          0       1816          0          0          0   f6x8.o
      2274         10          0         48          0       2476   graph.o
        56          0          0          0          0        136   graph_createindirect.o
       526         14          0          0          0        668   graph_data_yt.o
       748         14          0          8          0        976   graph_scale.o
       124          4          0          0          0        132   gui_2dlib.o
       862         38          0         40          0        800   gui__alpha.o
       664          0          0          0          0        384   gui__compactpixelindices.o
        26          0          0          0          0        116   gui__divideround32.o
         0          0        256          0          0          0   gui__divtbl_255_31.o
         0          0        256          0          0          0   gui__divtbl_255_63.o
         0          0         32          0          0          0   gui__divtbl_31_255.o
         0          0         64          0          0          0   gui__divtbl_63_255.o
       322          0          0          0          0        156   gui__expandpixelindices.o
        20          4          0          0          0        116   gui__getfontsizey.o
        58          0          0          0          0        116   gui__intersectrect.o
        82          0          0          0          0        128   gui__intersectrects.o
       228          8          0         24          0        252   gui__managecache.o
        76          0          0          0          0        124   gui__memset.o
        60          0          0          0          0        124   gui__memset16.o
        26          0          0          0          0        116   gui__reducerect.o
       108          0          0          0          0        136   gui__settext.o
        68          4          0          0          0        244   gui__strcmp.o
        22          0          0          0          0        116   gui__strlen.o
       304          4          0          8          0        796   gui__wrap.o
       220         16         40          0          0        380   gui_adddecshift.o
      1822        104          0          8        204       2992   gui_alloc.o
        56          0          0          0          0        132   gui_alloc_allocinit.o
        36          0          0          0          0        128   gui_alloc_alloczero.o
       300          0          0          0          0        760   gui_array.o
        60          0          0          0          0        124   gui_calccolordist.o
        96         22          0          0          0        464   gui_char.o
       458         36          0          4          0        760   gui_charline.o
       394         12          0          0          0        492   gui_charm.o
       316         10          0          0          0        624   gui_charp.o
       188          4          0          0          0        140   gui_circ.o
       492         76          8         79        112       1012   gui_core.o
       344         24          0          0          0        736   gui_device.o
       256          4          0          0          0        136   gui_dispstring.o
       310          0          0          0          0        280   gui_dispstringinrectwrap.o
       590         18          0          0          0        444   gui_drawgradient.o
       588         24          0          0          0        288   gui_drawgraphex.o
        76          6          0          0          0        132   gui_drawhline.o
      1176         34         68          0          0       1304   gui_drawline.o
        64          4          0          0          0        128   gui_drawpixel.o
        32          4          0          0          0        116   gui_drawpoint.o
        64          4          0          0          0        128   gui_drawvline.o
        68          8          0          0          0        248   gui_exec.o
       532         22          0          4         24        272   gui_fillpolygon.o
        28          0          0          0          0        256   gui_getcolor.o
         4          0          0          0          0        116   gui_getfontsizey.o
        12          4          0          0          0        116   gui_getlinestyle.o
        32         10          0          0          0        232   gui_getorg.o
        52         12          0          0          0        360   gui_goto.o
        88          0          0          0          0        124   gui_mergerect.o
        30          0          0          0          0        116   gui_moverect.o
        94         14          0         16         88        476   gui_onkey.o
        16          4          0          0          0        116   gui_pen.o
        78          0          0          0          0        128   gui_realloc.o
        56          0          0          0          0        116   gui_rectsintersect.o
        32         10          0          0          0        232   gui_savecontext.o
        48         10          0          0          0        128   gui_selectlayer.o
        18          0          0          0          0        128   gui_selectlcd.o
        36          4          0          0          0        124   gui_setalpha.o
         8          0          0          0          0        232   gui_setcolor.o
        64          6          0          0          0        128   gui_setdefault.o
         4          0          0          0          0        116   gui_setdrawmode.o
        20          6          0          0          0        116   gui_setfont.o
        16          4          0          0          0        116   gui_setlinestyle.o
        56         18          0          0          0        128   gui_setorg.o
        20          6          0          0          0        116   gui_settextalign.o
        20          6          0          0          0        116   gui_settextmode.o
        46          0          0          0          0        244   gui_time.o
       806         44          0         20          0       1544   gui_timer.o
        84         10          0          0          0        264   gui_uc.o
        18          0         16          0          0        464   gui_uc_encodenone.o
        62          0          0          0          0        252   gui_val.o
       498         18          0          0          0        656   gui_valf.o
        16          4          0         12          0        116   gui_waitevent.o
       198          0         24          0          0        388   guicc_0.o
        36          0         24          0          0        480   guicc_8888.o
         2          0          0          0          0        116   guicc_8888_index2color.o
         2          0          0          0          0        116   guicc_888_index2color.o
       258         46         24          8          0        652   guicc_m565.o
       756         38          0          0          0       1064   guidev.o
      2282         60        116          0          0       2104   guidev_16.o
      2368         62        116          0          0       2256   guidev_32.o
       340         12          0          4          0        264   guidev_banding.o
        60          6          0          0          0        124   guidev_clear.o
        26          0          0          0          0        128   guidev_getdataptr.o
        40          6          0          0          0        128   guidev_getysize.o
        44          4          0          0          0        128   guidev_reduceysize.o
        88          4          0          0          0        128   guidev_setorg.o
       358         20          0          1          0        284   guidev_staticdevices.o
        76          0          0          0          0        260   guidev_usage.o
       416          6         24          0          0        748   guidev_usagebm.o
       106          4          0          0          0        244   guidev_write.o
       400         14          0          0          0        144   guidev_writetoactivealpha.o
      1854         18          8          0          0        732   guidev_writetoactiveopaque.o
      1506         76        116         28          0       5428   guidrv_flexcolor.o
      1712         62          0          0          0       1308   guidrv_flexcolor_16bpp_c0b16.o
       886         56          0          8          0       1880   guidrv_flexcolor_func66709.o
      1730        118         12          4          0       2300   lcd.o
        16          6          0          4          0        116   lcd_aa.o
       272         30          0         16          0        632   lcd_color.o
        32         12          0          0          0        232   lcd_getcolorindex.o
       432         48          0          8          0       2832   lcd_getex.o
        26          0          0          0          0        128   lcd_getnumdisplays.o
         0          0        256          0          0          0   lcd_mirror.o
       504         18          0          0          0        280   lcd_readrect.o
        64          8          0          0          0        128   lcd_selectlcd.o
       132          0          0          0          0        396   lcd_set.o
        48         10          0          0          0        128   lcd_setcliprectex.o
        36          4          0          0          0        128   lcd_updatecolorindices.o
      1422          8          0         26          0       1552   scrollbar.o
        54          0          0          0          0        128   scrollbar_create.o
        24          0          0          0          0        128   scrollbar_getvalue.o
       582         10          0         12          0        408   scrollbar_skin.o
      1064         30          0         88          0        928   scrollbar_skinflex.o
       356         10          0         16          0        416   text.o
        60          0          0          0          0        136   text_createindirect.o
        36          0          0          0          0        128   text_setfont.o
        74          0          0          0          0        128   text_settext.o
        32          0          0          0          0        128   text_settextalign.o
        36          0          0          0          0        128   text_settextcolor.o
       774          4          0          4          0       1548   widget.o
       144         12         28          4          0        512   widget_effect_simple.o
       446          8          0          4          0        532   window.o
      4618        230          0        101         24       6680   wm.o
        44          0          0          0          0        128   wm__foreachdesc.o
        18          0          0          0          0        124   wm__getfirstsibling.o
        40          8          0          0          0        128   wm__getfocussedchild.o
        24          0          0          0          0        124   wm__getlastsibling.o
        36          0          0          0          0        128   wm__getprevsibling.o
        46          0          0          0          0        244   wm__isancestor.o
        34          0          0          0          0        128   wm__ischild.o
        20          0          0          0          0        116   wm__screen2client.o
        60          6          0          4          0        136   wm__sendmessage.o
        38          0          0          0          0        128   wm__sendmessagenopara.o
       220          0          0          0          0        144   wm__updatechildpositions.o
       126          0          0          0          0        140   wm_bringtobottom.o
       120          6          0          0          0        360   wm_bringtotop.o
        28          0          0          0          0        116   wm_checkscrollpos.o
        16          6          0          0          0        116   wm_criticalhandle.o
         4          0          0          0          0        116   wm_foreachdesc.o
        64         10          0          0          0        360   wm_getclientrect.o
        22          0          0          0          0        128   wm_getclientwindow.o
        24         10          0          0          0        116   wm_getdesktopwindow.o
        80          0          0          0          0        248   wm_getdialogitem.o
        14          0          0          0          0        124   wm_getfirstchild.o
        22          0          0          0          0        124   wm_getflags.o
        20          8          0          0          0        116   wm_getfocussedwindow.o
        26          0          0          0          0        128   wm_getid.o
        16          0          0          0          0        124   wm_getinsiderect.o
       164          0          0          0          0        136   wm_getinsiderectexscrollbar.o
        76         12          0          0          0        480   wm_getorg.o
        14          0          0          0          0        124   wm_getparent.o
       116          0          0          0          0        364   wm_getscrollbar.o
        42          0          0          0          0        136   wm_getscrollpartner.o
        26          0          0          0          0        124   wm_getwindowrect.o
        32         10          0          0          0        116   wm_hasfocus.o
        40          0          0          0          0        124   wm_hide.o
        48          0          0          0          0        132   wm_isfocussable.o
         4          0          0          0          0        116   wm_iswindow.o
       268          0          0          0          0        396   wm_move.o
        16          0          0          0          0        124   wm_notifyparent.o
        56          8          0          0          0        132   wm_onkey.o
       236          0          0          0          0        136   wm_resizewindow.o
         4          0          0          0          0        116   wm_sendmessagenopara.o
        30          0          0          0          0        140   wm_sendtoparent.o
        96         20          0          0          0        260   wm_setcapture.o
       156          8          0          0          0        136   wm_setfocus.o
       146          6          0          0          0        372   wm_setfocusonnextchild.o
        90          0          0          0          0        252   wm_setfocusonprevchild.o
       100          0          0          0          0        596   wm_setscrollbar.o
        24          0          0          0          0        124   wm_setscrollstate.o
        62          0          0          0          0        132   wm_setsize.o
        26          0          0          0          0        124   wm_settrans.o
        24          6          0          0          0        124   wm_setusercliprect.o
        78          0          0          0          0        252   wm_show.o
       298          4          0          0          0        776   wm_timer.o
         0          0          0          0         72          0   wm_touch.o
       280         28          0          0          0        156   ceil.o
       280         28          0          0          0        156   floor.o
        86          0          0          0          0          0   __dczerorl2.o
         0          0          0          0          0          0   entry.o
         0          0          0          0          0          0   entry10a.o
         0          0          0          0          0          0   entry11a.o
         4          0          0          0          0          0   entry12b.o
         8          4          0          0          0          0   entry2.o
         4          0          0          0          0          0   entry5.o
         0          0          0          0          0          0   entry7b.o
         0          0          0          0          0          0   entry8b.o
         8          4          0          0          0          0   entry9a.o
        30          0          0          0          0          0   handlers.o
        36          8          0          0          0         68   init.o
         0          0          0          0          0          0   iusefp.o
        30          0          0          0          0         68   llshl.o
        36          0          0          0          0         68   llsshr.o
        32          0          0          0          0         68   llushr.o
        64          0          0          0          0         76   memmovea.o
        36          0          0          0          0        108   memseta.o
      2268         96          0          0          0        616   printfa.o
         0          0          0          4          0          0   stdout.o
        18          0          0          0          0         68   strcpy.o
        14          0          0          0          0         68   strlen.o
        44          0          0          0          0         80   uidiv.o
        98          0          0          0          0         92   uldiv.o
        48          0          0          0          0         68   cdrcmple.o
        56          0          0          0          0         88   d2f.o
       334          0          0          0          0        148   dadd.o
       222          0          0          0          0        100   ddiv.o
       186          0          0          0          0        176   depilogue.o
        48          0          0          0          0         68   dfixul.o
       228          0          0          0          0         96   dmul.o
        38          0          0          0          0         68   f2d.o
       110          0          0          0          0        168   fepilogue.o

    ----------------------------------------------------------------------
     52748       2078      14528        624        524      80288   Library Totals
       122          0          6          9          0          0   (incl. Padding)

    ----------------------------------------------------------------------

      Code (inc. data)   RO Data    RW Data    ZI Data      Debug   Library Name

     47980       1910      14522        611        524      77616   STemWin532_CM4_Keil.lib
       560         56          0          0          0        312   m_wm.l
      2816        112          0          4          0       1380   mc_w.l
      1270          0          0          0          0        980   mf_w.l

    ----------------------------------------------------------------------
     52748       2078      14528        624        524      80288   Library Totals

    ----------------------------------------------------------------------

==============================================================================


      Code (inc. data)   RO Data    RW Data    ZI Data      Debug   

     60088       2808      16828        704      42568     794283   Grand Totals
     60088       2808      16828        248      42568     794283   ELF Image Totals (compressed)
     60088       2808      16828        248          0          0   ROM Totals

==============================================================================

    Total RO  Size (Code + RO Data)                76916 (  75.11kB)
    Total RW  Size (RW Data + ZI Data)             43272 (  42.26kB)
    Total ROM Size (Code + RO Data + RW Data)      77164 (  75.36kB)

==============================================================================

