Component: ARM Compiler 5.06 update 7 (build 960) Tool: armlink [4d3601]

==============================================================================

Section Cross References

    startup_stm32f40xx.o(RESET) refers to startup_stm32f40xx.o(STACK) for __initial_sp
    startup_stm32f40xx.o(RESET) refers to startup_stm32f40xx.o(.text) for Reset_Handler
    startup_stm32f40xx.o(RESET) refers to stm32f4xx_it.o(i.NMI_Handler) for NMI_Handler
    startup_stm32f40xx.o(RESET) refers to stm32f4xx_it.o(i.HardFault_Handler) for HardFault_Handler
    startup_stm32f40xx.o(RESET) refers to stm32f4xx_it.o(i.MemManage_Handler) for MemManage_Handler
    startup_stm32f40xx.o(RESET) refers to stm32f4xx_it.o(i.BusFault_Handler) for BusFault_Handler
    startup_stm32f40xx.o(RESET) refers to stm32f4xx_it.o(i.UsageFault_Handler) for UsageFault_Handler
    startup_stm32f40xx.o(RESET) refers to stm32f4xx_it.o(i.SVC_Handler) for SVC_Handler
    startup_stm32f40xx.o(RESET) refers to stm32f4xx_it.o(i.DebugMon_Handler) for DebugMon_Handler
    startup_stm32f40xx.o(RESET) refers to stm32f4xx_it.o(i.PendSV_Handler) for PendSV_Handler
    startup_stm32f40xx.o(RESET) refers to stm32f4xx_it.o(i.SysTick_Handler) for SysTick_Handler
    startup_stm32f40xx.o(RESET) refers to stm32f4xx_it.o(i.TIM6_DAC_IRQHandler) for TIM6_DAC_IRQHandler
    startup_stm32f40xx.o(RESET) refers to stm32f4xx_it.o(i.CAN2_RX0_IRQHandler) for CAN2_RX0_IRQHandler
    startup_stm32f40xx.o(.text) refers to system_stm32f4xx.o(i.SystemInit) for SystemInit
    startup_stm32f40xx.o(.text) refers to entry.o(.ARM.Collect$$$$00000000) for __main
    system_stm32f4xx.o(i.SystemCoreClockUpdate) refers to system_stm32f4xx.o(.data) for SystemCoreClock
    system_stm32f4xx.o(i.SystemInit) refers to system_stm32f4xx.o(i.SetSysClock) for SetSysClock
    stm32f4xx_adc.o(i.ADC_DeInit) refers to stm32f4xx_rcc.o(i.RCC_APB2PeriphResetCmd) for RCC_APB2PeriphResetCmd
    stm32f4xx_can.o(i.CAN_DeInit) refers to stm32f4xx_rcc.o(i.RCC_APB1PeriphResetCmd) for RCC_APB1PeriphResetCmd
    stm32f4xx_can.o(i.CAN_GetITStatus) refers to stm32f4xx_can.o(i.CheckITStatus) for CheckITStatus
    stm32f4xx_cryp.o(i.CRYP_DeInit) refers to stm32f4xx_rcc.o(i.RCC_AHB2PeriphResetCmd) for RCC_AHB2PeriphResetCmd
    stm32f4xx_cryp_aes.o(i.CRYP_AES_CBC) refers to stm32f4xx_cryp.o(i.CRYP_KeyStructInit) for CRYP_KeyStructInit
    stm32f4xx_cryp_aes.o(i.CRYP_AES_CBC) refers to stm32f4xx_cryp.o(i.CRYP_FIFOFlush) for CRYP_FIFOFlush
    stm32f4xx_cryp_aes.o(i.CRYP_AES_CBC) refers to stm32f4xx_cryp.o(i.CRYP_Init) for CRYP_Init
    stm32f4xx_cryp_aes.o(i.CRYP_AES_CBC) refers to stm32f4xx_cryp.o(i.CRYP_KeyInit) for CRYP_KeyInit
    stm32f4xx_cryp_aes.o(i.CRYP_AES_CBC) refers to stm32f4xx_cryp.o(i.CRYP_Cmd) for CRYP_Cmd
    stm32f4xx_cryp_aes.o(i.CRYP_AES_CBC) refers to stm32f4xx_cryp.o(i.CRYP_GetFlagStatus) for CRYP_GetFlagStatus
    stm32f4xx_cryp_aes.o(i.CRYP_AES_CBC) refers to stm32f4xx_cryp.o(i.CRYP_IVInit) for CRYP_IVInit
    stm32f4xx_cryp_aes.o(i.CRYP_AES_CBC) refers to stm32f4xx_cryp.o(i.CRYP_GetCmdStatus) for CRYP_GetCmdStatus
    stm32f4xx_cryp_aes.o(i.CRYP_AES_CBC) refers to stm32f4xx_cryp.o(i.CRYP_DataIn) for CRYP_DataIn
    stm32f4xx_cryp_aes.o(i.CRYP_AES_CBC) refers to stm32f4xx_cryp.o(i.CRYP_DataOut) for CRYP_DataOut
    stm32f4xx_cryp_aes.o(i.CRYP_AES_CCM) refers to stm32f4xx_cryp.o(i.CRYP_KeyStructInit) for CRYP_KeyStructInit
    stm32f4xx_cryp_aes.o(i.CRYP_AES_CCM) refers to stm32f4xx_cryp.o(i.CRYP_FIFOFlush) for CRYP_FIFOFlush
    stm32f4xx_cryp_aes.o(i.CRYP_AES_CCM) refers to stm32f4xx_cryp.o(i.CRYP_KeyInit) for CRYP_KeyInit
    stm32f4xx_cryp_aes.o(i.CRYP_AES_CCM) refers to stm32f4xx_cryp.o(i.CRYP_IVInit) for CRYP_IVInit
    stm32f4xx_cryp_aes.o(i.CRYP_AES_CCM) refers to stm32f4xx_cryp.o(i.CRYP_Init) for CRYP_Init
    stm32f4xx_cryp_aes.o(i.CRYP_AES_CCM) refers to stm32f4xx_cryp.o(i.CRYP_PhaseConfig) for CRYP_PhaseConfig
    stm32f4xx_cryp_aes.o(i.CRYP_AES_CCM) refers to stm32f4xx_cryp.o(i.CRYP_DataIn) for CRYP_DataIn
    stm32f4xx_cryp_aes.o(i.CRYP_AES_CCM) refers to stm32f4xx_cryp.o(i.CRYP_Cmd) for CRYP_Cmd
    stm32f4xx_cryp_aes.o(i.CRYP_AES_CCM) refers to stm32f4xx_cryp.o(i.CRYP_GetCmdStatus) for CRYP_GetCmdStatus
    stm32f4xx_cryp_aes.o(i.CRYP_AES_CCM) refers to stm32f4xx_cryp.o(i.CRYP_GetFlagStatus) for CRYP_GetFlagStatus
    stm32f4xx_cryp_aes.o(i.CRYP_AES_CCM) refers to stm32f4xx_cryp.o(i.CRYP_DataOut) for CRYP_DataOut
    stm32f4xx_cryp_aes.o(i.CRYP_AES_CTR) refers to stm32f4xx_cryp.o(i.CRYP_KeyStructInit) for CRYP_KeyStructInit
    stm32f4xx_cryp_aes.o(i.CRYP_AES_CTR) refers to stm32f4xx_cryp.o(i.CRYP_KeyInit) for CRYP_KeyInit
    stm32f4xx_cryp_aes.o(i.CRYP_AES_CTR) refers to stm32f4xx_cryp.o(i.CRYP_Init) for CRYP_Init
    stm32f4xx_cryp_aes.o(i.CRYP_AES_CTR) refers to stm32f4xx_cryp.o(i.CRYP_IVInit) for CRYP_IVInit
    stm32f4xx_cryp_aes.o(i.CRYP_AES_CTR) refers to stm32f4xx_cryp.o(i.CRYP_FIFOFlush) for CRYP_FIFOFlush
[...]
    0x0802d7b4   0x0802d7b4   0x0000020e   Code   RO         7423    i._OnTouch          STemWin532_CM4_Keil.lib(scrollbar.o)
    0x0802d9c2   0x0802d9c2   0x0000006a   Code   RO         7450    i._Paint            STemWin532_CM4_Keil.lib(text.o)
    0x0802da2c   0x0802da2c   0x000000ba   Code   RO         8077    i._Paint            STemWin532_CM4_Keil.lib(scrollbar_skin.o)
    0x0802dae6   0x0802dae6   0x00000002   PAD
    0x0802dae8   0x0802dae8   0x00000024   Code   RO         6825    i._Paint1           STemWin532_CM4_Keil.lib(wm.o)
    0x0802db0c   0x0802db0c   0x0000008c   Code   RO         6826    i._Paint1Trans      STemWin532_CM4_Keil.lib(wm.o)
    0x0802db98   0x0802db98   0x0000009a   Code   RO         6827    i._PaintTransChildren  STemWin532_CM4_Keil.lib(wm.o)
    0x0802dc32   0x0802dc32   0x00000002   PAD
    0x0802dc34   0x0802dc34   0x00000040   Code   RO         6079    i._PopFreeBlock     STemWin532_CM4_Keil.lib(gui_alloc.o)
    0x0802dc74   0x0802dc74   0x00000028   Code   RO         6080    i._PushFreeBlock    STemWin532_CM4_Keil.lib(gui_alloc.o)
    0x0802dc9c   0x0802dc9c   0x00000006   Code   RO         6364    i._ReadData         STemWin532_CM4_Keil.lib(guidrv_flexcolor_16bpp_c0b16.o)
    0x0802dca2   0x0802dca2   0x0000000c   Code   RO         6293    i._ReadPixelCust_16bpp  STemWin532_CM4_Keil.lib(guidrv_flexcolor.o)
    0x0802dcae   0x0802dcae   0x0000000c   Code   RO         6294    i._ReadPixelCust_18bpp  STemWin532_CM4_Keil.lib(guidrv_flexcolor.o)
    0x0802dcba   0x0802dcba   0x00000028   Code   RO         6379    i._ReadPixel_16bpp_B16_I  STemWin532_CM4_Keil.lib(guidrv_flexcolor_func66709.o)
    0x0802dce2   0x0802dce2   0x00000024   Code   RO         6382    i._ReadPixel_16bpp_B8  STemWin532_CM4_Keil.lib(guidrv_flexcolor_func66709.o)
    0x0802dd06   0x0802dd06   0x00000030   Code   RO         6295    i._ReadRectCust_16bpp  STemWin532_CM4_Keil.lib(guidrv_flexcolor.o)
    0x0802dd36   0x0802dd36   0x00000030   Code   RO         6296    i._ReadRectCust_18bpp  STemWin532_CM4_Keil.lib(guidrv_flexcolor.o)
    0x0802dd66   0x0802dd66   0x0000004c   Code   RO         6383    i._ReadRect_16bpp_B16_I  STemWin532_CM4_Keil.lib(guidrv_flexcolor_func66709.o)
    0x0802ddb2   0x0802ddb2   0x00000048   Code   RO         6386    i._ReadRect_16bpp_B8  STemWin532_CM4_Keil.lib(guidrv_flexcolor_func66709.o)
    0x0802ddfa   0x0802ddfa   0x00000002   PAD
    0x0802ddfc   0x0802ddfc   0x00000034   Code   RO         6081    i._RemoveFreeBlock  STemWin532_CM4_Keil.lib(gui_alloc.o)
    0x0802de30   0x0802de30   0x0000005c   Code   RO         7099    i._RemoveFromLinList  STemWin532_CM4_Keil.lib(gui_timer.o)
    0x0802de8c   0x0802de8c   0x000000a0   Code   RO         6082    i._RemoveHoles      STemWin532_CM4_Keil.lib(gui_alloc.o)
    0x0802df2c   0x0802df2c   0x00000048   Code   RO         7139    i._RoundHalfUp      STemWin532_CM4_Keil.lib(gui_valf.o)
    0x0802df74   0x0802df74   0x00000020   Code   RO         7176    i._SetBkColor       STemWin532_CM4_Keil.lib(lcd.o)
    0x0802df94   0x0802df94   0x0000004c   Code   RO         6828    i._SetClipRectUserIntersect  STemWin532_CM4_Keil.lib(wm.o)
    0x0802dfe0   0x0802dfe0   0x00000020   Code   RO         7177    i._SetColor         STemWin532_CM4_Keil.lib(lcd.o)
    0x0802e000   0x0802e000   0x00000080   Code   RO         6297    i._SetDevFunc       STemWin532_CM4_Keil.lib(guidrv_flexcolor.o)
    0x0802e080   0x0802e080   0x0000002c   Code   RO         7178    i._SetDrawMode      STemWin532_CM4_Keil.lib(lcd.o)
    0x0802e0ac   0x0802e0ac   0x00000060   Code   RO         7572    i._SetFocusOnNextChild  STemWin532_CM4_Keil.lib(wm_setfocusonnextchild.o)
    0x0802e10c   0x0802e10c   0x00000030   Code   RO         6387    i._SetInterface     STemWin532_CM4_Keil.lib(guidrv_flexcolor_func66709.o)
    0x0802e13c   0x0802e13c   0x00000078   Code   RO         6976    i._SetLineColor     STemWin532_CM4_Keil.lib(gui_drawline.o)
    0x0802e1b4   0x0802e1b4   0x00000012   Code   RO         6298    i._SetOrg           STemWin532_CM4_Keil.lib(guidrv_flexcolor.o)
    0x0802e1c6   0x0802e1c6   0x0000000e   Code   RO         7334    i._SetOrg           STemWin532_CM4_Keil.lib(guidev_16.o)
    0x0802e1d4   0x0802e1d4   0x00000008   Code   RO         7989    i._SetOrg           STemWin532_CM4_Keil.lib(guidev_32.o)
    0x0802e1dc   0x0802e1dc   0x00000038   Code   RO         6388    i._SetOrientation   STemWin532_CM4_Keil.lib(guidrv_flexcolor_func66709.o)
    0x0802e214   0x0802e214   0x000000a8   Code   RO         6389    i._SetPhysRAMAddr   STemWin532_CM4_Keil.lib(guidrv_flexcolor_func66709.o)
    0x0802e2bc   0x0802e2bc   0x0000000e   Code   RO         6299    i._SetPixelIndex    STemWin532_CM4_Keil.lib(guidrv_flexcolor.o)
    0x0802e2ca   0x0802e2ca   0x00000002   PAD
    0x0802e2cc   0x0802e2cc   0x00000048   Code   RO         7335    i._SetPixelIndex    STemWin532_CM4_Keil.lib(guidev_16.o)
    0x0802e314   0x0802e314   0x00000048   Code   RO         7990    i._SetPixelIndex    STemWin532_CM4_Keil.lib(guidev_32.o)
    0x0802e35c   0x0802e35c   0x000000b4   Code   RO         6390    i._SetRect          STemWin532_CM4_Keil.lib(guidrv_flexcolor_func66709.o)
    0x0802e410   0x0802e410   0x00000008   Code   RO         6391    i._SetReg_B16       STemWin532_CM4_Keil.lib(guidrv_flexcolor_func66709.o)
    0x0802e418   0x0802e418   0x0000001a   Code   RO         6392    i._SetReg_B8        STemWin532_CM4_Keil.lib(guidrv_flexcolor_func66709.o)
    0x0802e432   0x0802e432   0x0000004c   Code   RO         7584    i._SetScrollbar     STemWin532_CM4_Keil.lib(wm_setscrollbar.o)
    0x0802e47e   0x0802e47e   0x00000002   PAD
    0x0802e480   0x0802e480   0x000000ea   Code   RO         6083    i._TestRAM          STemWin532_CM4_Keil.lib(gui_alloc.o)
    0x0802e56a   0x0802e56a   0x00000002   PAD
    0x0802e56c   0x0802e56c   0x00000050   Code   RO         7100    i._Unlink           STemWin532_CM4_Keil.lib(gui_timer.o)
    0x0802e5bc   0x0802e5bc   0x00000028   Code   RO         8220    i._WrapGetNumCharsDisp  STemWin532_CM4_Keil.lib(gui__wrap.o)
    0x0802e5e4   0x0802e5e4   0x0000000a   Code   RO         6365    i._WriteData        STemWin532_CM4_Keil.lib(guidrv_flexcolor_16bpp_c0b16.o)
    0x0802e5ee   0x0802e5ee   0x00000008   Code   RO         6393    i._WritePara_B16    STemWin532_CM4_Keil.lib(guidrv_flexcolor_func66709.o)
    0x0802e5f6   0x0802e5f6   0x0000000a   Code   RO         6394    i._WritePara_B8     STemWin532_CM4_Keil.lib(guidrv_flexcolor_func66709.o)
    0x0802e600   0x0802e600   0x0000000e   Code   RO         6084    i._WriteTagData     STemWin532_CM4_Keil.lib(gui_alloc.o)
    0x0802e60e   0x0802e60e   0x00000002   PAD
    0x0802e610   0x0802e610   0x00000340   Code   RO         8061    i._WriteToActiveOpaque_8  STemWin532_CM4_Keil.lib(guidev_writetoactiveopaque.o)
    0x0802e950   0x0802e950   0x00000344   Code   RO         8062    i._WriteToActiveOpaque_HT  STemWin532_CM4_Keil.lib(guidev_writetoactiveopaque.o)
    0x0802ec94   0x0802ec94   0x0000003c   Code   RO         7336    i._XY2PTR           STemWin532_CM4_Keil.lib(guidev_16.o)
    0x0802ecd0   0x0802ecd0   0x0000003c   Code   RO         7991    i._XY2PTR           STemWin532_CM4_Keil.lib(guidev_32.o)
    0x0802ed0c   0x0802ed0c   0x00000024   Code   RO         6300    i._XorPixel         STemWin532_CM4_Keil.lib(guidrv_flexcolor.o)
    0x0802ed30   0x0802ed30   0x00000054   Code   RO         7337    i._XorPixel         STemWin532_CM4_Keil.lib(guidev_16.o)
    0x0802ed84   0x0802ed84   0x00000058   Code   RO         7992    i._XorPixel         STemWin532_CM4_Keil.lib(guidev_32.o)
    0x0802eddc   0x0802eddc   0x00000020   Code   RO         8838    i.__0printf         mc_w.l(printfa.o)
    0x0802edfc   0x0802edfc   0x00000028   Code   RO         8840    i.__0sprintf        mc_w.l(printfa.o)
    0x0802ee24   0x0802ee24   0x00000004   PAD
    0x0802ee28   0x0802ee28   0x00000118   Code   RO         8576    i.__hardfp_ceil     m_wm.l(ceil.o)
    0x0802ef40   0x0802ef40   0x00000118   Code   RO         8582    i.__hardfp_floor    m_wm.l(floor.o)
    0x0802f058   0x0802f058   0x0000000e   Code   RO         8916    i.__scatterload_copy  mc_w.l(handlers.o)
    0x0802f066   0x0802f066   0x00000002   Code   RO         8917    i.__scatterload_null  mc_w.l(handlers.o)
    0x0802f068   0x0802f068   0x0000000e   Code   RO         8918    i.__scatterload_zeroinit  mc_w.l(handlers.o)
    0x0802f076   0x0802f076   0x00000002   PAD
    0x0802f078   0x0802f078   0x00000084   Code   RO         6977    i._atan2            STemWin532_CM4_Keil.lib(gui_drawline.o)
    0x0802f0fc   0x0802f0fc   0x00000050   Code   RO         6829    i._cbBackWin        STemWin532_CM4_Keil.lib(wm.o)
    0x0802f14c   0x0802f14c   0x00000068   Code   RO         5685    i._cbDialog         start.o
    0x0802f1b4   0x0802f1b4   0x000000a8   Code   RO         5710    i._cbDialog         voltage.o
    0x0802f25c   0x0802f25c   0x00000004   Code   RO         8138    i._cbInvalidateOne  STemWin532_CM4_Keil.lib(wm_bringtotop.o)
    0x0802f260   0x0802f260   0x00000044   Code   RO         6830    i._cbPaintMemDev    STemWin532_CM4_Keil.lib(wm.o)
    0x0802f2a4   0x0802f2a4   0x0000002c   Code   RO         6901    i._cbTimer          STemWin532_CM4_Keil.lib(wm_timer.o)
    0x0802f2d0   0x0802f2d0   0x00000184   Code   RO         8845    i._fp_digits        mc_w.l(printfa.o)
    0x0802f454   0x0802f454   0x000006b4   Code   RO         8846    i._printf_core      mc_w.l(printfa.o)
    0x0802fb08   0x0802fb08   0x00000024   Code   RO         8847    i._printf_post_padding  mc_w.l(printfa.o)
    0x0802fb2c   0x0802fb2c   0x0000002e   Code   RO         8848    i._printf_pre_padding  mc_w.l(printfa.o)
    0x0802fb5a   0x0802fb5a   0x0000000a   Code   RO         8850    i._sputc            mc_w.l(printfa.o)
    0x0802fb64   0x0802fb64   0x0000008a   Code   RO         7179    i.emWin_LCD_Init    STemWin532_CM4_Keil.lib(lcd.o)
    0x0802fbee   0x0802fbee   0x00000002   PAD
    0x0802fbf0   0x0802fbf0   0x00000024   Code   RO         5513    i.fputc             bsp_debug_usart.o
    0x0802fc14   0x0802fc14   0x0000011c   Code   RO         4767    i.main              main.o
    0x0802fd30   0x0802fd30   0x00003b60   Data   RO         4988    .constdata          fonts.o
    0x08033890   0x08033890   0x00000038   Data   RO         5686    .constdata          start.o
    0x080338c8   0x080338c8   0x000000e0   Data   RO         5712    .constdata          voltage.o
    0x080339a8   0x080339a8   0x00000008   Data   RO         6136    .constdata          STemWin532_CM4_Keil.lib(gui_core.o)
    0x080339b0   0x080339b0   0x00000018   Data   RO         6190    .constdata          STemWin532_CM4_Keil.lib(guicc_m565.o)
    0x080339c8   0x080339c8   0x00000034   Data   RO         6301    .constdata          STemWin532_CM4_Keil.lib(guidrv_flexcolor.o)
    0x080339fc   0x080339fc   0x00000040   Data   RO         6302    .constdata          STemWin532_CM4_Keil.lib(guidrv_flexcolor.o)
    0x08033a3c   0x08033a3c   0x00000518   Data   RO         6416    .constdata          STemWin532_CM4_Keil.lib(f6x8.o)
    0x08033f54   0x08033f54   0x000001c0   Data   RO         6417    .constdata          STemWin532_CM4_Keil.lib(f6x8.o)
    0x08034114   0x08034114   0x00000008   Data   RO         6418    .constdata          STemWin532_CM4_Keil.lib(f6x8.o)
    0x0803411c   0x0803411c   0x00000014   Data   RO         6419    .constdata          STemWin532_CM4_Keil.lib(f6x8.o)
    0x08034130   0x08034130   0x00000024   Data   RO         6420    .constdata          STemWin532_CM4_Keil.lib(f6x8.o)
    0x08034154   0x08034154   0x0000000d   Data   RO         6422    .constdata          STemWin532_CM4_Keil.lib(f13b_ascii.o)
    0x08034161   0x08034161   0x0000000d   Data   RO         6423    .constdata          STemWin532_CM4_Keil.lib(f13b_ascii.o)
    0x0803416e   0x0803416e   0x0000000d   Data   RO         6424    .constdata          STemWin532_CM4_Keil.lib(f13b_ascii.o)
    0x0803417b   0x0803417b   0x0000001a   Data   RO         6425    .constdata          STemWin532_CM4_Keil.lib(f13b_ascii.o)
    0x08034195   0x08034195   0x0000000d   Data   RO         6426    .constdata          STemWin532_CM4_Keil.lib(f13b_ascii.o)
    0x080341a2   0x080341a2   0x0000001a   Data   RO         6427    .constdata          STemWin532_CM4_Keil.lib(f13b_ascii.o)
    0x080341bc   0x080341bc   0x0000001a   Data   RO         6428    .constdata          STemWin532_CM4_Keil.lib(f13b_ascii.o)
    0x080341d6   0x080341d6   0x0000000d   Data   RO         6429    .constdata          STemWin532_CM4_Keil.lib(f13b_ascii.o)
    0x080341e3   0x080341e3   0x0000000d   Data   RO         6430    .constdata          STemWin532_CM4_Keil.lib(f13b_ascii.o)
    0x080341f0   0x080341f0   0x0000000d   Data   RO         6431    .constdata          STemWin532_CM4_Keil.lib(f13b_ascii.o)
    0x080341fd   0x080341fd   0x0000000d   Data   RO         6432    .constdata          STemWin532_CM4_Keil.lib(f13b_ascii.o)
    0x0803420a   0x0803420a   0x0000001a   Data   RO         6433    .constdata          STemWin532_CM4_Keil.lib(f13b_ascii.o)
    0x08034224   0x08034224   0x0000000d   Data   RO         6434    .constdata          STemWin532_CM4_Keil.lib(f13b_ascii.o)
    0x08034231   0x08034231   0x0000000d   Data   RO         6435    .constdata          STemWin532_CM4_Keil.lib(f13b_ascii.o)
    0x0803423e   0x0803423e   0x0000000d   Data   RO         6436    .constdata          STemWin532_CM4_Keil.lib(f13b_ascii.o)
    0x0803424b   0x0803424b   0x0000000d   Data   RO         6437    .constdata          STemWin532_CM4_Keil.lib(f13b_ascii.o)
    0x08034258   0x08034258   0x0000000d   Data   RO         6438    .constdata          STemWin532_CM4_Keil.lib(f13b_ascii.o)
    0x08034265   0x08034265   0x0000000d   Data   RO         6439    .constdata          STemWin532_CM4_Keil.lib(f13b_ascii.o)
    0x08034272   0x08034272   0x0000000d   Data   RO         6440    .constdata          STemWin532_CM4_Keil.lib(f13b_ascii.o)
    0x0803427f   0x0803427f   0x0000000d   Data   RO         6441    .constdata          STemWin532_CM4_Keil.lib(f13b_ascii.o)
    0x0803428c   0x0803428c   0x0000000d   Data   RO         6442    .constdata          STemWin532_CM4_Keil.lib(f13b_ascii.o)
    0x08034299   0x08034299   0x0000000d   Data   RO         6443    .constdata          STemWin532_CM4_Keil.lib(f13b_ascii.o)
    0x080342a6   0x080342a6   0x0000000d   Data   RO         6444    .constdata          STemWin532_CM4_Keil.lib(f13b_ascii.o)
    0x080342b3   0x080342b3   0x0000000d   Data   RO         6445    .constdata          STemWin532_CM4_Keil.lib(f13b_ascii.o)
    0x080342c0   0x080342c0   0x0000000d   Data   RO         6446    .constdata          STemWin532_CM4_Keil.lib(f13b_ascii.o)
    0x080342cd   0x080342cd   0x0000000d   Data   RO         6447    .constdata          STemWin532_CM4_Keil.lib(f13b_ascii.o)
    0x080342da   0x080342da   0x0000000d   Data   RO         6448    .constdata          STemWin532_CM4_Keil.lib(f13b_ascii.o)
    0x080342e7   0x080342e7   0x0000000d   Data   RO         6449    .constdata          STemWin532_CM4_Keil.lib(f13b_ascii.o)
    0x080342f4   0x080342f4   0x0000001a   Data   RO         6450    .constdata          STemWin532_CM4_Keil.lib(f13b_ascii.o)
    0x0803430e   0x0803430e   0x0000001a   Data   RO         6451    .constdata          STemWin532_CM4_Keil.lib(f13b_ascii.o)
    0x08034328   0x08034328   0x0000001a   Data   RO         6452    .constdata          STemWin532_CM4_Keil.lib(f13b_ascii.o)
    0x08034342   0x08034342   0x0000000d   Data   RO         6453    .constdata          STemWin532_CM4_Keil.lib(f13b_ascii.o)
    0x0803434f   0x0803434f   0x0000001a   Data   RO         6454    .constdata          STemWin532_CM4_Keil.lib(f13b_ascii.o)
    0x08034369   0x08034369   0x0000000d   Data   RO         6455    .constdata          STemWin532_CM4_Keil.lib(f13b_ascii.o)
    0x08034376   0x08034376   0x0000000d   Data   RO         6456    .constdata          STemWin532_CM4_Keil.lib(f13b_ascii.o)
    0x08034383   0x08034383   0x0000000d   Data   RO         6457    .constdata          STemWin532_CM4_Keil.lib(f13b_ascii.o)
    0x08034390   0x08034390   0x0000000d   Data   RO         6458    .constdata          STemWin532_CM4_Keil.lib(f13b_ascii.o)
    0x0803439d   0x0803439d   0x0000000d   Data   RO         6459    .constdata          STemWin532_CM4_Keil.lib(f13b_ascii.o)
    0x080343aa   0x080343aa   0x0000000d   Data   RO         6460    .constdata          STemWin532_CM4_Keil.lib(f13b_ascii.o)
    0x080343b7   0x080343b7   0x0000000d   Data   RO         6461    .constdata          STemWin532_CM4_Keil.lib(f13b_ascii.o)
    0x080343c4   0x080343c4   0x0000000d   Data   RO         6462    .constdata          STemWin532_CM4_Keil.lib(f13b_ascii.o)
    0x080343d1   0x080343d1   0x0000000d   Data   RO         6463    .constdata          STemWin532_CM4_Keil.lib(f13b_ascii.o)
    0x080343de   0x080343de   0x0000000d   Data   RO         6464    .constdata          STemWin532_CM4_Keil.lib(f13b_ascii.o)
    0x080343eb   0x080343eb   0x0000000d   Data   RO         6465    .constdata          STemWin532_CM4_Keil.lib(f13b_ascii.o)
    0x080343f8   0x080343f8   0x0000000d   Data   RO         6466    .constdata          STemWin532_CM4_Keil.lib(f13b_ascii.o)
    0x08034405   0x08034405   0x0000001a   Data   RO         6467    .constdata          STemWin532_CM4_Keil.lib(f13b_ascii.o)
    0x0803441f   0x0803441f   0x0000000d   Data   RO         6468    .constdata          STemWin532_CM4_Keil.lib(f13b_ascii.o)
    0x0803442c   0x0803442c   0x0000000d   Data   RO         6469    .constdata          STemWin532_CM4_Keil.lib(f13b_ascii.o)
    0x08034439   0x08034439   0x0000000d   Data   RO         6470    .constdata          STemWin532_CM4_Keil.lib(f13b_ascii.o)
    0x08034446   0x08034446   0x0000000d   Data   RO         6471    .constdata          STemWin532_CM4_Keil.lib(f13b_ascii.o)
    0x08034453   0x08034453   0x0000000d   Data   RO         6472    .constdata          STemWin532_CM4_Keil.lib(f13b_ascii.o)
    0x08034460   0x08034460   0x0000000d   Data   RO         6473    .constdata          STemWin532_CM4_Keil.lib(f13b_ascii.o)
    0x0803446d   0x0803446d   0x0000000d   Data   RO         6474    .constdata          STemWin532_CM4_Keil.lib(f13b_ascii.o)
    0x0803447a   0x0803447a   0x0000000d   Data   RO         6475    .constdata          STemWin532_CM4_Keil.lib(f13b_ascii.o)
    0x08034487   0x08034487   0x0000000d   Data   RO         6476    .constdata          STemWin532_CM4_Keil.lib(f13b_ascii.o)
    0x08034494   0x08034494   0x0000001a   Data   RO         6477    .constdata          STemWin532_CM4_Keil.lib(f13b_ascii.o)
    0x080344ae   0x080344ae   0x0000000d   Data   RO         6478    .constdata          STemWin532_CM4_Keil.lib(f13b_ascii.o)
    0x080344bb   0x080344bb   0x0000000d   Data   RO         6479    .constdata          STemWin532_CM4_Keil.lib(f13b_ascii.o)
    0x080344c8   0x080344c8   0x0000000d   Data   RO         6480    .constdata          STemWin532_CM4_Keil.lib(f13b_ascii.o)
    0x080344d5   0x080344d5   0x0000000d   Data   RO         6481    .constdata          STemWin532_CM4_Keil.lib(f13b_ascii.o)
    0x080344e2   0x080344e2   0x0000000d   Data   RO         6482    .constdata          STemWin532_CM4_Keil.lib(f13b_ascii.o)
    0x080344ef   0x080344ef   0x0000000d   Data   RO         6483    .constdata          STemWin532_CM4_Keil.lib(f13b_ascii.o)
    0x080344fc   0x080344fc   0x0000001a   Data   RO         6484    .constdata          STemWin532_CM4_Keil.lib(f13b_ascii.o)
    0x08034516   0x08034516   0x0000000d   Data   RO         6485    .constdata          STemWin532_CM4_Keil.lib(f13b_ascii.o)
    0x08034523   0x08034523   0x0000000d   Data   RO         6486    .constdata          STemWin532_CM4_Keil.lib(f13b_ascii.o)
    0x08034530   0x08034530   0x0000000d   Data   RO         6487    .constdata          STemWin532_CM4_Keil.lib(f13b_ascii.o)
    0x0803453d   0x0803453d   0x0000000d   Data   RO         6488    .constdata          STemWin532_CM4_Keil.lib(f13b_ascii.o)
    0x0803454a   0x0803454a   0x0000000d   Data   RO         6489    .constdata          STemWin532_CM4_Keil.lib(f13b_ascii.o)
    0x08034557   0x08034557   0x0000000d   Data   RO         6490    .constdata          STemWin532_CM4_Keil.lib(f13b_ascii.o)
    0x08034564   0x08034564   0x0000000d   Data   RO         6491    .constdata          STemWin532_CM4_Keil.lib(f13b_ascii.o)
    0x08034571   0x08034571   0x0000000d   Data   RO         6492    .constdata          STemWin532_CM4_Keil.lib(f13b_ascii.o)
    0x0803457e   0x0803457e   0x0000000d   Data   RO         6493    .constdata          STemWin532_CM4_Keil.lib(f13b_ascii.o)
    0x0803458b   0x0803458b   0x0000000d   Data   RO         6494    .constdata          STemWin532_CM4_Keil.lib(f13b_ascii.o)
    0x08034598   0x08034598   0x0000000d   Data   RO         6495    .constdata          STemWin532_CM4_Keil.lib(f13b_ascii.o)
    0x080345a5   0x080345a5   0x0000000d   Data   RO         6496    .constdata          STemWin532_CM4_Keil.lib(f13b_ascii.o)
    0x080345b2   0x080345b2   0x0000000d   Data   RO         6497    .constdata          STemWin532_CM4_Keil.lib(f13b_ascii.o)
    0x080345bf   0x080345bf   0x0000000d   Data   RO         6498    .constdata          STemWin532_CM4_Keil.lib(f13b_ascii.o)
    0x080345cc   0x080345cc   0x0000001a   Data   RO         6499    .constdata          STemWin532_CM4_Keil.lib(f13b_ascii.o)
    0x080345e6   0x080345e6   0x0000000d   Data   RO         6500    .constdata          STemWin532_CM4_Keil.lib(f13b_ascii.o)
    0x080345f3   0x080345f3   0x0000000d   Data   RO         6501    .constdata          STemWin532_CM4_Keil.lib(f13b_ascii.o)
    0x08034600   0x08034600   0x0000000d   Data   RO         6502    .constdata          STemWin532_CM4_Keil.lib(f13b_ascii.o)
    0x0803460d   0x0803460d   0x0000000d   Data   RO         6503    .constdata          STemWin532_CM4_Keil.lib(f13b_ascii.o)
    0x0803461a   0x0803461a   0x0000000d   Data   RO         6504    .constdata          STemWin532_CM4_Keil.lib(f13b_ascii.o)
    0x08034627   0x08034627   0x0000000d   Data   RO         6505    .constdata          STemWin532_CM4_Keil.lib(f13b_ascii.o)
    0x08034634   0x08034634   0x0000000d   Data   RO         6506    .constdata          STemWin532_CM4_Keil.lib(f13b_ascii.o)
    0x08034641   0x08034641   0x0000000d   Data   RO         6507    .constdata          STemWin532_CM4_Keil.lib(f13b_ascii.o)
    0x0803464e   0x0803464e   0x0000000d   Data   RO         6508    .constdata          STemWin532_CM4_Keil.lib(f13b_ascii.o)
    0x0803465b   0x0803465b   0x0000001a   Data   RO         6509    .constdata          STemWin532_CM4_Keil.lib(f13b_ascii.o)
    0x08034675   0x08034675   0x0000000d   Data   RO         6510    .constdata          STemWin532_CM4_Keil.lib(f13b_ascii.o)
    0x08034682   0x08034682   0x0000000d   Data   RO         6511    .constdata          STemWin532_CM4_Keil.lib(f13b_ascii.o)
    0x0803468f   0x0803468f   0x0000000d   Data   RO         6512    .constdata          STemWin532_CM4_Keil.lib(f13b_ascii.o)
    0x0803469c   0x0803469c   0x0000000d   Data   RO         6513    .constdata          STemWin532_CM4_Keil.lib(f13b_ascii.o)
    0x080346a9   0x080346a9   0x0000000d   Data   RO         6514    .constdata          STemWin532_CM4_Keil.lib(f13b_ascii.o)
    0x080346b6   0x080346b6   0x0000000d   Data   RO         6515    .constdata          STemWin532_CM4_Keil.lib(f13b_ascii.o)
    0x080346c3   0x080346c3   0x0000001a   Data   RO         6516    .constdata          STemWin532_CM4_Keil.lib(f13b_ascii.o)
    0x080346dd   0x080346dd   0x00000003   PAD
    0x080346e0   0x080346e0   0x000002f8   Data   RO         6517    .constdata          STemWin532_CM4_Keil.lib(f13b_ascii.o)
    0x080349d8   0x080349d8   0x0000000c   Data   RO         6518    .constdata          STemWin532_CM4_Keil.lib(f13b_ascii.o)
    0x080349e4   0x080349e4   0x00000024   Data   RO         6519    .constdata          STemWin532_CM4_Keil.lib(f13b_ascii.o)
    0x08034a08   0x08034a08   0x00000018   Data   RO         6520    .constdata          STemWin532_CM4_Keil.lib(f24_ascii.o)
    0x08034a20   0x08034a20   0x00000018   Data   RO         6521    .constdata          STemWin532_CM4_Keil.lib(f24_ascii.o)
    0x08034a38   0x08034a38   0x00000018   Data   RO         6522    .constdata          STemWin532_CM4_Keil.lib(f24_ascii.o)
    0x08034a50   0x08034a50   0x00000030   Data   RO         6523    .constdata          STemWin532_CM4_Keil.lib(f24_ascii.o)
    0x08034a80   0x08034a80   0x00000030   Data   RO         6524    .constdata          STemWin532_CM4_Keil.lib(f24_ascii.o)
    0x08034ab0   0x08034ab0   0x00000048   Data   RO         6525    .constdata          STemWin532_CM4_Keil.lib(f24_ascii.o)
    0x08034af8   0x08034af8   0x00000030   Data   RO         6526    .constdata          STemWin532_CM4_Keil.lib(f24_ascii.o)
    0x08034b28   0x08034b28   0x00000018   Data   RO         6527    .constdata          STemWin532_CM4_Keil.lib(f24_ascii.o)
    0x08034b40   0x08034b40   0x00000018   Data   RO         6528    .constdata          STemWin532_CM4_Keil.lib(f24_ascii.o)
    0x08034b58   0x08034b58   0x00000018   Data   RO         6529    .constdata          STemWin532_CM4_Keil.lib(f24_ascii.o)
    0x08034b70   0x08034b70   0x00000018   Data   RO         6530    .constdata          STemWin532_CM4_Keil.lib(f24_ascii.o)
    0x08034b88   0x08034b88   0x00000030   Data   RO         6531    .constdata          STemWin532_CM4_Keil.lib(f24_ascii.o)
    0x08034bb8   0x08034bb8   0x00000018   Data   RO         6532    .constdata          STemWin532_CM4_Keil.lib(f24_ascii.o)
    0x08034bd0   0x08034bd0   0x00000018   Data   RO         6533    .constdata          STemWin532_CM4_Keil.lib(f24_ascii.o)
    0x08034be8   0x08034be8   0x00000018   Data   RO         6534    .constdata          STemWin532_CM4_Keil.lib(f24_ascii.o)
    0x08034c00   0x08034c00   0x00000018   Data   RO         6535    .constdata          STemWin532_CM4_Keil.lib(f24_ascii.o)
    0x08034c18   0x08034c18   0x00000030   Data   RO         6536    .constdata          STemWin532_CM4_Keil.lib(f24_ascii.o)
    0x08034c48   0x08034c48   0x00000030   Data   RO         6537    .constdata          STemWin532_CM4_Keil.lib(f24_ascii.o)
    0x08034c78   0x08034c78   0x00000030   Data   RO         6538    .constdata          STemWin532_CM4_Keil.lib(f24_ascii.o)
    0x08034ca8   0x08034ca8   0x00000030   Data   RO         6539    .constdata          STemWin532_CM4_Keil.lib(f24_ascii.o)
    0x08034cd8   0x08034cd8   0x00000030   Data   RO         6540    .constdata          STemWin532_CM4_Keil.lib(f24_ascii.o)
    0x08034d08   0x08034d08   0x00000030   Data   RO         6541    .constdata          STemWin532_CM4_Keil.lib(f24_ascii.o)
    0x08034d38   0x08034d38   0x00000030   Data   RO         6542    .constdata          STemWin532_CM4_Keil.lib(f24_ascii.o)
    0x08034d68   0x08034d68   0x00000030   Data   RO         6543    .constdata          STemWin532_CM4_Keil.lib(f24_ascii.o)
    0x08034d98   0x08034d98   0x00000030   Data   RO         6544    .constdata          STemWin532_CM4_Keil.lib(f24_ascii.o)
    0x08034dc8   0x08034dc8   0x00000030   Data   RO         6545    .constdata          STemWin532_CM4_Keil.lib(f24_ascii.o)
    0x08034df8   0x08034df8   0x00000018   Data   RO         6546    .constdata          STemWin532_CM4_Keil.lib(f24_ascii.o)
    0x08034e10   0x08034e10   0x00000018   Data   RO         6547    .constdata          STemWin532_CM4_Keil.lib(f24_ascii.o)
    0x08034e28   0x08034e28   0x00000030   Data   RO         6548    .constdata          STemWin532_CM4_Keil.lib(f24_ascii.o)
    0x08034e58   0x08034e58   0x00000030   Data   RO         6549    .constdata          STemWin532_CM4_Keil.lib(f24_ascii.o)
    0x08034e88   0x08034e88   0x00000030   Data   RO         6550    .constdata          STemWin532_CM4_Keil.lib(f24_ascii.o)
    0x08034eb8   0x08034eb8   0x00000030   Data   RO         6551    .constdata          STemWin532_CM4_Keil.lib(f24_ascii.o)
    0x08034ee8   0x08034ee8   0x00000048   Data   RO         6552    .constdata          STemWin532_CM4_Keil.lib(f24_ascii.o)
    0x08034f30   0x08034f30   0x00000030   Data   RO         6553    .constdata          STemWin532_CM4_Keil.lib(f24_ascii.o)
    0x08034f60   0x08034f60   0x00000030   Data   RO         6554    .constdata          STemWin532_CM4_Keil.lib(f24_ascii.o)
    0x08034f90   0x08034f90   0x00000030   Data   RO         6555    .constdata          STemWin532_CM4_Keil.lib(f24_ascii.o)
    0x08034fc0   0x08034fc0   0x00000030   Data   RO         6556    .constdata          STemWin532_CM4_Keil.lib(f24_ascii.o)
    0x08034ff0   0x08034ff0   0x00000030   Data   RO         6557    .constdata          STemWin532_CM4_Keil.lib(f24_ascii.o)
    0x08035020   0x08035020   0x00000030   Data   RO         6558    .constdata          STemWin532_CM4_Keil.lib(f24_ascii.o)
    0x08035050   0x08035050   0x00000030   Data   RO         6559    .constdata          STemWin532_CM4_Keil.lib(f24_ascii.o)
    0x08035080   0x08035080   0x00000030   Data   RO         6560    .constdata          STemWin532_CM4_Keil.lib(f24_ascii.o)
    0x080350b0   0x080350b0   0x00000018   Data   RO         6561    .constdata          STemWin532_CM4_Keil.lib(f24_ascii.o)
    0x080350c8   0x080350c8   0x00000030   Data   RO         6562    .constdata          STemWin532_CM4_Keil.lib(f24_ascii.o)
    0x080350f8   0x080350f8   0x00000030   Data   RO         6563    .constdata          STemWin532_CM4_Keil.lib(f24_ascii.o)
    0x08035128   0x08035128   0x00000030   Data   RO         6564    .constdata          STemWin532_CM4_Keil.lib(f24_ascii.o)
    0x08035158   0x08035158   0x00000048   Data   RO         6565    .constdata          STemWin532_CM4_Keil.lib(f24_ascii.o)
    0x080351a0   0x080351a0   0x00000030   Data   RO         6566    .constdata          STemWin532_CM4_Keil.lib(f24_ascii.o)
    0x080351d0   0x080351d0   0x00000030   Data   RO         6567    .constdata          STemWin532_CM4_Keil.lib(f24_ascii.o)
    0x08035200   0x08035200   0x00000030   Data   RO         6568    .constdata          STemWin532_CM4_Keil.lib(f24_ascii.o)
    0x08035230   0x08035230   0x00000030   Data   RO         6569    .constdata          STemWin532_CM4_Keil.lib(f24_ascii.o)
    0x08035260   0x08035260   0x00000030   Data   RO         6570    .constdata          STemWin532_CM4_Keil.lib(f24_ascii.o)
    0x08035290   0x08035290   0x00000030   Data   RO         6571    .constdata          STemWin532_CM4_Keil.lib(f24_ascii.o)
    0x080352c0   0x080352c0   0x00000030   Data   RO         6572    .constdata          STemWin532_CM4_Keil.lib(f24_ascii.o)
    0x080352f0   0x080352f0   0x00000030   Data   RO         6573    .constdata          STemWin532_CM4_Keil.lib(f24_ascii.o)
    0x08035320   0x08035320   0x00000030   Data   RO         6574    .constdata          STemWin532_CM4_Keil.lib(f24_ascii.o)
    0x08035350   0x08035350   0x00000048   Data   RO         6575    .constdata          STemWin532_CM4_Keil.lib(f24_ascii.o)
    0x08035398   0x08035398   0x00000030   Data   RO         6576    .constdata          STemWin532_CM4_Keil.lib(f24_ascii.o)
    0x080353c8   0x080353c8   0x00000030   Data   RO         6577    .constdata          STemWin532_CM4_Keil.lib(f24_ascii.o)
    0x080353f8   0x080353f8   0x00000030   Data   RO         6578    .constdata          STemWin532_CM4_Keil.lib(f24_ascii.o)
    0x08035428   0x08035428   0x00000018   Data   RO         6579    .constdata          STemWin532_CM4_Keil.lib(f24_ascii.o)
    0x08035440   0x08035440   0x00000018   Data   RO         6580    .constdata          STemWin532_CM4_Keil.lib(f24_ascii.o)
    0x08035458   0x08035458   0x00000018   Data   RO         6581    .constdata          STemWin532_CM4_Keil.lib(f24_ascii.o)
    0x08035470   0x08035470   0x00000018   Data   RO         6582    .constdata          STemWin532_CM4_Keil.lib(f24_ascii.o)
    0x08035488   0x08035488   0x00000030   Data   RO         6583    .constdata          STemWin532_CM4_Keil.lib(f24_ascii.o)
    0x080354b8   0x080354b8   0x00000018   Data   RO         6584    .constdata          STemWin532_CM4_Keil.lib(f24_ascii.o)
    0x080354d0   0x080354d0   0x00000030   Data   RO         6585    .constdata          STemWin532_CM4_Keil.lib(f24_ascii.o)
    0x08035500   0x08035500   0x00000030   Data   RO         6586    .constdata          STemWin532_CM4_Keil.lib(f24_ascii.o)
    0x08035530   0x08035530   0x00000030   Data   RO         6587    .constdata          STemWin532_CM4_Keil.lib(f24_ascii.o)
    0x08035560   0x08035560   0x00000030   Data   RO         6588    .constdata          STemWin532_CM4_Keil.lib(f24_ascii.o)
    0x08035590   0x08035590   0x00000030   Data   RO         6589    .constdata          STemWin532_CM4_Keil.lib(f24_ascii.o)
    0x080355c0   0x080355c0   0x00000018   Data   RO         6590    .constdata          STemWin532_CM4_Keil.lib(f24_ascii.o)
    0x080355d8   0x080355d8   0x00000030   Data   RO         6591    .constdata          STemWin532_CM4_Keil.lib(f24_ascii.o)
    0x08035608   0x08035608   0x00000030   Data   RO         6592    .constdata          STemWin532_CM4_Keil.lib(f24_ascii.o)
    0x08035638   0x08035638   0x00000018   Data   RO         6593    .constdata          STemWin532_CM4_Keil.lib(f24_ascii.o)
    0x08035650   0x08035650   0x00000018   Data   RO         6594    .constdata          STemWin532_CM4_Keil.lib(f24_ascii.o)
    0x08035668   0x08035668   0x00000030   Data   RO         6595    .constdata          STemWin532_CM4_Keil.lib(f24_ascii.o)
    0x08035698   0x08035698   0x00000018   Data   RO         6596    .constdata          STemWin532_CM4_Keil.lib(f24_ascii.o)
    0x080356b0   0x080356b0   0x00000030   Data   RO         6597    .constdata          STemWin532_CM4_Keil.lib(f24_ascii.o)
    0x080356e0   0x080356e0   0x00000030   Data   RO         6598    .constdata          STemWin532_CM4_Keil.lib(f24_ascii.o)
    0x08035710   0x08035710   0x00000030   Data   RO         6599    .constdata          STemWin532_CM4_Keil.lib(f24_ascii.o)
    0x08035740   0x08035740   0x00000030   Data   RO         6600    .constdata          STemWin532_CM4_Keil.lib(f24_ascii.o)
    0x08035770   0x08035770   0x00000030   Data   RO         6601    .constdata          STemWin532_CM4_Keil.lib(f24_ascii.o)
    0x080357a0   0x080357a0   0x00000018   Data   RO         6602    .constdata          STemWin532_CM4_Keil.lib(f24_ascii.o)
    0x080357b8   0x080357b8   0x00000030   Data   RO         6603    .constdata          STemWin532_CM4_Keil.lib(f24_ascii.o)
    0x080357e8   0x080357e8   0x00000018   Data   RO         6604    .constdata          STemWin532_CM4_Keil.lib(f24_ascii.o)
    0x08035800   0x08035800   0x00000030   Data   RO         6605    .constdata          STemWin532_CM4_Keil.lib(f24_ascii.o)
    0x08035830   0x08035830   0x00000030   Data   RO         6606    .constdata          STemWin532_CM4_Keil.lib(f24_ascii.o)
    0x08035860   0x08035860   0x00000030   Data   RO         6607    .constdata          STemWin532_CM4_Keil.lib(f24_ascii.o)
    0x08035890   0x08035890   0x00000030   Data   RO         6608    .constdata          STemWin532_CM4_Keil.lib(f24_ascii.o)
    0x080358c0   0x080358c0   0x00000030   Data   RO         6609    .constdata          STemWin532_CM4_Keil.lib(f24_ascii.o)
    0x080358f0   0x080358f0   0x00000030   Data   RO         6610    .constdata          STemWin532_CM4_Keil.lib(f24_ascii.o)
    0x08035920   0x08035920   0x00000018   Data   RO         6611    .constdata          STemWin532_CM4_Keil.lib(f24_ascii.o)
    0x08035938   0x08035938   0x00000018   Data   RO         6612    .constdata          STemWin532_CM4_Keil.lib(f24_ascii.o)
    0x08035950   0x08035950   0x00000018   Data   RO         6613    .constdata          STemWin532_CM4_Keil.lib(f24_ascii.o)
    0x08035968   0x08035968   0x00000030   Data   RO         6614    .constdata          STemWin532_CM4_Keil.lib(f24_ascii.o)
    0x08035998   0x08035998   0x000002f8   Data   RO         6615    .constdata          STemWin532_CM4_Keil.lib(f24_ascii.o)
    0x08035c90   0x08035c90   0x0000000c   Data   RO         6616    .constdata          STemWin532_CM4_Keil.lib(f24_ascii.o)
    0x08035c9c   0x08035c9c   0x00000024   Data   RO         6617    .constdata          STemWin532_CM4_Keil.lib(f24_ascii.o)
    0x08035cc0   0x08035cc0   0x00000020   Data   RO         6908    .constdata          STemWin532_CM4_Keil.lib(gui__divtbl_31_255.o)
    0x08035ce0   0x08035ce0   0x00000040   Data   RO         6909    .constdata          STemWin532_CM4_Keil.lib(gui__divtbl_63_255.o)
    0x08035d20   0x08035d20   0x00000100   Data   RO         6910    .constdata          STemWin532_CM4_Keil.lib(gui__divtbl_255_31.o)
    0x08035e20   0x08035e20   0x00000100   Data   RO         6911    .constdata          STemWin532_CM4_Keil.lib(gui__divtbl_255_63.o)
    0x08035f20   0x08035f20   0x00000044   Data   RO         6978    .constdata          STemWin532_CM4_Keil.lib(gui_drawline.o)
    0x08035f64   0x08035f64   0x00000010   Data   RO         7125    .constdata          STemWin532_CM4_Keil.lib(gui_uc_encodenone.o)
    0x08035f74   0x08035f74   0x0000000c   Data   RO         7180    .constdata          STemWin532_CM4_Keil.lib(lcd.o)
    0x08035f80   0x08035f80   0x00000074   Data   RO         7338    .constdata          STemWin532_CM4_Keil.lib(guidev_16.o)
    0x08035ff4   0x08035ff4   0x00000028   Data   RO         7664    .constdata          STemWin532_CM4_Keil.lib(gui_adddecshift.o)
    0x0803601c   0x0803601c   0x00000018   Data   RO         7857    .constdata          STemWin532_CM4_Keil.lib(guicc_0.o)
    0x08036034   0x08036034   0x00000018   Data   RO         7867    .constdata          STemWin532_CM4_Keil.lib(guicc_8888.o)
    0x0803604c   0x0803604c   0x00000100   Data   RO         7874    .constdata          STemWin532_CM4_Keil.lib(lcd_mirror.o)
    0x0803614c   0x0803614c   0x0000000d   Data   RO         7877    .constdata          STemWin532_CM4_Keil.lib(f13_1.o)
    0x08036159   0x08036159   0x0000000d   Data   RO         7878    .constdata          STemWin532_CM4_Keil.lib(f13_1.o)
    0x08036166   0x08036166   0x0000000d   Data   RO         7879    .constdata          STemWin532_CM4_Keil.lib(f13_1.o)
    0x08036173   0x08036173   0x0000000d   Data   RO         7880    .constdata          STemWin532_CM4_Keil.lib(f13_1.o)
    0x08036180   0x08036180   0x0000000d   Data   RO         7881    .constdata          STemWin532_CM4_Keil.lib(f13_1.o)
    0x0803618d   0x0803618d   0x0000000d   Data   RO         7882    .constdata          STemWin532_CM4_Keil.lib(f13_1.o)
    0x0803619a   0x0803619a   0x0000000d   Data   RO         7883    .constdata          STemWin532_CM4_Keil.lib(f13_1.o)
    0x080361a7   0x080361a7   0x0000000d   Data   RO         7884    .constdata          STemWin532_CM4_Keil.lib(f13_1.o)
    0x080361b4   0x080361b4   0x0000000d   Data   RO         7885    .constdata          STemWin532_CM4_Keil.lib(f13_1.o)
    0x080361c1   0x080361c1   0x0000001a   Data   RO         7886    .constdata          STemWin532_CM4_Keil.lib(f13_1.o)
    0x080361db   0x080361db   0x0000000d   Data   RO         7887    .constdata          STemWin532_CM4_Keil.lib(f13_1.o)
    0x080361e8   0x080361e8   0x0000000d   Data   RO         7888    .constdata          STemWin532_CM4_Keil.lib(f13_1.o)
    0x080361f5   0x080361f5   0x0000000d   Data   RO         7889    .constdata          STemWin532_CM4_Keil.lib(f13_1.o)
    0x08036202   0x08036202   0x0000000d   Data   RO         7890    .constdata          STemWin532_CM4_Keil.lib(f13_1.o)
    0x0803620f   0x0803620f   0x0000001a   Data   RO         7891    .constdata          STemWin532_CM4_Keil.lib(f13_1.o)
    0x08036229   0x08036229   0x0000000d   Data   RO         7892    .constdata          STemWin532_CM4_Keil.lib(f13_1.o)
    0x08036236   0x08036236   0x0000000d   Data   RO         7893    .constdata          STemWin532_CM4_Keil.lib(f13_1.o)
    0x08036243   0x08036243   0x0000000d   Data   RO         7894    .constdata          STemWin532_CM4_Keil.lib(f13_1.o)
    0x08036250   0x08036250   0x0000000d   Data   RO         7895    .constdata          STemWin532_CM4_Keil.lib(f13_1.o)
    0x0803625d   0x0803625d   0x0000000d   Data   RO         7896    .constdata          STemWin532_CM4_Keil.lib(f13_1.o)
    0x0803626a   0x0803626a   0x0000000d   Data   RO         7897    .constdata          STemWin532_CM4_Keil.lib(f13_1.o)
    0x08036277   0x08036277   0x0000000d   Data   RO         7898    .constdata          STemWin532_CM4_Keil.lib(f13_1.o)
    0x08036284   0x08036284   0x0000000d   Data   RO         7899    .constdata          STemWin532_CM4_Keil.lib(f13_1.o)
    0x08036291   0x08036291   0x0000000d   Data   RO         7900    .constdata          STemWin532_CM4_Keil.lib(f13_1.o)
    0x0803629e   0x0803629e   0x0000000d   Data   RO         7901    .constdata          STemWin532_CM4_Keil.lib(f13_1.o)
    0x080362ab   0x080362ab   0x0000000d   Data   RO         7902    .constdata          STemWin532_CM4_Keil.lib(f13_1.o)
    0x080362b8   0x080362b8   0x0000000d   Data   RO         7903    .constdata          STemWin532_CM4_Keil.lib(f13_1.o)
    0x080362c5   0x080362c5   0x0000000d   Data   RO         7904    .constdata          STemWin532_CM4_Keil.lib(f13_1.o)
    0x080362d2   0x080362d2   0x0000001a   Data   RO         7905    .constdata          STemWin532_CM4_Keil.lib(f13_1.o)
    0x080362ec   0x080362ec   0x0000001a   Data   RO         7906    .constdata          STemWin532_CM4_Keil.lib(f13_1.o)
    0x08036306   0x08036306   0x0000001a   Data   RO         7907    .constdata          STemWin532_CM4_Keil.lib(f13_1.o)
    0x08036320   0x08036320   0x0000000d   Data   RO         7908    .constdata          STemWin532_CM4_Keil.lib(f13_1.o)
    0x0803632d   0x0803632d   0x0000000d   Data   RO         7909    .constdata          STemWin532_CM4_Keil.lib(f13_1.o)
    0x0803633a   0x0803633a   0x0000000d   Data   RO         7910    .constdata          STemWin532_CM4_Keil.lib(f13_1.o)
    0x08036347   0x08036347   0x0000000d   Data   RO         7911    .constdata          STemWin532_CM4_Keil.lib(f13_1.o)
    0x08036354   0x08036354   0x0000000d   Data   RO         7912    .constdata          STemWin532_CM4_Keil.lib(f13_1.o)
    0x08036361   0x08036361   0x0000000d   Data   RO         7913    .constdata          STemWin532_CM4_Keil.lib(f13_1.o)
    0x0803636e   0x0803636e   0x0000000d   Data   RO         7914    .constdata          STemWin532_CM4_Keil.lib(f13_1.o)
    0x0803637b   0x0803637b   0x0000001a   Data   RO         7915    .constdata          STemWin532_CM4_Keil.lib(f13_1.o)
    0x08036395   0x08036395   0x0000000d   Data   RO         7916    .constdata          STemWin532_CM4_Keil.lib(f13_1.o)
    0x080363a2   0x080363a2   0x0000000d   Data   RO         7917    .constdata          STemWin532_CM4_Keil.lib(f13_1.o)
    0x080363af   0x080363af   0x0000000d   Data   RO         7918    .constdata          STemWin532_CM4_Keil.lib(f13_1.o)
    0x080363bc   0x080363bc   0x0000000d   Data   RO         7919    .constdata          STemWin532_CM4_Keil.lib(f13_1.o)
    0x080363c9   0x080363c9   0x0000000d   Data   RO         7920    .constdata          STemWin532_CM4_Keil.lib(f13_1.o)
    0x080363d6   0x080363d6   0x0000000d   Data   RO         7921    .constdata          STemWin532_CM4_Keil.lib(f13_1.o)
    0x080363e3   0x080363e3   0x0000000d   Data   RO         7922    .constdata          STemWin532_CM4_Keil.lib(f13_1.o)
    0x080363f0   0x080363f0   0x0000000d   Data   RO         7923    .constdata          STemWin532_CM4_Keil.lib(f13_1.o)
    0x080363fd   0x080363fd   0x0000000d   Data   RO         7924    .constdata          STemWin532_CM4_Keil.lib(f13_1.o)
    0x0803640a   0x0803640a   0x0000000d   Data   RO         7925    .constdata          STemWin532_CM4_Keil.lib(f13_1.o)
    0x08036417   0x08036417   0x0000000d   Data   RO         7926    .constdata          STemWin532_CM4_Keil.lib(f13_1.o)
    0x08036424   0x08036424   0x0000000d   Data   RO         7927    .constdata          STemWin532_CM4_Keil.lib(f13_1.o)
    0x08036431   0x08036431   0x0000000d   Data   RO         7928    .constdata          STemWin532_CM4_Keil.lib(f13_1.o)
    0x0803643e   0x0803643e   0x0000000d   Data   RO         7929    .constdata          STemWin532_CM4_Keil.lib(f13_1.o)
    0x0803644b   0x0803644b   0x0000000d   Data   RO         7930    .constdata          STemWin532_CM4_Keil.lib(f13_1.o)
    0x08036458   0x08036458   0x0000000d   Data   RO         7931    .constdata          STemWin532_CM4_Keil.lib(f13_1.o)
    0x08036465   0x08036465   0x0000000d   Data   RO         7932    .constdata          STemWin532_CM4_Keil.lib(f13_1.o)
    0x08036472   0x08036472   0x0000000d   Data   RO         7933    .constdata          STemWin532_CM4_Keil.lib(f13_1.o)
    0x0803647f   0x0803647f   0x0000000d   Data   RO         7934    .constdata          STemWin532_CM4_Keil.lib(f13_1.o)
    0x0803648c   0x0803648c   0x0000000d   Data   RO         7935    .constdata          STemWin532_CM4_Keil.lib(f13_1.o)
    0x08036499   0x08036499   0x0000000d   Data   RO         7936    .constdata          STemWin532_CM4_Keil.lib(f13_1.o)
    0x080364a6   0x080364a6   0x0000000d   Data   RO         7937    .constdata          STemWin532_CM4_Keil.lib(f13_1.o)
    0x080364b3   0x080364b3   0x0000000d   Data   RO         7938    .constdata          STemWin532_CM4_Keil.lib(f13_1.o)
    0x080364c0   0x080364c0   0x0000000d   Data   RO         7939    .constdata          STemWin532_CM4_Keil.lib(f13_1.o)
    0x080364cd   0x080364cd   0x0000000d   Data   RO         7940    .constdata          STemWin532_CM4_Keil.lib(f13_1.o)
    0x080364da   0x080364da   0x0000000d   Data   RO         7941    .constdata          STemWin532_CM4_Keil.lib(f13_1.o)
    0x080364e7   0x080364e7   0x0000000d   Data   RO         7942    .constdata          STemWin532_CM4_Keil.lib(f13_1.o)
    0x080364f4   0x080364f4   0x0000000d   Data   RO         7943    .constdata          STemWin532_CM4_Keil.lib(f13_1.o)
    0x08036501   0x08036501   0x0000000d   Data   RO         7944    .constdata          STemWin532_CM4_Keil.lib(f13_1.o)
    0x0803650e   0x0803650e   0x0000000d   Data   RO         7945    .constdata          STemWin532_CM4_Keil.lib(f13_1.o)
    0x0803651b   0x0803651b   0x0000000d   Data   RO         7946    .constdata          STemWin532_CM4_Keil.lib(f13_1.o)
    0x08036528   0x08036528   0x0000001a   Data   RO         7947    .constdata          STemWin532_CM4_Keil.lib(f13_1.o)
    0x08036542   0x08036542   0x0000000d   Data   RO         7948    .constdata          STemWin532_CM4_Keil.lib(f13_1.o)
    0x0803654f   0x0803654f   0x0000000d   Data   RO         7949    .constdata          STemWin532_CM4_Keil.lib(f13_1.o)
    0x0803655c   0x0803655c   0x0000000d   Data   RO         7950    .constdata          STemWin532_CM4_Keil.lib(f13_1.o)
    0x08036569   0x08036569   0x0000000d   Data   RO         7951    .constdata          STemWin532_CM4_Keil.lib(f13_1.o)
    0x08036576   0x08036576   0x0000000d   Data   RO         7952    .constdata          STemWin532_CM4_Keil.lib(f13_1.o)
    0x08036583   0x08036583   0x0000000d   Data   RO         7953    .constdata          STemWin532_CM4_Keil.lib(f13_1.o)
    0x08036590   0x08036590   0x0000000d   Data   RO         7954    .constdata          STemWin532_CM4_Keil.lib(f13_1.o)
    0x0803659d   0x0803659d   0x0000000d   Data   RO         7955    .constdata          STemWin532_CM4_Keil.lib(f13_1.o)
    0x080365aa   0x080365aa   0x0000000d   Data   RO         7956    .constdata          STemWin532_CM4_Keil.lib(f13_1.o)
    0x080365b7   0x080365b7   0x0000000d   Data   RO         7957    .constdata          STemWin532_CM4_Keil.lib(f13_1.o)
    0x080365c4   0x080365c4   0x0000000d   Data   RO         7958    .constdata          STemWin532_CM4_Keil.lib(f13_1.o)
    0x080365d1   0x080365d1   0x0000000d   Data   RO         7959    .constdata          STemWin532_CM4_Keil.lib(f13_1.o)
    0x080365de   0x080365de   0x0000000d   Data   RO         7960    .constdata          STemWin532_CM4_Keil.lib(f13_1.o)
    0x080365eb   0x080365eb   0x0000000d   Data   RO         7961    .constdata          STemWin532_CM4_Keil.lib(f13_1.o)
    0x080365f8   0x080365f8   0x0000000d   Data   RO         7962    .constdata          STemWin532_CM4_Keil.lib(f13_1.o)
    0x08036605   0x08036605   0x0000000d   Data   RO         7963    .constdata          STemWin532_CM4_Keil.lib(f13_1.o)
    0x08036612   0x08036612   0x0000000d   Data   RO         7964    .constdata          STemWin532_CM4_Keil.lib(f13_1.o)
    0x0803661f   0x0803661f   0x0000000d   Data   RO         7965    .constdata          STemWin532_CM4_Keil.lib(f13_1.o)
    0x0803662c   0x0803662c   0x0000000d   Data   RO         7966    .constdata          STemWin532_CM4_Keil.lib(f13_1.o)
    0x08036639   0x08036639   0x0000000d   Data   RO         7967    .constdata          STemWin532_CM4_Keil.lib(f13_1.o)
    0x08036646   0x08036646   0x0000000d   Data   RO         7968    .constdata          STemWin532_CM4_Keil.lib(f13_1.o)
    0x08036653   0x08036653   0x0000000d   Data   RO         7969    .constdata          STemWin532_CM4_Keil.lib(f13_1.o)
    0x08036660   0x08036660   0x0000000d   Data   RO         7970    .constdata          STemWin532_CM4_Keil.lib(f13_1.o)
    0x0803666d   0x0803666d   0x0000000d   Data   RO         7971    .constdata          STemWin532_CM4_Keil.lib(f13_1.o)
    0x0803667a   0x0803667a   0x0000000d   Data   RO         7972    .constdata          STemWin532_CM4_Keil.lib(f13_1.o)
    0x08036687   0x08036687   0x00000001   PAD
    0x08036688   0x08036688   0x00000300   Data   RO         7973    .constdata          STemWin532_CM4_Keil.lib(f13_1.o)
    0x08036988   0x08036988   0x0000000c   Data   RO         7974    .constdata          STemWin532_CM4_Keil.lib(f13_1.o)
    0x08036994   0x08036994   0x00000024   Data   RO         7975    .constdata          STemWin532_CM4_Keil.lib(f13_1.o)
    0x080369b8   0x080369b8   0x00000074   Data   RO         7993    .constdata          STemWin532_CM4_Keil.lib(guidev_32.o)
    0x08036a2c   0x08036a2c   0x00000018   Data   RO         8043    .constdata          STemWin532_CM4_Keil.lib(guidev_usagebm.o)
    0x08036a44   0x08036a44   0x00000008   Data   RO         8063    .constdata          STemWin532_CM4_Keil.lib(guidev_writetoactiveopaque.o)
    0x08036a4c   0x08036a4c   0x0000001c   Data   RO         8111    .constdata          STemWin532_CM4_Keil.lib(widget_effect_simple.o)
    0x08036a68   0x08036a68   0x0000000d   Data   RO         8423    .constdata          STemWin532_CM4_Keil.lib(f13_ascii.o)
    0x08036a75   0x08036a75   0x0000000d   Data   RO         8424    .constdata          STemWin532_CM4_Keil.lib(f13_ascii.o)
    0x08036a82   0x08036a82   0x0000000d   Data   RO         8425    .constdata          STemWin532_CM4_Keil.lib(f13_ascii.o)
    0x08036a8f   0x08036a8f   0x0000000d   Data   RO         8426    .constdata          STemWin532_CM4_Keil.lib(f13_ascii.o)
    0x08036a9c   0x08036a9c   0x0000000d   Data   RO         8427    .constdata          STemWin532_CM4_Keil.lib(f13_ascii.o)
    0x08036aa9   0x08036aa9   0x0000001a   Data   RO         8428    .constdata          STemWin532_CM4_Keil.lib(f13_ascii.o)
    0x08036ac3   0x08036ac3   0x0000000d   Data   RO         8429    .constdata          STemWin532_CM4_Keil.lib(f13_ascii.o)
    0x08036ad0   0x08036ad0   0x0000000d   Data   RO         8430    .constdata          STemWin532_CM4_Keil.lib(f13_ascii.o)
    0x08036add   0x08036add   0x0000000d   Data   RO         8431    .constdata          STemWin532_CM4_Keil.lib(f13_ascii.o)
    0x08036aea   0x08036aea   0x0000000d   Data   RO         8432    .constdata          STemWin532_CM4_Keil.lib(f13_ascii.o)
    0x08036af7   0x08036af7   0x0000000d   Data   RO         8433    .constdata          STemWin532_CM4_Keil.lib(f13_ascii.o)
    0x08036b04   0x08036b04   0x0000000d   Data   RO         8434    .constdata          STemWin532_CM4_Keil.lib(f13_ascii.o)
    0x08036b11   0x08036b11   0x0000000d   Data   RO         8435    .constdata          STemWin532_CM4_Keil.lib(f13_ascii.o)
    0x08036b1e   0x08036b1e   0x0000000d   Data   RO         8436    .constdata          STemWin532_CM4_Keil.lib(f13_ascii.o)
    0x08036b2b   0x08036b2b   0x0000000d   Data   RO         8437    .constdata          STemWin532_CM4_Keil.lib(f13_ascii.o)
    0x08036b38   0x08036b38   0x0000000d   Data   RO         8438    .constdata          STemWin532_CM4_Keil.lib(f13_ascii.o)
    0x08036b45   0x08036b45   0x0000000d   Data   RO         8439    .constdata          STemWin532_CM4_Keil.lib(f13_ascii.o)
    0x08036b52   0x08036b52   0x0000000d   Data   RO         8440    .constdata          STemWin532_CM4_Keil.lib(f13_ascii.o)
    0x08036b5f   0x08036b5f   0x0000000d   Data   RO         8441    .constdata          STemWin532_CM4_Keil.lib(f13_ascii.o)
    0x08036b6c   0x08036b6c   0x0000000d   Data   RO         8442    .constdata          STemWin532_CM4_Keil.lib(f13_ascii.o)
    0x08036b79   0x08036b79   0x0000000d   Data   RO         8443    .constdata          STemWin532_CM4_Keil.lib(f13_ascii.o)
    0x08036b86   0x08036b86   0x0000000d   Data   RO         8444    .constdata          STemWin532_CM4_Keil.lib(f13_ascii.o)
    0x08036b93   0x08036b93   0x0000000d   Data   RO         8445    .constdata          STemWin532_CM4_Keil.lib(f13_ascii.o)
    0x08036ba0   0x08036ba0   0x0000000d   Data   RO         8446    .constdata          STemWin532_CM4_Keil.lib(f13_ascii.o)
    0x08036bad   0x08036bad   0x0000000d   Data   RO         8447    .constdata          STemWin532_CM4_Keil.lib(f13_ascii.o)
    0x08036bba   0x08036bba   0x0000000d   Data   RO         8448    .constdata          STemWin532_CM4_Keil.lib(f13_ascii.o)
    0x08036bc7   0x08036bc7   0x0000000d   Data   RO         8449    .constdata          STemWin532_CM4_Keil.lib(f13_ascii.o)
    0x08036bd4   0x08036bd4   0x0000000d   Data   RO         8450    .constdata          STemWin532_CM4_Keil.lib(f13_ascii.o)
    0x08036be1   0x08036be1   0x0000000d   Data   RO         8451    .constdata          STemWin532_CM4_Keil.lib(f13_ascii.o)
    0x08036bee   0x08036bee   0x0000000d   Data   RO         8452    .constdata          STemWin532_CM4_Keil.lib(f13_ascii.o)
    0x08036bfb   0x08036bfb   0x0000000d   Data   RO         8453    .constdata          STemWin532_CM4_Keil.lib(f13_ascii.o)
    0x08036c08   0x08036c08   0x0000000d   Data   RO         8454    .constdata          STemWin532_CM4_Keil.lib(f13_ascii.o)
    0x08036c15   0x08036c15   0x0000001a   Data   RO         8455    .constdata          STemWin532_CM4_Keil.lib(f13_ascii.o)
    0x08036c2f   0x08036c2f   0x0000000d   Data   RO         8456    .constdata          STemWin532_CM4_Keil.lib(f13_ascii.o)
    0x08036c3c   0x08036c3c   0x0000000d   Data   RO         8457    .constdata          STemWin532_CM4_Keil.lib(f13_ascii.o)
    0x08036c49   0x08036c49   0x0000000d   Data   RO         8458    .constdata          STemWin532_CM4_Keil.lib(f13_ascii.o)
    0x08036c56   0x08036c56   0x0000000d   Data   RO         8459    .constdata          STemWin532_CM4_Keil.lib(f13_ascii.o)
    0x08036c63   0x08036c63   0x0000000d   Data   RO         8460    .constdata          STemWin532_CM4_Keil.lib(f13_ascii.o)
    0x08036c70   0x08036c70   0x0000000d   Data   RO         8461    .constdata          STemWin532_CM4_Keil.lib(f13_ascii.o)
    0x08036c7d   0x08036c7d   0x0000000d   Data   RO         8462    .constdata          STemWin532_CM4_Keil.lib(f13_ascii.o)
    0x08036c8a   0x08036c8a   0x0000000d   Data   RO         8463    .constdata          STemWin532_CM4_Keil.lib(f13_ascii.o)
    0x08036c97   0x08036c97   0x0000000d   Data   RO         8464    .constdata          STemWin532_CM4_Keil.lib(f13_ascii.o)
    0x08036ca4   0x08036ca4   0x0000000d   Data   RO         8465    .constdata          STemWin532_CM4_Keil.lib(f13_ascii.o)
    0x08036cb1   0x08036cb1   0x0000000d   Data   RO         8466    .constdata          STemWin532_CM4_Keil.lib(f13_ascii.o)
    0x08036cbe   0x08036cbe   0x0000000d   Data   RO         8467    .constdata          STemWin532_CM4_Keil.lib(f13_ascii.o)
    0x08036ccb   0x08036ccb   0x0000000d   Data   RO         8468    .constdata          STemWin532_CM4_Keil.lib(f13_ascii.o)
    0x08036cd8   0x08036cd8   0x0000000d   Data   RO         8469    .constdata          STemWin532_CM4_Keil.lib(f13_ascii.o)
    0x08036ce5   0x08036ce5   0x0000000d   Data   RO         8470    .constdata          STemWin532_CM4_Keil.lib(f13_ascii.o)
    0x08036cf2   0x08036cf2   0x0000000d   Data   RO         8471    .constdata          STemWin532_CM4_Keil.lib(f13_ascii.o)
    0x08036cff   0x08036cff   0x0000000d   Data   RO         8472    .constdata          STemWin532_CM4_Keil.lib(f13_ascii.o)
    0x08036d0c   0x08036d0c   0x0000000d   Data   RO         8473    .constdata          STemWin532_CM4_Keil.lib(f13_ascii.o)
    0x08036d19   0x08036d19   0x0000000d   Data   RO         8474    .constdata          STemWin532_CM4_Keil.lib(f13_ascii.o)
    0x08036d26   0x08036d26   0x0000000d   Data   RO         8475    .constdata          STemWin532_CM4_Keil.lib(f13_ascii.o)
    0x08036d33   0x08036d33   0x0000000d   Data   RO         8476    .constdata          STemWin532_CM4_Keil.lib(f13_ascii.o)
    0x08036d40   0x08036d40   0x0000000d   Data   RO         8477    .constdata          STemWin532_CM4_Keil.lib(f13_ascii.o)
    0x08036d4d   0x08036d4d   0x0000001a   Data   RO         8478    .constdata          STemWin532_CM4_Keil.lib(f13_ascii.o)
    0x08036d67   0x08036d67   0x0000000d   Data   RO         8479    .constdata          STemWin532_CM4_Keil.lib(f13_ascii.o)
    0x08036d74   0x08036d74   0x0000000d   Data   RO         8480    .constdata          STemWin532_CM4_Keil.lib(f13_ascii.o)
    0x08036d81   0x08036d81   0x0000000d   Data   RO         8481    .constdata          STemWin532_CM4_Keil.lib(f13_ascii.o)
    0x08036d8e   0x08036d8e   0x0000000d   Data   RO         8482    .constdata          STemWin532_CM4_Keil.lib(f13_ascii.o)
    0x08036d9b   0x08036d9b   0x0000000d   Data   RO         8483    .constdata          STemWin532_CM4_Keil.lib(f13_ascii.o)
    0x08036da8   0x08036da8   0x0000000d   Data   RO         8484    .constdata          STemWin532_CM4_Keil.lib(f13_ascii.o)
    0x08036db5   0x08036db5   0x0000000d   Data   RO         8485    .constdata          STemWin532_CM4_Keil.lib(f13_ascii.o)
    0x08036dc2   0x08036dc2   0x0000000d   Data   RO         8486    .constdata          STemWin532_CM4_Keil.lib(f13_ascii.o)
    0x08036dcf   0x08036dcf   0x0000000d   Data   RO         8487    .constdata          STemWin532_CM4_Keil.lib(f13_ascii.o)
    0x08036ddc   0x08036ddc   0x0000000d   Data   RO         8488    .constdata          STemWin532_CM4_Keil.lib(f13_ascii.o)
    0x08036de9   0x08036de9   0x0000000d   Data   RO         8489    .constdata          STemWin532_CM4_Keil.lib(f13_ascii.o)
    0x08036df6   0x08036df6   0x0000000d   Data   RO         8490    .constdata          STemWin532_CM4_Keil.lib(f13_ascii.o)
    0x08036e03   0x08036e03   0x0000000d   Data   RO         8491    .constdata          STemWin532_CM4_Keil.lib(f13_ascii.o)
    0x08036e10   0x08036e10   0x0000000d   Data   RO         8492    .constdata          STemWin532_CM4_Keil.lib(f13_ascii.o)
    0x08036e1d   0x08036e1d   0x0000000d   Data   RO         8493    .constdata          STemWin532_CM4_Keil.lib(f13_ascii.o)
    0x08036e2a   0x08036e2a   0x0000000d   Data   RO         8494    .constdata          STemWin532_CM4_Keil.lib(f13_ascii.o)
    0x08036e37   0x08036e37   0x0000000d   Data   RO         8495    .constdata          STemWin532_CM4_Keil.lib(f13_ascii.o)
    0x08036e44   0x08036e44   0x0000000d   Data   RO         8496    .constdata          STemWin532_CM4_Keil.lib(f13_ascii.o)
    0x08036e51   0x08036e51   0x0000000d   Data   RO         8497    .constdata          STemWin532_CM4_Keil.lib(f13_ascii.o)
    0x08036e5e   0x08036e5e   0x0000000d   Data   RO         8498    .constdata          STemWin532_CM4_Keil.lib(f13_ascii.o)
    0x08036e6b   0x08036e6b   0x0000000d   Data   RO         8499    .constdata          STemWin532_CM4_Keil.lib(f13_ascii.o)
    0x08036e78   0x08036e78   0x0000000d   Data   RO         8500    .constdata          STemWin532_CM4_Keil.lib(f13_ascii.o)
    0x08036e85   0x08036e85   0x0000000d   Data   RO         8501    .constdata          STemWin532_CM4_Keil.lib(f13_ascii.o)
    0x08036e92   0x08036e92   0x0000000d   Data   RO         8502    .constdata          STemWin532_CM4_Keil.lib(f13_ascii.o)
    0x08036e9f   0x08036e9f   0x0000000d   Data   RO         8503    .constdata          STemWin532_CM4_Keil.lib(f13_ascii.o)
    0x08036eac   0x08036eac   0x0000000d   Data   RO         8504    .constdata          STemWin532_CM4_Keil.lib(f13_ascii.o)
    0x08036eb9   0x08036eb9   0x0000000d   Data   RO         8505    .constdata          STemWin532_CM4_Keil.lib(f13_ascii.o)
    0x08036ec6   0x08036ec6   0x0000000d   Data   RO         8506    .constdata          STemWin532_CM4_Keil.lib(f13_ascii.o)
    0x08036ed3   0x08036ed3   0x0000000d   Data   RO         8507    .constdata          STemWin532_CM4_Keil.lib(f13_ascii.o)
    0x08036ee0   0x08036ee0   0x0000000d   Data   RO         8508    .constdata          STemWin532_CM4_Keil.lib(f13_ascii.o)
    0x08036eed   0x08036eed   0x0000000d   Data   RO         8509    .constdata          STemWin532_CM4_Keil.lib(f13_ascii.o)
    0x08036efa   0x08036efa   0x0000000d   Data   RO         8510    .constdata          STemWin532_CM4_Keil.lib(f13_ascii.o)
    0x08036f07   0x08036f07   0x0000000d   Data   RO         8511    .constdata          STemWin532_CM4_Keil.lib(f13_ascii.o)
    0x08036f14   0x08036f14   0x0000000d   Data   RO         8512    .constdata          STemWin532_CM4_Keil.lib(f13_ascii.o)
    0x08036f21   0x08036f21   0x0000000d   Data   RO         8513    .constdata          STemWin532_CM4_Keil.lib(f13_ascii.o)
    0x08036f2e   0x08036f2e   0x0000000d   Data   RO         8514    .constdata          STemWin532_CM4_Keil.lib(f13_ascii.o)
    0x08036f3b   0x08036f3b   0x0000000d   Data   RO         8515    .constdata          STemWin532_CM4_Keil.lib(f13_ascii.o)
    0x08036f48   0x08036f48   0x0000000d   Data   RO         8516    .constdata          STemWin532_CM4_Keil.lib(f13_ascii.o)
    0x08036f55   0x08036f55   0x0000000d   Data   RO         8517    .constdata          STemWin532_CM4_Keil.lib(f13_ascii.o)
    0x08036f62   0x08036f62   0x00000002   PAD
    0x08036f64   0x08036f64   0x000002f8   Data   RO         8518    .constdata          STemWin532_CM4_Keil.lib(f13_ascii.o)
    0x0803725c   0x0803725c   0x0000000c   Data   RO         8519    .constdata          STemWin532_CM4_Keil.lib(f13_ascii.o)
    0x08037268   0x08037268   0x00000009   Data   RO         5687    .conststring        start.o
    0x08037271   0x08037271   0x00000003   PAD
    0x08037274   0x08037274   0x0000001d   Data   RO         5713    .conststring        voltage.o
    0x08037291   0x08037291   0x00000003   PAD
    0x08037294   0x08037294   0x00000020   Data   RO         8914    Region$$Table       anon$$obj.o


    Execution Region RW_IRAM1 (Exec base: 0x20000000, Load base: 0x080372b4, Size: 0x0000b1b0, Max: 0x00020000, ABSOLUTE, COMPRESSED[0x00000140])

    Exec Addr    Load Addr    Size         Type   Attr      Idx    E Section Name        Object

    0x20000000   COMPRESSED   0x00000010   Data   RW         2614    .data               stm32f4xx_rcc.o
    0x20000010   COMPRESSED   0x00000006   Data   RW         4769    .data               main.o
    0x20000016   COMPRESSED   0x00000002   PAD
    0x20000018   COMPRESSED   0x00000018   Data   RW         4989    .data               fonts.o
    0x20000030   COMPRESSED   0x00000008   Data   RW         5082    .data               bsp_can.o
    0x20000038   COMPRESSED   0x00000009   Data   RW         5158    .data               stm32f4xx_it.o
    0x20000041   COMPRESSED   0x00000003   PAD
    0x20000044   COMPRESSED   0x00000018   Data   RW         5304    .data               bsp_ili9341_lcd.o
    0x2000005c   COMPRESSED   0x00000004   Data   RW         5570    .data               gui_x.o
    0x20000060   COMPRESSED   0x00000010   Data   RW         5714    .data               voltage.o
    0x20000070   COMPRESSED   0x00000034   Data   RW         5761    .data               xcp_par.o
    0x200000a4   COMPRESSED   0x00000019   Data   RW         5826    .data               xcp_appl.o
    0x200000bd   COMPRESSED   0x00000003   PAD
    0x200000c0   COMPRESSED   0x00000008   Data   RW         6086    .data               STemWin532_CM4_Keil.lib(gui_alloc.o)
    0x200000c8   COMPRESSED   0x0000002c   Data   RW         6137    .data               STemWin532_CM4_Keil.lib(gui_core.o)
    0x200000f4   COMPRESSED   0x00000004   Data   RW         6138    .data               STemWin532_CM4_Keil.lib(gui_core.o)
    0x200000f8   COMPRESSED   0x00000004   Data   RW         6140    .data               STemWin532_CM4_Keil.lib(gui_core.o)
    0x200000fc   COMPRESSED   0x00000004   Data   RW         6141    .data               STemWin532_CM4_Keil.lib(gui_core.o)
    0x20000100   COMPRESSED   0x00000004   Data   RW         6142    .data               STemWin532_CM4_Keil.lib(gui_core.o)
    0x20000104   COMPRESSED   0x00000004   Data   RW         6143    .data               STemWin532_CM4_Keil.lib(gui_core.o)
    0x20000108   COMPRESSED   0x00000004   Data   RW         6144    .data               STemWin532_CM4_Keil.lib(gui_core.o)
    0x2000010c   COMPRESSED   0x00000002   Data   RW         6145    .data               STemWin532_CM4_Keil.lib(gui_core.o)
    0x2000010e   COMPRESSED   0x00000001   Data   RW         6146    .data               STemWin532_CM4_Keil.lib(gui_core.o)
    0x2000010f   COMPRESSED   0x00000001   PAD
    0x20000110   COMPRESSED   0x00000004   Data   RW         6147    .data               STemWin532_CM4_Keil.lib(gui_core.o)
    0x20000114   COMPRESSED   0x00000002   Data   RW         6148    .data               STemWin532_CM4_Keil.lib(gui_core.o)
    0x20000116   COMPRESSED   0x00000002   Data   RW         6149    .data               STemWin532_CM4_Keil.lib(gui_core.o)
    0x20000118   COMPRESSED   0x00000008   Data   RW         6191    .data               STemWin532_CM4_Keil.lib(guicc_m565.o)
    0x20000120   COMPRESSED   0x0000001c   Data   RW         6303    .data               STemWin532_CM4_Keil.lib(guidrv_flexcolor.o)
    0x2000013c   COMPRESSED   0x00000008   Data   RW         6395    .data               STemWin532_CM4_Keil.lib(guidrv_flexcolor_func66709.o)
    0x20000144   COMPRESSED   0x00000030   Data   RW         6669    .data               STemWin532_CM4_Keil.lib(graph.o)
    0x20000174   COMPRESSED   0x00000008   Data   RW         6738    .data               STemWin532_CM4_Keil.lib(graph_scale.o)
    0x2000017c   COMPRESSED   0x00000004   Data   RW         6768    .data               STemWin532_CM4_Keil.lib(window.o)
    0x20000180   COMPRESSED   0x00000064   Data   RW         6833    .data               STemWin532_CM4_Keil.lib(wm.o)
    0x200001e4   COMPRESSED   0x00000001   Data   RW         6834    .data               STemWin532_CM4_Keil.lib(wm.o)
    0x200001e5   COMPRESSED   0x00000003   PAD
    0x200001e8   COMPRESSED   0x00000018   Data   RW         6922    .data               STemWin532_CM4_Keil.lib(gui__managecache.o)
    0x20000200   COMPRESSED   0x00000010   Data   RW         7029    .data               STemWin532_CM4_Keil.lib(gui_onkey.o)
    0x20000210   COMPRESSED   0x00000014   Data   RW         7101    .data               STemWin532_CM4_Keil.lib(gui_timer.o)
    0x20000224   COMPRESSED   0x0000000c   Data   RW         7155    .data               STemWin532_CM4_Keil.lib(gui_waitevent.o)
    0x20000230   COMPRESSED   0x00000004   Data   RW         7181    .data               STemWin532_CM4_Keil.lib(lcd.o)
    0x20000234   COMPRESSED   0x00000010   Data   RW         7207    .data               STemWin532_CM4_Keil.lib(lcd_color.o)
    0x20000244   COMPRESSED   0x00000008   Data   RW         7257    .data               STemWin532_CM4_Keil.lib(lcd_getex.o)
    0x2000024c   COMPRESSED   0x00000004   Data   RW         7358    .data               STemWin532_CM4_Keil.lib(guidev_banding.o)
    0x20000250   COMPRESSED   0x00000001   Data   RW         7373    .data               STemWin532_CM4_Keil.lib(guidev_staticdevices.o)
    0x20000251   COMPRESSED   0x00000003   PAD
    0x20000254   COMPRESSED   0x00000018   Data   RW         7424    .data               STemWin532_CM4_Keil.lib(scrollbar.o)
    0x2000026c   COMPRESSED   0x00000002   Data   RW         7425    .data               STemWin532_CM4_Keil.lib(scrollbar.o)
    0x2000026e   COMPRESSED   0x00000002   PAD
    0x20000270   COMPRESSED   0x00000010   Data   RW         7451    .data               STemWin532_CM4_Keil.lib(text.o)
    0x20000280   COMPRESSED   0x00000004   Data   RW         7483    .data               STemWin532_CM4_Keil.lib(widget.o)
    0x20000284   COMPRESSED   0x00000004   Data   RW         7514    .data               STemWin532_CM4_Keil.lib(wm__sendmessage.o)
    0x20000288   COMPRESSED   0x00000028   Data   RW         7632    .data               STemWin532_CM4_Keil.lib(gui__alpha.o)
    0x200002b0   COMPRESSED   0x00000004   Data   RW         7718    .data               STemWin532_CM4_Keil.lib(gui_fillpolygon.o)
    0x200002b4   COMPRESSED   0x0000000c   Data   RW         8078    .data               STemWin532_CM4_Keil.lib(scrollbar_skin.o)
    0x200002c0   COMPRESSED   0x00000058   Data   RW         8094    .data               STemWin532_CM4_Keil.lib(scrollbar_skinflex.o)
    0x20000318   COMPRESSED   0x00000004   Data   RW         8112    .data               STemWin532_CM4_Keil.lib(widget_effect_simple.o)
    0x2000031c   COMPRESSED   0x00000008   Data   RW         8221    .data               STemWin532_CM4_Keil.lib(gui__wrap.o)
    0x20000324   COMPRESSED   0x00000004   Data   RW         8250    .data               STemWin532_CM4_Keil.lib(gui_charline.o)
    0x20000328   COMPRESSED   0x00000004   Data   RW         8398    .data               STemWin532_CM4_Keil.lib(lcd_aa.o)
    0x2000032c   COMPRESSED   0x00000004   Data   RW         8886    .data               mc_w.l(stdout.o)
    0x20000330        -       0x00000028   Zero   RW         4768    .bss                main.o
    0x20000358        -       0x0000a000   Zero   RW         5615    .bss                guiconf.o
    0x2000a358        -       0x00000014   Zero   RW         5711    .bss                voltage.o
    0x2000a36c        -       0x00000831   Zero   RW         5918    .bss                xcpbasic.o
    0x2000ab9d   COMPRESSED   0x00000003   PAD
    0x2000aba0        -       0x000000cc   Zero   RW         6085    .bss                STemWin532_CM4_Keil.lib(gui_alloc.o)
    0x2000ac6c        -       0x00000070   Zero   RW         6135    .bss                STemWin532_CM4_Keil.lib(gui_core.o)
    0x2000acdc        -       0x00000018   Zero   RW         6831    .bss                STemWin532_CM4_Keil.lib(wm.o)
    0x2000acf4        -       0x00000058   Zero   RW         7028    .bss                STemWin532_CM4_Keil.lib(gui_onkey.o)
    0x2000ad4c        -       0x00000048   Zero   RW         7603    .bss                STemWin532_CM4_Keil.lib(wm_touch.o)
    0x2000ad94        -       0x00000018   Zero   RW         7717    .bss                STemWin532_CM4_Keil.lib(gui_fillpolygon.o)
    0x2000adac   COMPRESSED   0x00000004   PAD
    0x2000adb0        -       0x00000400   Zero   RW            1    STACK               startup_stm32f40xx.o


==============================================================================

Image component sizes


      Code (inc. data)   RO Data    RW Data    ZI Data      Debug   Object Name

       118          6          0          0          0       1561   bsp_basic_tim.o
       528         58          0          8          0       6174   bsp_can.o
       242         14          0          0          0       1841   bsp_debug_usart.o
      2294         78          0         24          0      10322   bsp_ili9341_lcd.o
        96          8          0          0          0       1473   bsp_key.o
        96          6          0          0          0        582   bsp_led.o
         0          0      15200         24          0       1325   fonts.o
        40         10          0          4          0       2168   gui_x.o
        28          8          0          0      40960        543   guiconf.o
       252         38          0          0          0       6672   lcdconf_flexcolor_template.o
       402        130          0          6         40      62806   main.o
       140         24          0          0          0       1747   misc.o
       144         34         65          0          0       1600   start.o
        36          8        392          0       1024        964   startup_stm32f40xx.o
      1180         12          0          0          0       6042   stm32f4xx_can.o
       344         16          0          0          0       2213   stm32f4xx_fsmc.o
       240          0          0          0          0       3911   stm32f4xx_gpio.o
       238         36          0          9          0       6122   stm32f4xx_it.o
       392         48          0         16          0       6313   stm32f4xx_rcc.o
       220         28          0          0          0       4670   stm32f4xx_tim.o
       344          8          0          0          0       4509   stm32f4xx_usart.o
       340         32          0          0          0     309849   system_stm32f4xx.o
      1004        144        253         16         20       3600   voltage.o
       176         38          0         25          0      26127   xcp_appl.o
       102         10          0         52          0       3733   xcp_par.o
      2652        162          0          0       2097      37257   xcpbasic.o

    ----------------------------------------------------------------------
     11670        956      15948        192      44144     514124   Object Totals
         0          0         32          0          0          0   (incl. Generated)
        22          0          6          8          3          0   (incl. Padding)

    ----------------------------------------------------------------------

      Code (inc. data)   RO Data    RW Data    ZI Data      Debug   Library Member Name

       164          0          0          0          0        136   dialog.o
         0          0       2155          0          0          0   f13_1.o
         0          0       2046          0          0          0   f13_ascii.o
         0          0       2225          0          0          0   f13b_ascii.o
         0          0       4792          0          0          0   f24_ascii.o
         0          0       1816          0          0          0   f6x8.o
      2274         10          0         48          0       2476   graph.o
        56          0          0          0          0        136   graph_createindirect.o
       526         14          0          0          0        668   graph_data_yt.o
       748         14          0          8          0        976   graph_scale.o
       124          4          0          0          0        132   gui_2dlib.o
       862         38          0         40          0        800   gui__alpha.o
       664          0          0          0          0        384   gui__compactpixelindices.o
        26          0          0          0          0        116   gui__divideround32.o
         0          0        256          0          0          0   gui__divtbl_255_31.o
         0          0        256          0          0          0   gui__divtbl_255_63.o
         0          0         32          0          0          0   gui__divtbl_31_255.o
         0          0         64          0          0          0   gui__divtbl_63_255.o
       322          0          0          0          0        156   gui__expandpixelindices.o
        20          4          0          0          0        116   gui__getfontsizey.o
        58          0          0          0          0        116   gui__intersectrect.o
        82          0          0          0          0        128   gui__intersectrects.o
       228          8          0         24          0        252   gui__managecache.o
        76          0          0          0          0        124   gui__memset.o
        60          0          0          0          0        124   gui__memset16.o
        26          0          0          0          0        116   gui__reducerect.o
       108          0          0          0          0        136   gui__settext.o
        68          4          0          0          0        244   gui__strcmp.o
        22          0          0          0          0        116   gui__strlen.o
       304          4          0          8          0        796   gui__wrap.o
       220         16         40          0          0        380   gui_adddecshift.o
      1822        104          0          8        204       2992   gui_alloc.o
        56          0          0          0          0        132   gui_alloc_allocinit.o
        36          0          0          0          0        128   gui_alloc_alloczero.o
       300          0          0          0          0        760   gui_array.o
        60          0          0          0          0        124   gui_calccolordist.o
        96         22          0          0          0        464   gui_char.o
       458         36          0          4          0        760   gui_charline.o
       394         12          0          0          0        492   gui_charm.o
       316         10          0          0          0        624   gui_charp.o
       188          4          0          0          0        140   gui_circ.o
       492         76          8         79        112       1012   gui_core.o
       344         24          0          0          0        736   gui_device.o
       256          4          0          0          0        136   gui_dispstring.o
       310          0          0          0          0        280   gui_dispstringinrectwrap.o
       590         18          0          0          0        444   gui_drawgradient.o
       588         24          0          0          0        288   gui_drawgraphex.o
        76          6          0          0          0        132   gui_drawhline.o
      1176         34         68          0          0       1304   gui_drawline.o
        64          4          0          0          0        128   gui_drawpixel.o
        32          4          0          0          0        116   gui_drawpoint.o
        64          4          0          0          0        128   gui_drawvline.o
        68          8          0          0          0        248   gui_exec.o
       532         22          0          4         24        272   gui_fillpolygon.o
        28          0          0          0          0        256   gui_getcolor.o
         4          0          0          0          0        116   gui_getfontsizey.o
        12          4          0          0          0        116   gui_getlinestyle.o
        32         10          0          0          0        232   gui_getorg.o
        52         12          0          0          0        360   gui_goto.o
        88          0          0          0          0        124   gui_mergerect.o
        30          0          0          0          0        116   gui_moverect.o
        94         14          0         16         88        476   gui_onkey.o
        16          4          0          0          0        116   gui_pen.o
        78          0          0          0          0        128   gui_realloc.o
        56          0          0          0          0        116   gui_rectsintersect.o
        32         10          0          0          0        232   gui_savecontext.o
        48         10          0          0          0        128   gui_selectlayer.o
        18          0          0          0          0        128   gui_selectlcd.o
        36          4          0          0          0        124   gui_setalpha.o
         8          0          0          0          0        232   gui_setcolor.o
        64          6          0          0          0        128   gui_setdefault.o
         4          0          0          0          0        116   gui_setdrawmode.o
        20          6          0          0          0        116   gui_setfont.o
        16          4          0          0          0        116   gui_setlinestyle.o
        56         18          0          0          0        128   gui_setorg.o
        20          6          0          0          0        116   gui_settextalign.o
        20          6          0          0          0        116   gui_settextmode.o
        46          0          0          0          0        244   gui_time.o
       806         44          0         20          0       1544   gui_timer.o
        84         10          0          0          0        264   gui_uc.o
        18          0         16          0          0        464   gui_uc_encodenone.o
        62          0          0          0          0        252   gui_val.o
       498         18          0          0          0        656   gui_valf.o
        16          4          0         12          0        116   gui_waitevent.o
       198          0         24          0          0        388   guicc_0.o
        36          0         24          0          0        480   guicc_8888.o
         2          0          0          0          0        116   guicc_8888_index2color.o
         2          0          0          0          0        116   guicc_888_index2color.o
       258         46         24          8          0        652   guicc_m565.o
       756         38          0          0          0       1064   guidev.o
      2282         60        116          0          0       2104   guidev_16.o
      2368         62        116          0          0       2256   guidev_32.o
       340         12          0          4          0        264   guidev_banding.o
        60          6          0          0          0        124   guidev_clear.o
        26          0          0          0          0        128   guidev_getdataptr.o
        40          6          0          0          0        128   guidev_getysize.o
        44          4          0          0          0        128   guidev_reduceysize.o
        88          4          0          0          0        128   guidev_setorg.o
       358         20          0          1          0        284   guidev_staticdevices.o
        76          0          0          0          0        260   guidev_usage.o
       416          6         24          0          0        748   guidev_usagebm.o
       106          4          0          0          0        244   guidev_write.o
       400         14          0          0          0        144   guidev_writetoactivealpha.o
      1854         18          8          0          0        732   guidev_writetoactiveopaque.o
      1506         76        116         28          0       5428   guidrv_flexcolor.o
      1712         62          0          0          0       1308   guidrv_flexcolor_16bpp_c0b16.o
       886         56          0          8          0       1880   guidrv_flexcolor_func66709.o
      1730        118         12          4          0       2300   lcd.o
        16          6          0          4          0        116   lcd_aa.o
       272         30          0         16          0        632   lcd_color.o
        32         12          0          0          0        232   lcd_getcolorindex.o
       432         48          0          8          0       2832   lcd_getex.o
        26          0          0          0          0        128   lcd_getnumdisplays.o
         0          0        256          0          0          0   lcd_mirror.o
       504         18          0          0          0        280   lcd_readrect.o
        64          8          0          0          0        128   lcd_selectlcd.o
       132          0          0          0          0        396   lcd_set.o
        48         10          0          0          0        128   lcd_setcliprectex.o
        36          4          0          0          0        128   lcd_updatecolorindices.o
      1422          8          0         26          0       1552   scrollbar.o
        54          0          0          0          0        128   scrollbar_create.o
        24          0          0          0          0        128   scrollbar_getvalue.o
       582         10          0         12          0        408   scrollbar_skin.o
      1064         30          0         88          0        928   scrollbar_skinflex.o
       356         10          0         16          0        416   text.o
        60          0          0          0          0        136   text_createindirect.o
        36          0          0          0          0        128   text_setfont.o
        74          0          0          0          0        128   text_settext.o
        32          0          0          0          0        128   text_settextalign.o
        36          0          0          0          0        128   text_settextcolor.o
       774          4          0          4          0       1548   widget.o
       144         12         28          4          0        512   widget_effect_simple.o
       446          8          0          4          0        532   window.o
      4618        230          0        101         24       6680   wm.o
        44          0          0          0          0        128   wm__foreachdesc.o
        18          0          0          0          0        124   wm__getfirstsibling.o
        40          8          0          0          0        128   wm__getfocussedchild.o
        24          0          0          0          0        124   wm__getlastsibling.o
        36          0          0          0          0        128   wm__getprevsibling.o
        46          0          0          0          0        244   wm__isancestor.o
        34          0          0          0          0        128   wm__ischild.o
        20          0          0          0          0        116   wm__screen2client.o
        60          6          0          4          0        136   wm__sendmessage.o
        38          0          0          0          0        128   wm__sendmessagenopara.o
       220          0          0          0          0        144   wm__updatechildpositions.o
       126          0          0          0          0        140   wm_bringtobottom.o
       120          6          0          0          0        360   wm_bringtotop.o
        28          0          0          0          0        116   wm_checkscrollpos.o
        16          6          0          0          0        116   wm_criticalhandle.o
         4          0          0          0          0        116   wm_foreachdesc.o
        64         10          0          0          0        360   wm_getclientrect.o
        22          0          0          0          0        128   wm_getclientwindow.o
        24         10          0          0          0        116   wm_getdesktopwindow.o
        80          0          0          0          0        248   wm_getdialogitem.o
        14          0          0          0          0        124   wm_getfirstchild.o
        22          0          0          0          0        124   wm_getflags.o
        20          8          0          0          0        116   wm_getfocussedwindow.o
        26          0          0          0          0        128   wm_getid.o
        16          0          0          0          0        124   wm_getinsiderect.o
       164          0          0          0          0        136   wm_getinsiderectexscrollbar.o
        76         12          0          0          0        480   wm_getorg.o
        14          0          0          0          0        124   wm_getparent.o
       116          0          0          0          0        364   wm_getscrollbar.o
        42          0          0          0          0        136   wm_getscrollpartner.o
        26          0          0          0          0        124   wm_getwindowrect.o
        32         10          0          0          0        116   wm_hasfocus.o
        40          0          0          0          0        124   wm_hide.o
        48          0          0          0          0        132   wm_isfocussable.o
         4          0          0          0          0        116   wm_iswindow.o
       268          0          0          0          0        396   wm_move.o
        16          0          0          0          0        124   wm_notifyparent.o
        56          8          0          0          0        132   wm_onkey.o
       236          0          0          0          0        136   wm_resizewindow.o
         4          0          0          0          0        116   wm_sendmessagenopara.o
        30          0          0          0          0        140   wm_sendtoparent.o
        96         20          0          0          0        260   wm_setcapture.o
       156          8          0          0          0        136   wm_setfocus.o
       146          6          0          0          0        372   wm_setfocusonnextchild.o
        90          0          0          0          0        252   wm_setfocusonprevchild.o
       100          0          0          0          0        596   wm_setscrollbar.o
        24          0          0          0          0        124   wm_setscrollstate.o
        62          0          0          0          0        132   wm_setsize.o
        26          0          0          0          0        124   wm_settrans.o
        24          6          0          0          0        124   wm_setusercliprect.o
        78          0          0          0          0        252   wm_show.o
       298          4          0          0          0        776   wm_timer.o
         0          0          0          0         72          0   wm_touch.o
       280         28          0          0          0        156   ceil.o
       280         28          0          0          0        156   floor.o
        86          0          0          0          0          0   __dczerorl2.o
         0          0          0          0          0          0   entry.o
         0          0          0          0          0          0   entry10a.o
         0          0          0          0          0          0   entry11a.o
         4          0          0          0          0          0   entry12b.o
         8          4          0          0          0          0   entry2.o
         4          0          0          0          0          0   entry5.o
         0          0          0          0          0          0   entry7b.o
         0          0          0          0          0          0   entry8b.o
         8          4          0          0          0          0   entry9a.o
        30          0          0          0          0          0   handlers.o
        36          8          0          0          0         68   init.o
         0          0          0          0          0          0   iusefp.o
        30          0          0          0          0         68   llshl.o
        36          0          0          0          0         68   llsshr.o
        32          0          0          0          0         68   llushr.o
        64          0          0          0          0         76   memmovea.o
        36          0          0          0          0        108   memseta.o
      2268         96          0          0          0        616   printfa.o
         0          0          0          4          0          0   stdout.o
        18          0          0          0          0         68   strcpy.o
        14          0          0          0          0         68   strlen.o
        44          0          0          0          0         80   uidiv.o
        98          0          0          0          0         92   uldiv.o
        48          0          0          0          0         68   cdrcmple.o
        56          0          0          0          0         88   d2f.o
       334          0          0          0          0        148   dadd.o
       222          0          0          0          0        100   ddiv.o
       186          0          0          0          0        176   depilogue.o
        48          0          0          0          0         68   dfixul.o
       228          0          0          0          0         96   dmul.o
        38          0          0          0          0         68   f2d.o
       110          0          0          0          0        168   fepilogue.o

    ----------------------------------------------------------------------
     52754       2082      14528        624        528      80288   Library Totals
       128          4          6          9          4          0   (incl. Padding)

    ----------------------------------------------------------------------

      Code (inc. data)   RO Data    RW Data    ZI Data      Debug   Library Name

     47980       1910      14522        611        524      77616   STemWin532_CM4_Keil.lib
       560         56          0          0          0        312   m_wm.l
      2816        112          0          4          0       1380   mc_w.l
      1270          0          0          0          0        980   mf_w.l

    ----------------------------------------------------------------------
     52754       2082      14528        624        528      80288   Library Totals

    ----------------------------------------------------------------------

==============================================================================


      Code (inc. data)   RO Data    RW Data    ZI Data      Debug   

     64424       3038      30476        816      44672     520700   Grand Totals
     64424       3038      30476        320      44672     520700   ELF Image Totals (compressed)
     64424       3038      30476        320          0          0   ROM Totals

==============================================================================

    Total RO  Size (Code + RO Data)                94900 (  92.68kB)
    Total RW  Size (RW Data + ZI Data)             45488 (  44.42kB)
    Total ROM Size (Code + RO Data + RW Data)      95220 (  92.99kB)

==============================================================================

