<html>
<body>
<pre>
<h1>µVision Build Log</h1>
<h2>Tool Versions:</h2>
IDE-Version: ¦ÌVision V5.34.0.0
Copyright (C) 2021 ARM Ltd and ARM Germany GmbH. All rights reserved.
License Information: 1 JiHong, 1, LIC=RC93N-YT7WI-MMC9I-TM93K-0IQF6-9D5QC
 
Tool Versions:
Toolchain:       MDK-ARM Plus  Version: 5.34.0.0
Toolchain Path:  D:\keil_v5\ARM\ARMCC\Bin
C Compiler:      Armcc.exe V5.06 update 7 (build 960)
Assembler:       Armasm.exe V5.06 update 7 (build 960)
Linker/Locator:  ArmLink.exe V5.06 update 7 (build 960)
Library Manager: ArmAr.exe V5.06 update 7 (build 960)
Hex Converter:   FromElf.exe V5.06 update 7 (build 960)
CPU DLL:         SARMCM3.DLL V5.34.0.0
Dialog DLL:      DCM.DLL V1.17.3.0
Target DLL:      STLink\ST-LINKIII-KEIL_SWO.dll V3.0.8.0
Dialog DLL:      TCM.DLL V1.48.0.0
 
<h2>Project:</h2>
D:\Desktop\STM32F407\App_FreeRTOS\Project\RVMDK£¨uv5£©\Fire_F407.uvprojx
Project File Date:  03/06/2025

<h2>Output:</h2>
*** Using Compiler 'V5.06 update 7 (build 960)', folder: 'D:\keil_v5\ARM\ARMCC\Bin'
Build target 'Fire_F407'
compiling main.c...
..\..\User\./beep/bsp_beep.h(14): warning:  #47-D: incompatible redefinition of macro "ON"  (declared at line 29 of "..\..\User\./led/bsp_led.h")
  #define ON  1
..\..\User\./beep/bsp_beep.h(15): warning:  #47-D: incompatible redefinition of macro "OFF"  (declared at line 30 of "..\..\User\./led/bsp_led.h")
  #define OFF 0
..\..\User\main.c(55): warning:  #177-D: variable "Touch_Task_Handle"  was declared but never referenced
  static TaskHandle_t Touch_Task_Handle = NULL;
..\..\User\main.c(194): warning:  #177-D: function "Touch_Task"  was declared but never referenced
  static void Touch_Task(void* parameter)
..\..\User\main.c: 4 warnings, 0 errors
linking...
Program Size: Code=90928 RO-data=17236 RW-data=628 ZI-data=1095312  
FromELF: creating hex file...
"..\..\Output\Fire_F407.axf" - 0 Error(s), 4 Warning(s).

<h2>Software Packages used:</h2>

Package Vendor: Keil
                https://www.keil.com/pack/Keil.STM32F4xx_DFP.2.17.1.pack
                Keil.STM32F4xx_DFP.2.17.1
                STMicroelectronics STM32F4 Series Device Support, Drivers and Examples

<h2>Collection of Component include folders:</h2>
  D:\keil_v5\packs\Keil\STM32F4xx_DFP\2.17.1\Drivers\CMSIS\Device\ST\STM32F4xx\Include

<h2>Collection of Component Files used:</h2>
Build Time Elapsed:  00:00:02
</pre>
</body>
</html>
