<!doctype html public "-//w3c//dtd html 4.0 transitional//en">
<html><head>
<title>Static Call Graph - [..\..\Output\Fire_F407.axf]</title></head>
<body><HR>
<H1>Static Call Graph for image ..\..\Output\Fire_F407.axf</H1><HR>
<BR><P>#&#060CALLGRAPH&#062# ARM Linker, 5060960: Last Updated: Thu Mar 06 18:03:37 2025
<BR><P>
<H3>Maximum Stack Usage =        288 bytes + Unknown(Functions without stacksize, Cycles, Untraceable Function Pointers)</H3><H3>
Call chain for Maximum Stack Depth:</H3>
GUI_Task &rArr; GUI_Init &rArr; GUI__Config &rArr; LCD_X_Config &rArr; GUI_DEVICE_CreateAndLink &rArr; GUI_ALLOC_GetFixedBlock &rArr; _EnlargeBlocks &rArr;  _Alloc (Cycle)
<P>
<H3>
Functions with no stack information
</H3><UL>
 <LI><a href="#[70]">FRAMEWIN_Callback</a>
 <LI><a href="#[ba]">FRAMEWIN_CreateIndirect</a>
 <LI><a href="#[4]">FRAMEWIN_DrawSkinFlex</a>
 <LI><a href="#[13e]">FRAMEWIN_GetActive</a>
 <LI><a href="#[14a]">FRAMEWIN_SetFont</a>
 <LI><a href="#[14e]">FRAMEWIN_SetText</a>
 <LI><a href="#[130]">FRAMEWIN__CalcPositions</a>
 <LI><a href="#[153]">FRAMEWIN__CalcTitleHeight</a>
 <LI><a href="#[3]">FRAMEWIN__GetBorderSize</a>
 <LI><a href="#[152]">FRAMEWIN__GetTitleLimits</a>
 <LI><a href="#[14d]">FRAMEWIN__UpdateButtons</a>
 <LI><a href="#[14c]">FRAMEWIN__UpdatePositions</a>
 <LI><a href="#[15e]">GL_DrawLine1Ex</a>
 <LI><a href="#[15f]">GL_DrawPoint</a>
 <LI><a href="#[161]">GL_FillCircle</a>
 <LI><a href="#[1ca]">GL_FillPolygon</a>
 <LI><a href="#[162]">GL_SetDefault</a>
 <LI><a href="#[165]">GRAPH_AttachData</a>
 <LI><a href="#[167]">GRAPH_AttachScale</a>
 <LI><a href="#[72]">GRAPH_Callback</a>
 <LI><a href="#[bb]">GRAPH_CreateIndirect</a>
 <LI><a href="#[17e]">GRAPH_DATA_YT_AddValue</a>
 <LI><a href="#[180]">GRAPH_DATA_YT_Create</a>
 <LI><a href="#[182]">GRAPH_SCALE_Create</a>
 <LI><a href="#[183]">GRAPH_SCALE_SetFactor</a>
 <LI><a href="#[184]">GRAPH_SetBorder</a>
 <LI><a href="#[185]">GRAPH_SetColor</a>
 <LI><a href="#[186]">GRAPH_SetGridDistX</a>
 <LI><a href="#[187]">GRAPH_SetGridDistY</a>
 <LI><a href="#[188]">GRAPH_SetGridVis</a>
 <LI><a href="#[189]">GRAPH_SetLineStyleH</a>
 <LI><a href="#[18a]">GRAPH_SetLineStyleV</a>
 <LI><a href="#[17f]">GRAPH__AddValue</a>
 <LI><a href="#[18d]">GRAPH__InvalidateGraph</a>
 <LI><a href="#[18e]">GUIDRV_FlexColor_Config</a>
 <LI><a href="#[190]">GUIDRV_FlexColor_SetFunc</a>
 <LI><a href="#[b5]">GUIDRV_FlexColor_SetFunc66709</a>
 <LI><a href="#[b4]">GUIDRV_FlexColor_SetMode16bppC0B16</a>
 <LI><a href="#[83]">GUIDRV_FlexColor__GetPixelIndexNoCache</a>
 <LI><a href="#[191]">GUIDRV_FlexColor__InitOnce</a>
 <LI><a href="#[77]">GUIDRV_FlexColor__SetLog2Phys</a>
 <LI><a href="#[7f]">GUIDRV_FlexColor__SetPixelIndexNoCache</a>
 <LI><a href="#[ea]">GUIMONO_DispChar</a>
 <LI><a href="#[eb]">GUIMONO_GetCharDistX</a>
 <LI><a href="#[ec]">GUIMONO_GetFontInfo</a>
 <LI><a href="#[ed]">GUIMONO_IsInFont</a>
 <LI><a href="#[df]">GUIPROP_DispChar</a>
 <LI><a href="#[e0]">GUIPROP_GetCharDistX</a>
 <LI><a href="#[e1]">GUIPROP_GetFontInfo</a>
 <LI><a href="#[e2]">GUIPROP_IsInFont</a>
 <LI><a href="#[196]">GUITASK_CopyContext</a>
 <LI><a href="#[198]">GUITASK_Init</a>
 <LI><a href="#[19b]">GUI_ALLOC_AllocInit</a>
 <LI><a href="#[19d]">GUI_ALLOC_AllocNoInit</a>
 <LI><a href="#[181]">GUI_ALLOC_AllocZero</a>
 <LI><a href="#[2b0]">GUI_ALLOC_AssignMemory</a>
 <LI><a href="#[174]">GUI_ALLOC_Free</a>
 <LI><a href="#[1b1]">GUI_ALLOC_FreeFixedBlock</a>
 <LI><a href="#[132]">GUI_ALLOC_FreePtr</a>
 <LI><a href="#[18f]">GUI_ALLOC_GetFixedBlock</a>
 <LI><a href="#[22f]">GUI_ALLOC_GetSize</a>
 <LI><a href="#[1b5]">GUI_ALLOC_Lock</a>
 <LI><a href="#[127]">GUI_ALLOC_LockH</a>
 <LI><a href="#[1a1]">GUI_ALLOC_Realloc</a>
 <LI><a href="#[1a2]">GUI_ALLOC_RequestSize</a>
 <LI><a href="#[1b7]">GUI_ALLOC_Unlock</a>
 <LI><a href="#[128]">GUI_ALLOC_UnlockH</a>
 <LI><a href="#[1ad]">GUI_ALLOC_h2p</a>
 <LI><a href="#[166]">GUI_ARRAY_AddItem</a>
 <LI><a href="#[17d]">GUI_ARRAY_Create</a>
 <LI><a href="#[175]">GUI_ARRAY_Delete</a>
 <LI><a href="#[16d]">GUI_ARRAY_GetNumItems</a>
 <LI><a href="#[16e]">GUI_ARRAY_GethItem</a>
 <LI><a href="#[1b9]">GUI_AddDecShift</a>
 <LI><a href="#[288]">GUI_CalcColorDist</a>
 <LI><a href="#[15c]">GUI_Clear</a>
 <LI><a href="#[179]">GUI_ClearRect</a>
 <LI><a href="#[1a6]">GUI_CreateDialogBox</a>
 <LI><a href="#[1ae]">GUI_DEVICE_Create</a>
 <LI><a href="#[1af]">GUI_DEVICE_CreateAndLink</a>
 <LI><a href="#[1b0]">GUI_DEVICE_Delete</a>
 <LI><a href="#[1ec]">GUI_DEVICE_Link</a>
 <LI><a href="#[1e4]">GUI_DEVICE_LinkDevices</a>
 <LI><a href="#[23a]">GUI_DEVICE_Unlink</a>
 <LI><a href="#[1e3]">GUI_DEVICE_UnlinkTaskDevices</a>
 <LI><a href="#[1f2]">GUI_DEVICE__GetpDriver</a>
 <LI><a href="#[1b2]">GUI_Delay</a>
 <LI><a href="#[1b8]">GUI_DispDecShift</a>
 <LI><a href="#[1bb]">GUI_DispFloatMin</a>
 <LI><a href="#[1ba]">GUI_DispString</a>
 <LI><a href="#[148]">GUI_DispStringInRect</a>
 <LI><a href="#[92]">GUI_DrawGradientH</a>
 <LI><a href="#[91]">GUI_DrawGradientV</a>
 <LI><a href="#[1c9]">GUI_DrawGraphEx</a>
 <LI><a href="#[142]">GUI_DrawHLine</a>
 <LI><a href="#[17c]">GUI_DrawLine</a>
 <LI><a href="#[149]">GUI_DrawPixel</a>
 <LI><a href="#[1cb]">GUI_DrawRect</a>
 <LI><a href="#[144]">GUI_DrawVLine</a>
 <LI><a href="#[1b4]">GUI_Exec</a>
 <LI><a href="#[143]">GUI_FillRect</a>
 <LI><a href="#[145]">GUI_FillRectEx</a>
 <LI><a href="#[20a]">GUI_GetBitsPerPixelEx</a>
 <LI><a href="#[195]">GUI_GetBkColor</a>
 <LI><a href="#[1cf]">GUI_GetCharDistX</a>
 <LI><a href="#[1d0]">GUI_GetCharDistXEx</a>
 <LI><a href="#[1d1]">GUI_GetClientRect</a>
 <LI><a href="#[194]">GUI_GetColor</a>
 <LI><a href="#[1c1]">GUI_GetFontDistY</a>
 <LI><a href="#[1d3]">GUI_GetFontSizeY</a>
 <LI><a href="#[17a]">GUI_GetLineStyle</a>
 <LI><a href="#[1d4]">GUI_GetOrg</a>
 <LI><a href="#[1d5]">GUI_GetTime</a>
 <LI><a href="#[225]">GUI_GetVersionString</a>
 <LI><a href="#[1c2]">GUI_GetYAdjust</a>
 <LI><a href="#[14b]">GUI_GetYSizeOfFont</a>
 <LI><a href="#[20c]">GUI_GetpfColor2IndexEx</a>
 <LI><a href="#[20b]">GUI_GetpfIndex2ColorEx</a>
 <LI><a href="#[1a3]">GUI_GotoXY</a>
 <LI><a href="#[1d6]">GUI_Init</a>
 <LI><a href="#[133]">GUI_Lock</a>
 <LI><a href="#[1be]">GUI_Long2Len</a>
 <LI><a href="#[1e5]">GUI_MEMDEV_Clear</a>
 <LI><a href="#[1e6]">GUI_MEMDEV_CopyToLCD</a>
 <LI><a href="#[1f0]">GUI_MEMDEV_CreateEx</a>
 <LI><a href="#[1f3]">GUI_MEMDEV_Delete</a>
 <LI><a href="#[1f5]">GUI_MEMDEV_Draw</a>
 <LI><a href="#[1ff]">GUI_MEMDEV_GetBitsPerPixel</a>
 <LI><a href="#[201]">GUI_MEMDEV_GetDataPtr</a>
 <LI><a href="#[1f8]">GUI_MEMDEV_GetYSize</a>
 <LI><a href="#[99]">GUI_MEMDEV_Paint1Static</a>
 <LI><a href="#[1fa]">GUI_MEMDEV_ReduceYSize</a>
 <LI><a href="#[1f9]">GUI_MEMDEV_Select</a>
 <LI><a href="#[1fb]">GUI_MEMDEV_SetOrg</a>
 <LI><a href="#[204]">GUI_MEMDEV_Write</a>
 <LI><a href="#[1f1]">GUI_MEMDEV__CreateFixed</a>
 <LI><a href="#[a3]">GUI_MEMDEV__WriteToActiveAlpha</a>
 <LI><a href="#[207]">GUI_MEMDEV__WriteToActiveAt</a>
 <LI><a href="#[a2]">GUI_MEMDEV__WriteToActiveOpaque</a>
 <LI><a href="#[276]">GUI_MergeRect</a>
 <LI><a href="#[265]">GUI_MoveRect</a>
 <LI><a href="#[20f]">GUI_PollKeyMsg</a>
 <LI><a href="#[211]">GUI_ReadRectEx</a>
 <LI><a href="#[279]">GUI_RectsIntersect</a>
 <LI><a href="#[213]">GUI_RestoreContext</a>
 <LI><a href="#[214]">GUI_SaveContext_W</a>
 <LI><a href="#[1ef]">GUI_SelectLCD</a>
 <LI><a href="#[1e9]">GUI_SelectLayer</a>
 <LI><a href="#[16b]">GUI_SetBkColor</a>
 <LI><a href="#[141]">GUI_SetColor</a>
 <LI><a href="#[1e8]">GUI_SetDrawMode</a>
 <LI><a href="#[147]">GUI_SetFont</a>
 <LI><a href="#[17b]">GUI_SetLineStyle</a>
 <LI><a href="#[1e0]">GUI_SetOrg</a>
 <LI><a href="#[216]">GUI_SetTextAlign</a>
 <LI><a href="#[146]">GUI_SetTextMode</a>
 <LI><a href="#[218]">GUI_SignalEvent</a>
 <LI><a href="#[217]">GUI_StoreKey</a>
 <LI><a href="#[219]">GUI_TIMER_Create</a>
 <LI><a href="#[21b]">GUI_TIMER_Delete</a>
 <LI><a href="#[85]">GUI_TIMER_Exec</a>
 <LI><a href="#[21c]">GUI_TIMER_GetFlag</a>
 <LI><a href="#[21d]">GUI_TIMER_Restart</a>
 <LI><a href="#[21e]">GUI_TIMER_SetPeriod</a>
 <LI><a href="#[21f]">GUI_TIMER__GetFirstTimer</a>
 <LI><a href="#[220]">GUI_TIMER__GetNextTimerLin</a>
 <LI><a href="#[22d]">GUI_UC__GetCharCodeInc</a>
 <LI><a href="#[1c6]">GUI_UC__NumChars2NumBytes</a>
 <LI><a href="#[28a]">GUI_USAGE_AddRect</a>
 <LI><a href="#[208]">GUI_USAGE_BM_Create</a>
 <LI><a href="#[1f4]">GUI_USAGE_DecUseCnt</a>
 <LI><a href="#[135]">GUI_Unlock</a>
 <LI><a href="#[222]">GUI__AllocAlphaBuffer</a>
 <LI><a href="#[202]">GUI__AlphaPreserveTrans</a>
 <LI><a href="#[20d]">GUI__CompactPixelIndices</a>
 <LI><a href="#[290]">GUI__CompactPixelIndicesEx</a>
 <LI><a href="#[1d7]">GUI__Config</a>
 <LI><a href="#[1c5]">GUI__DispLine</a>
 <LI><a href="#[1c8]">GUI__DispStringInRect</a>
 <LI><a href="#[246]">GUI__DivideRound32</a>
 <LI><a href="#[22a]">GUI__DoAlphaBlending</a>
 <LI><a href="#[140]">GUI__DrawTwinArc2</a>
 <LI><a href="#[22b]">GUI__ExpandPixelIndicesEx</a>
 <LI><a href="#[1c4]">GUI__GetLineDistX</a>
 <LI><a href="#[1c3]">GUI__GetLineNumChars</a>
 <LI><a href="#[229]">GUI__HandleEOLine</a>
 <LI><a href="#[260]">GUI__IntersectRect</a>
 <LI><a href="#[1c7]">GUI__IntersectRects</a>
 <LI><a href="#[22e]">GUI__ManageCache</a>
 <LI><a href="#[c]">GUI__MixColors</a>
 <LI><a href="#[d]">GUI__MixColorsBulk</a>
 <LI><a href="#[16c]">GUI__ReduceRect</a>
 <LI><a href="#[199]">GUI__RegisterExit</a>
 <LI><a href="#[13d]">GUI__SetText</a>
 <LI><a href="#[28b]">GUI__memset16</a>
 <LI><a href="#[22c]">GUI__sqrt32</a>
 <LI><a href="#[10]">LCD_AA_MixColors16</a>
 <LI><a href="#[224]">LCD_AA_SetOrMask</a>
 <LI><a href="#[236]">LCD_Color2Index</a>
 <LI><a href="#[192]">LCD_DrawBitmap</a>
 <LI><a href="#[c1]">LCD_DrawHLine</a>
 <LI><a href="#[c2]">LCD_DrawPixel</a>
 <LI><a href="#[160]">LCD_DrawVLine</a>
 <LI><a href="#[193]">LCD_FillRect</a>
 <LI><a href="#[231]">LCD_GetBitsPerPixelEx</a>
 <LI><a href="#[1cd]">LCD_GetBkColorIndex</a>
 <LI><a href="#[1d2]">LCD_GetColorIndex</a>
 <LI><a href="#[232]">LCD_GetNumColors</a>
 <LI><a href="#[233]">LCD_GetNumColorsEx</a>
 <LI><a href="#[234]">LCD_GetNumLayers</a>
 <LI><a href="#[235]">LCD_GetPalette</a>
 <LI><a href="#[1fd]">LCD_GetVXSizeEx</a>
 <LI><a href="#[223]">LCD_GetVXSizeMax</a>
 <LI><a href="#[1fe]">LCD_GetVYSizeEx</a>
 <LI><a href="#[205]">LCD_GetXSize</a>
 <LI><a href="#[1db]">LCD_GetXSizeDisplay</a>
 <LI><a href="#[1f6]">LCD_GetXSizeEx</a>
 <LI><a href="#[1dd]">LCD_GetXSizeMax</a>
 <LI><a href="#[206]">LCD_GetYSize</a>
 <LI><a href="#[1dc]">LCD_GetYSizeDisplay</a>
 <LI><a href="#[1f7]">LCD_GetYSizeEx</a>
 <LI><a href="#[1de]">LCD_GetYSizeMax</a>
 <LI><a href="#[0]">LCD_GetpPalConvTableBM</a>
 <LI><a href="#[1ce]">LCD_Index2Color</a>
 <LI><a href="#[bd]">LCD_Index2Color_M565</a>
 <LI><a href="#[8a]">LCD_Index2Color_M888</a>
 <LI><a href="#[89]">LCD_Index2Color_M8888I</a>
 <LI><a href="#[237]">LCD_InitColors</a>
 <LI><a href="#[238]">LCD_InitLUT</a>
 <LI><a href="#[215]">LCD_SelectLCD</a>
 <LI><a href="#[15b]">LCD_SetBkColor</a>
 <LI><a href="#[23f]">LCD_SetBkColorIndex</a>
 <LI><a href="#[23b]">LCD_SetClipRectEx</a>
 <LI><a href="#[1ee]">LCD_SetClipRectMax</a>
 <LI><a href="#[163]">LCD_SetColor</a>
 <LI><a href="#[23e]">LCD_SetColorIndex</a>
 <LI><a href="#[1df]">LCD_SetDisplaySize</a>
 <LI><a href="#[164]">LCD_SetDrawMode</a>
 <LI><a href="#[239]">LCD_SetLUTEntryEx</a>
 <LI><a href="#[23c]">LCD_SetSizeEx</a>
 <LI><a href="#[23d]">LCD_SetVSizeEx</a>
 <LI><a href="#[1ed]">LCD_UpdateColorIndices</a>
 <LI><a href="#[20e]">LCD__DrawBitmap_1bpp</a>
 <LI><a href="#[200]">LCD__GetBPPDevice</a>
 <LI><a href="#[8c]">SCROLLBAR_Callback</a>
 <LI><a href="#[248]">SCROLLBAR_CreateAttached</a>
 <LI><a href="#[a]">SCROLLBAR_DrawSkinFlex</a>
 <LI><a href="#[171]">SCROLLBAR_GetValue</a>
 <LI><a href="#[287]">SCROLLBAR__Rect2VRect</a>
 <LI><a href="#[244]">WIDGET_AndState</a>
 <LI><a href="#[12a]">WIDGET_HandleActive</a>
 <LI><a href="#[138]">WIDGET_OrState</a>
 <LI><a href="#[24b]">WIDGET__DrawTriangle</a>
 <LI><a href="#[169]">WIDGET__EFFECT_DrawDownRect</a>
 <LI><a href="#[24f]">WIDGET__GetClientRect</a>
 <LI><a href="#[13b]">WIDGET__Init</a>
 <LI><a href="#[24a]">WIDGET__RotateRect90</a>
 <LI><a href="#[250]">WIDGET__SetScrollState</a>
 <LI><a href="#[1ea]">WM_Activate</a>
 <LI><a href="#[253]">WM_BringToBottom</a>
 <LI><a href="#[12e]">WM_BringToTop</a>
 <LI><a href="#[28f]">WM_CheckScrollBounds</a>
 <LI><a href="#[247]">WM_CreateTimer</a>
 <LI><a href="#[13a]">WM_CreateWindowAsChild</a>
 <LI><a href="#[1eb]">WM_Deactivate</a>
 <LI><a href="#[12b]">WM_DefaultProc</a>
 <LI><a href="#[245]">WM_DeleteTimer</a>
 <LI><a href="#[1a9]">WM_DeleteWindow</a>
 <LI><a href="#[13c]">WM_DisableMemdev</a>
 <LI><a href="#[1cc]">WM_Exec</a>
 <LI><a href="#[258]">WM_ForEachDesc</a>
 <LI><a href="#[269]">WM_GetActiveWindow</a>
 <LI><a href="#[168]">WM_GetClientRect</a>
 <LI><a href="#[1a7]">WM_GetClientWindow</a>
 <LI><a href="#[1aa]">WM_GetDesktopWindow</a>
 <LI><a href="#[251]">WM_GetDialogItem</a>
 <LI><a href="#[154]">WM_GetFirstChild</a>
 <LI><a href="#[1ac]">WM_GetFocusedWindow</a>
 <LI><a href="#[172]">WM_GetId</a>
 <LI><a href="#[249]">WM_GetInsideRectEx</a>
 <LI><a href="#[176]">WM_GetInsideRectExScrollbar</a>
 <LI><a href="#[155]">WM_GetNextSibling</a>
 <LI><a href="#[177]">WM_GetOrgX</a>
 <LI><a href="#[178]">WM_GetOrgY</a>
 <LI><a href="#[15a]">WM_GetParent</a>
 <LI><a href="#[240]">WM_GetScrollPartner</a>
 <LI><a href="#[170]">WM_GetScrollbarH</a>
 <LI><a href="#[16f]">WM_GetScrollbarV</a>
 <LI><a href="#[203]">WM_GetWindowOrgX</a>
 <LI><a href="#[267]">WM_GetWindowRectEx</a>
 <LI><a href="#[268]">WM_GetWindowSizeX</a>
 <LI><a href="#[151]">WM_GetWindowSizeY</a>
 <LI><a href="#[278]">WM_HasCaptured</a>
 <LI><a href="#[137]">WM_HasFocus</a>
 <LI><a href="#[26a]">WM_HideWindow</a>
 <LI><a href="#[1e1]">WM_Init</a>
 <LI><a href="#[18c]">WM_InvalidateRect</a>
 <LI><a href="#[134]">WM_InvalidateWindow</a>
 <LI><a href="#[26e]">WM_InvalidateWindowAndDescs</a>
 <LI><a href="#[26f]">WM_InvalidateWindowAndDescsEx</a>
 <LI><a href="#[270]">WM_IsFocusable</a>
 <LI><a href="#[136]">WM_IsWindow</a>
 <LI><a href="#[158]">WM_MoveChildTo</a>
 <LI><a href="#[156]">WM_MoveWindow</a>
 <LI><a href="#[242]">WM_NotifyParent</a>
 <LI><a href="#[210]">WM_OnKey</a>
 <LI><a href="#[157]">WM_ResizeWindow</a>
 <LI><a href="#[241]">WM_RestartTimer</a>
 <LI><a href="#[263]">WM_SendMessage</a>
 <LI><a href="#[1ab]">WM_SendMessageNoPara</a>
 <LI><a href="#[25b]">WM_SendToParent</a>
 <LI><a href="#[243]">WM_SetCapture</a>
 <LI><a href="#[12f]">WM_SetCaptureMove</a>
 <LI><a href="#[129]">WM_SetFocus</a>
 <LI><a href="#[139]">WM_SetFocusOnNextChild</a>
 <LI><a href="#[15d]">WM_SetFocusOnPrevChild</a>
 <LI><a href="#[13f]">WM_SetHasTrans</a>
 <LI><a href="#[252]">WM_SetScrollState</a>
 <LI><a href="#[27e]">WM_SetScrollbarH</a>
 <LI><a href="#[280]">WM_SetScrollbarV</a>
 <LI><a href="#[159]">WM_SetSize</a>
 <LI><a href="#[16a]">WM_SetUserClipRect</a>
 <LI><a href="#[1a8]">WM_ShowWindow</a>
 <LI><a href="#[27d]">WM_ValidateWindow</a>
 <LI><a href="#[281]">WM__ActivateClipRect</a>
 <LI><a href="#[26b]">WM__AddCriticalHandle</a>
 <LI><a href="#[25d]">WM__DeleteAssocTimer</a>
 <LI><a href="#[27f]">WM__DeleteSecure</a>
 <LI><a href="#[262]">WM__ForEachDesc</a>
 <LI><a href="#[25a]">WM__GetClientRectEx</a>
 <LI><a href="#[24d]">WM__GetClientRectWin</a>
 <LI><a href="#[27a]">WM__GetFocusedChild</a>
 <LI><a href="#[27c]">WM__GetLastSibling</a>
 <LI><a href="#[1a5]">WM__GetNextIVR</a>
 <LI><a href="#[254]">WM__GetPrevSibling</a>
 <LI><a href="#[27b]">WM__GetTopLevelLayer</a>
 <LI><a href="#[14f]">WM__GetWindowSizeX</a>
 <LI><a href="#[150]">WM__GetWindowSizeY</a>
 <LI><a href="#[1a4]">WM__InitIVRSearch</a>
 <LI><a href="#[257]">WM__InsertWindowIntoList</a>
 <LI><a href="#[26d]">WM__InvalidateDrawAndDescs</a>
 <LI><a href="#[274]">WM__InvalidateParent</a>
 <LI><a href="#[25e]">WM__InvalidateRect</a>
 <LI><a href="#[255]">WM__InvalidateRectEx</a>
 <LI><a href="#[12d]">WM__IsAncestor</a>
 <LI><a href="#[12c]">WM__IsAncestorOrSelf</a>
 <LI><a href="#[271]">WM__IsWindow</a>
 <LI><a href="#[272]">WM__MoveWindow</a>
 <LI><a href="#[98]">WM__Paint1</a>
 <LI><a href="#[256]">WM__RemoveWindowFromList</a>
 <LI><a href="#[24e]">WM__Screen2Client</a>
 <LI><a href="#[131]">WM__SendMessage</a>
 <LI><a href="#[1fc]">WM__SendMessageNoPara</a>
 <LI><a href="#[277]">WM__SendMsgNoData</a>
 <LI><a href="#[24c]">WM__UpdateChildPositions</a>
 <LI><a href="#[1da]">emWin_LCD_Init</a>
 <LI><a href="#[bc]">_Color2Index_M565</a>
 <LI><a href="#[be]">_GetIndexMask_M565</a>
 <LI><a href="#[bf]">_Color2IndexBulk</a>
 <LI><a href="#[c0]">_Index2ColorBulk</a>
 <LI><a href="#[19e]">_AddFreeMemory</a>
 <LI><a href="#[1a0]">_RemoveHoles</a>
 <LI><a href="#[19f]">_EnlargeBlocks</a>
 <LI><a href="#[19c]">_Alloc</a>
 <LI><a href="#[1d9]">_InitContext</a>
 <LI><a href="#[88]">_OnExit</a>
 <LI><a href="#[cc]">_Log2PhysY_X1Y0S0</a>
 <LI><a href="#[ce]">_Log2PhysY_X1Y1S0</a>
 <LI><a href="#[d0]">_Log2PhysY_X1Y0S1</a>
 <LI><a href="#[d2]">_Log2PhysY_X1Y1S1</a>
 <LI><a href="#[d8]">_SetPixelIndex</a>
 <LI><a href="#[d7]">_GetPixelIndex</a>
 <LI><a href="#[d9]">_XorPixel</a>
 <LI><a href="#[d4]">_DrawHLine</a>
 <LI><a href="#[d5]">_DrawVLine</a>
 <LI><a href="#[d6]">_FillRect</a>
 <LI><a href="#[d3]">_DrawBitmap</a>
 <LI><a href="#[a4]">_GetDevFunc_SetRect</a>
 <LI><a href="#[9e]">_GetDevFunc_SetRectOutside</a>
 <LI><a href="#[a6]">_ReadPixelCust_16bpp</a>
 <LI><a href="#[a7]">_ReadPixelCust_18bpp</a>
 <LI><a href="#[a5]">_ReadRectCust_16bpp</a>
 <LI><a href="#[a8]">_ReadRectCust_18bpp</a>
 <LI><a href="#[db]">_GetDevFunc</a>
 <LI><a href="#[9b]">_GetDevFunc_On</a>
 <LI><a href="#[9c]">_GetDevFunc_Off</a>
 <LI><a href="#[9d]">_SetDevFunc</a>
 <LI><a href="#[9f]">_GetDevFunc_SetVSize</a>
 <LI><a href="#[a0]">_GetDevFunc_SetSize</a>
 <LI><a href="#[a1]">_GetDevFunc_Init</a>
 <LI><a href="#[dc]">_GetDevProp</a>
 <LI><a href="#[dd]">_GetDevData</a>
 <LI><a href="#[de]">_GetRect</a>
 <LI><a href="#[da]">_SetOrg</a>
 <LI><a href="#[cf]">_Log2PhysY_X0Y0S1</a>
 <LI><a href="#[c3]">_Log2PhysX_X0Y0S0</a>
 <LI><a href="#[c5]">_Log2PhysX_X0Y1S0</a>
 <LI><a href="#[c7]">_Log2PhysX_X0Y0S1</a>
 <LI><a href="#[c9]">_Log2PhysX_X0Y1S1</a>
 <LI><a href="#[cb]">_Log2PhysY_X0Y0S0</a>
 <LI><a href="#[cd]">_Log2PhysY_X0Y1S0</a>
 <LI><a href="#[c4]">_Log2PhysX_X1Y0S0</a>
 <LI><a href="#[c6]">_Log2PhysX_X1Y1S0</a>
 <LI><a href="#[c8]">_Log2PhysX_X1Y0S1</a>
 <LI><a href="#[ca]">_Log2PhysX_X1Y1S1</a>
 <LI><a href="#[d1]">_Log2PhysY_X0Y1S1</a>
 <LI><a href="#[80]">_ReadData</a>
 <LI><a href="#[7e]">_WriteData</a>
 <LI><a href="#[81]">_DrawBitmap</a>
 <LI><a href="#[82]">_FillRect</a>
 <LI><a href="#[78]">_SetPhysRAMAddr</a>
 <LI><a href="#[79]">_SetRect</a>
 <LI><a href="#[7a]">_SetOrientation</a>
 <LI><a href="#[7b]">_ReadPixel_16bpp_B8</a>
 <LI><a href="#[7c]">_ReadRect_16bpp_B8</a>
 <LI><a href="#[1]">_ReadPixel_16bpp_B16_I</a>
 <LI><a href="#[2]">_ReadRect_16bpp_B16_I</a>
 <LI><a href="#[ab]">_SetReg_B8</a>
 <LI><a href="#[a9]">_SetReg_B16</a>
 <LI><a href="#[ac]">_WritePara_B8</a>
 <LI><a href="#[aa]">_WritePara_B16</a>
 <LI><a href="#[7d]">_SetInterface</a>
 <LI><a href="#[96]">_OnExit</a>
 <LI><a href="#[28d]">_Findy1</a>
 <LI><a href="#[28c]">_Findx0</a>
 <LI><a href="#[283]">_Findx1</a>
 <LI><a href="#[286]">_Paint1Trans</a>
 <LI><a href="#[285]">_PaintTransChildren</a>
 <LI><a href="#[282]">_Findx0.constprop.10</a>
 <LI><a href="#[284]">_Findy1.constprop.11</a>
 <LI><a href="#[261]">WM__PaintWinAndOverlays</a>
 <LI><a href="#[95]">_cbPaintMemDev</a>
 <LI><a href="#[26c]">_Invalidate1Abs</a>
 <LI><a href="#[259]">WM_InvalidateRect.part.2</a>
 <LI><a href="#[97]">_cbBackWin</a>
 <LI><a href="#[25c]">WM_DeleteWindow.part.3</a>
 <LI><a href="#[25f]">_Exec1Input</a>
 <LI><a href="#[275]">WM_ResizeWindow.part.11</a>
 <LI><a href="#[266]">_GetDialogItem.part.4</a>
 <LI><a href="#[264]">_GetDialogItem</a>
 <LI><a href="#[71]">FRAMEWIN__cbClient</a>
 <LI><a href="#[173]">_ManageScrollbars</a>
 <LI><a href="#[74]">_OnDelete</a>
 <LI><a href="#[73]">_OnPaint</a>
 <LI><a href="#[75]">_InvalidateNewItem</a>
 <LI><a href="#[76]">_OnPaint</a>
 <LI><a href="#[84]">_OnExit</a>
 <LI><a href="#[e3]">_GetCharCode</a>
 <LI><a href="#[e4]">_GetCharSize</a>
 <LI><a href="#[e5]">_CalcSizeOfChar</a>
 <LI><a href="#[e6]">_Encode</a>
 <LI><a href="#[e8]">_SetBkColor</a>
 <LI><a href="#[e7]">_SetColor</a>
 <LI><a href="#[e9]">_SetDrawMode</a>
 <LI><a href="#[8b]">_OnExit</a>
 <LI><a href="#[1e7]">GUI_MEMDEV_CopyToLCDAt.part.0</a>
 <LI><a href="#[f8]">_GetDevData</a>
 <LI><a href="#[f6]">_GetDevFunc</a>
 <LI><a href="#[f5]">_SetOrg</a>
 <LI><a href="#[f9]">_GetRect</a>
 <LI><a href="#[ee]">_DrawBitmap</a>
 <LI><a href="#[f7]">_GetDevProp</a>
 <LI><a href="#[f2]">_GetPixelIndex</a>
 <LI><a href="#[f3]">_SetPixelIndex</a>
 <LI><a href="#[f4]">_XorPixel</a>
 <LI><a href="#[f1]">_FillRect</a>
 <LI><a href="#[ef]">_DrawHLine</a>
 <LI><a href="#[f0]">_DrawVLine</a>
 <LI><a href="#[93]">_cbInvalidateOne</a>
 <LI><a href="#[273]">_MoveDescendents</a>
 <LI><a href="#[94]">_cbTimer</a>
 <LI><a href="#[9]">_GetBorderSize</a>
 <LI><a href="#[8]">_Create</a>
 <LI><a href="#[7]">_Paint</a>
 <LI><a href="#[fa]">_Color2Index_M8888I</a>
 <LI><a href="#[fb]">_GetIndexMask_M8888I</a>
 <LI><a href="#[fc]">_Color2IndexBulk_M8888I</a>
 <LI><a href="#[fd]">_Index2ColorBulk_M8888I</a>
 <LI><a href="#[100]">_GetIndexMask_0</a>
 <LI><a href="#[ff]">_Index2Color_0</a>
 <LI><a href="#[fe]">_Color2Index_0</a>
 <LI><a href="#[b]">_Log2VisBuffered</a>
 <LI><a href="#[228]">_DispLine</a>
 <LI><a href="#[1c0]">GUI_DispString.part.0</a>
 <LI><a href="#[86]">_OnExit</a>
 <LI><a href="#[21a]">_Link</a>
 <LI><a href="#[87]">_OnExit</a>
 <LI><a href="#[10b]">_GetDevData</a>
 <LI><a href="#[109]">_GetDevFunc</a>
 <LI><a href="#[10a]">_GetDevProp</a>
 <LI><a href="#[108]">_SetOrg</a>
 <LI><a href="#[10c]">_GetRect</a>
 <LI><a href="#[101]">_DrawBitmap</a>
 <LI><a href="#[105]">_GetPixelIndex</a>
 <LI><a href="#[106]">_SetPixelIndex</a>
 <LI><a href="#[107]">_XorPixel</a>
 <LI><a href="#[104]">_FillRect</a>
 <LI><a href="#[102]">_DrawHLine</a>
 <LI><a href="#[103]">_DrawVLine</a>
 <LI><a href="#[10d]">GUI_USAGE_BM_AddPixel</a>
 <LI><a href="#[111]">GUI_USAGE_BM_GetNextDirty</a>
 <LI><a href="#[110]">_GUI_USAGE_BM_Delete</a>
 <LI><a href="#[10f]">GUI_USAGE_BM_Clear</a>
 <LI><a href="#[10e]">GUI_USAGE_BM_AddHLine</a>
 <LI><a href="#[f]">_Create</a>
 <LI><a href="#[9a]">_CalcPositions</a>
 <LI><a href="#[e]">_Paint</a>
 <LI><a href="#[8d]">_DrawGraspH</a>
 <LI><a href="#[8f]">_DrawGraspV</a>
 <LI><a href="#[289]">_DrawFrame</a>
 <LI><a href="#[8e]">_DrawBackgroundH</a>
 <LI><a href="#[90]">_DrawBackgroundV</a>
 <LI><a href="#[115]">_DrawDownRect</a>
 <LI><a href="#[112]">_DrawUp</a>
 <LI><a href="#[113]">_DrawUpRect</a>
 <LI><a href="#[114]">_DrawDown</a>
 <LI><a href="#[212]">LCD_ReadRectEx</a>
 <LI><a href="#[209]">_WriteToActiveAlpha</a>
</UL>
</UL>
<P>
<H3>
Mutually Recursive functions
</H3> <LI><a href="#[2f]">CAN1_RX0_IRQHandler</a>&nbsp;&nbsp;&nbsp;&rArr;&nbsp;&nbsp;&nbsp;<a href="#[2f]">CAN1_RX0_IRQHandler</a><BR>
 <LI><a href="#[131]">WM__SendMessage</a>&nbsp;&nbsp;&nbsp;&rArr;&nbsp;&nbsp;&nbsp;<a href="#[12b]">WM_DefaultProc</a><BR>
 <LI><a href="#[25e]">WM__InvalidateRect</a>&nbsp;&nbsp;&nbsp;&rArr;&nbsp;&nbsp;&nbsp;<a href="#[25e]">WM__InvalidateRect</a><BR>
 <LI><a href="#[26f]">WM_InvalidateWindowAndDescsEx</a>&nbsp;&nbsp;&nbsp;&rArr;&nbsp;&nbsp;&nbsp;<a href="#[26f]">WM_InvalidateWindowAndDescsEx</a><BR>
 <LI><a href="#[26d]">WM__InvalidateDrawAndDescs</a>&nbsp;&nbsp;&nbsp;&rArr;&nbsp;&nbsp;&nbsp;<a href="#[26d]">WM__InvalidateDrawAndDescs</a><BR>
 <LI><a href="#[273]">_MoveDescendents</a>&nbsp;&nbsp;&nbsp;&rArr;&nbsp;&nbsp;&nbsp;<a href="#[273]">_MoveDescendents</a><BR>
 <LI><a href="#[262]">WM__ForEachDesc</a>&nbsp;&nbsp;&nbsp;&rArr;&nbsp;&nbsp;&nbsp;<a href="#[262]">WM__ForEachDesc</a><BR>
 <LI><a href="#[275]">WM_ResizeWindow.part.11</a>&nbsp;&nbsp;&nbsp;&rArr;&nbsp;&nbsp;&nbsp;<a href="#[24c]">WM__UpdateChildPositions</a><BR>
 <LI><a href="#[19f]">_EnlargeBlocks</a>&nbsp;&nbsp;&nbsp;&rArr;&nbsp;&nbsp;&nbsp;<a href="#[19c]">_Alloc</a><BR>
 <LI><a href="#[28d]">_Findy1</a>&nbsp;&nbsp;&nbsp;&rArr;&nbsp;&nbsp;&nbsp;<a href="#[28d]">_Findy1</a><BR>
 <LI><a href="#[28c]">_Findx0</a>&nbsp;&nbsp;&nbsp;&rArr;&nbsp;&nbsp;&nbsp;<a href="#[28c]">_Findx0</a><BR>
 <LI><a href="#[283]">_Findx1</a>&nbsp;&nbsp;&nbsp;&rArr;&nbsp;&nbsp;&nbsp;<a href="#[283]">_Findx1</a><BR>
 <LI><a href="#[266]">_GetDialogItem.part.4</a>&nbsp;&nbsp;&nbsp;&rArr;&nbsp;&nbsp;&nbsp;<a href="#[266]">_GetDialogItem.part.4</a><BR>
 <LI><a href="#[15]">BusFault_Handler</a>&nbsp;&nbsp;&nbsp;&rArr;&nbsp;&nbsp;&nbsp;<a href="#[15]">BusFault_Handler</a><BR>
 <LI><a href="#[13]">HardFault_Handler</a>&nbsp;&nbsp;&nbsp;&rArr;&nbsp;&nbsp;&nbsp;<a href="#[13]">HardFault_Handler</a><BR>
 <LI><a href="#[14]">MemManage_Handler</a>&nbsp;&nbsp;&nbsp;&rArr;&nbsp;&nbsp;&nbsp;<a href="#[14]">MemManage_Handler</a><BR>
 <LI><a href="#[16]">UsageFault_Handler</a>&nbsp;&nbsp;&nbsp;&rArr;&nbsp;&nbsp;&nbsp;<a href="#[16]">UsageFault_Handler</a><BR>
 <LI><a href="#[25c]">WM_DeleteWindow.part.3</a>&nbsp;&nbsp;&nbsp;&rArr;&nbsp;&nbsp;&nbsp;<a href="#[25c]">WM_DeleteWindow.part.3</a><BR>
 <LI><a href="#[285]">_PaintTransChildren</a>&nbsp;&nbsp;&nbsp;&rArr;&nbsp;&nbsp;&nbsp;<a href="#[285]">_PaintTransChildren</a><BR>
 <LI><a href="#[26e]">WM_InvalidateWindowAndDescs</a>&nbsp;&nbsp;&nbsp;&rArr;&nbsp;&nbsp;&nbsp;<a href="#[26e]">WM_InvalidateWindowAndDescs</a><BR>
</UL>
<P>
<H3>
Function Pointers
</H3><UL>
 <LI><a href="#[2d]">ADC_IRQHandler</a> from stm32f4xx_it.o(i.ADC_IRQHandler) referenced from startup_stm32f40xx.o(RESET)
 <LI><a href="#[b7]">AppTaskCreate</a> from main.o(i.AppTaskCreate) referenced from main.o(i.main)
 <LI><a href="#[15]">BusFault_Handler</a> from stm32f4xx_it.o(i.BusFault_Handler) referenced from startup_stm32f40xx.o(RESET)
 <LI><a href="#[2f]">CAN1_RX0_IRQHandler</a> from startup_stm32f40xx.o(.text) referenced from startup_stm32f40xx.o(RESET)
 <LI><a href="#[30]">CAN1_RX1_IRQHandler</a> from startup_stm32f40xx.o(.text) referenced from startup_stm32f40xx.o(RESET)
 <LI><a href="#[31]">CAN1_SCE_IRQHandler</a> from startup_stm32f40xx.o(.text) referenced from startup_stm32f40xx.o(RESET)
 <LI><a href="#[2e]">CAN1_TX_IRQHandler</a> from startup_stm32f40xx.o(.text) referenced from startup_stm32f40xx.o(RESET)
 <LI><a href="#[5b]">CAN2_RX0_IRQHandler</a> from startup_stm32f40xx.o(.text) referenced from startup_stm32f40xx.o(RESET)
 <LI><a href="#[5c]">CAN2_RX1_IRQHandler</a> from startup_stm32f40xx.o(.text) referenced from startup_stm32f40xx.o(RESET)
 <LI><a href="#[5d]">CAN2_SCE_IRQHandler</a> from startup_stm32f40xx.o(.text) referenced from startup_stm32f40xx.o(RESET)
 <LI><a href="#[5a]">CAN2_TX_IRQHandler</a> from startup_stm32f40xx.o(.text) referenced from startup_stm32f40xx.o(RESET)
 <LI><a href="#[6a]">CRYP_IRQHandler</a> from startup_stm32f40xx.o(.text) referenced from startup_stm32f40xx.o(RESET)
 <LI><a href="#[69]">DCMI_IRQHandler</a> from startup_stm32f40xx.o(.text) referenced from startup_stm32f40xx.o(RESET)
 <LI><a href="#[26]">DMA1_Stream0_IRQHandler</a> from startup_stm32f40xx.o(.text) referenced from startup_stm32f40xx.o(RESET)
 <LI><a href="#[27]">DMA1_Stream1_IRQHandler</a> from startup_stm32f40xx.o(.text) referenced from startup_stm32f40xx.o(RESET)
 <LI><a href="#[28]">DMA1_Stream2_IRQHandler</a> from startup_stm32f40xx.o(.text) referenced from startup_stm32f40xx.o(RESET)
 <LI><a href="#[29]">DMA1_Stream3_IRQHandler</a> from startup_stm32f40xx.o(.text) referenced from startup_stm32f40xx.o(RESET)
 <LI><a href="#[2a]">DMA1_Stream4_IRQHandler</a> from startup_stm32f40xx.o(.text) referenced from startup_stm32f40xx.o(RESET)
 <LI><a href="#[2b]">DMA1_Stream5_IRQHandler</a> from startup_stm32f40xx.o(.text) referenced from startup_stm32f40xx.o(RESET)
 <LI><a href="#[2c]">DMA1_Stream6_IRQHandler</a> from startup_stm32f40xx.o(.text) referenced from startup_stm32f40xx.o(RESET)
 <LI><a href="#[4a]">DMA1_Stream7_IRQHandler</a> from startup_stm32f40xx.o(.text) referenced from startup_stm32f40xx.o(RESET)
 <LI><a href="#[53]">DMA2_Stream0_IRQHandler</a> from startup_stm32f40xx.o(.text) referenced from startup_stm32f40xx.o(RESET)
 <LI><a href="#[54]">DMA2_Stream1_IRQHandler</a> from startup_stm32f40xx.o(.text) referenced from startup_stm32f40xx.o(RESET)
 <LI><a href="#[55]">DMA2_Stream2_IRQHandler</a> from startup_stm32f40xx.o(.text) referenced from startup_stm32f40xx.o(RESET)
 <LI><a href="#[56]">DMA2_Stream3_IRQHandler</a> from startup_stm32f40xx.o(.text) referenced from startup_stm32f40xx.o(RESET)
 <LI><a href="#[57]">DMA2_Stream4_IRQHandler</a> from startup_stm32f40xx.o(.text) referenced from startup_stm32f40xx.o(RESET)
 <LI><a href="#[5f]">DMA2_Stream5_IRQHandler</a> from startup_stm32f40xx.o(.text) referenced from startup_stm32f40xx.o(RESET)
 <LI><a href="#[60]">DMA2_Stream6_IRQHandler</a> from startup_stm32f40xx.o(.text) referenced from startup_stm32f40xx.o(RESET)
 <LI><a href="#[61]">DMA2_Stream7_IRQHandler</a> from startup_stm32f40xx.o(.text) referenced from startup_stm32f40xx.o(RESET)
 <LI><a href="#[18]">DebugMon_Handler</a> from stm32f4xx_it.o(i.DebugMon_Handler) referenced from startup_stm32f40xx.o(RESET)
 <LI><a href="#[58]">ETH_IRQHandler</a> from startup_stm32f40xx.o(.text) referenced from startup_stm32f40xx.o(RESET)
 <LI><a href="#[59]">ETH_WKUP_IRQHandler</a> from startup_stm32f40xx.o(.text) referenced from startup_stm32f40xx.o(RESET)
 <LI><a href="#[21]">EXTI0_IRQHandler</a> from startup_stm32f40xx.o(.text) referenced from startup_stm32f40xx.o(RESET)
 <LI><a href="#[43]">EXTI15_10_IRQHandler</a> from startup_stm32f40xx.o(.text) referenced from startup_stm32f40xx.o(RESET)
 <LI><a href="#[22]">EXTI1_IRQHandler</a> from startup_stm32f40xx.o(.text) referenced from startup_stm32f40xx.o(RESET)
 <LI><a href="#[23]">EXTI2_IRQHandler</a> from startup_stm32f40xx.o(.text) referenced from startup_stm32f40xx.o(RESET)
 <LI><a href="#[24]">EXTI3_IRQHandler</a> from startup_stm32f40xx.o(.text) referenced from startup_stm32f40xx.o(RESET)
 <LI><a href="#[25]">EXTI4_IRQHandler</a> from startup_stm32f40xx.o(.text) referenced from startup_stm32f40xx.o(RESET)
 <LI><a href="#[32]">EXTI9_5_IRQHandler</a> from startup_stm32f40xx.o(.text) referenced from startup_stm32f40xx.o(RESET)
 <LI><a href="#[1f]">FLASH_IRQHandler</a> from startup_stm32f40xx.o(.text) referenced from startup_stm32f40xx.o(RESET)
 <LI><a href="#[6c]">FPU_IRQHandler</a> from startup_stm32f40xx.o(.text) referenced from startup_stm32f40xx.o(RESET)
 <LI><a href="#[70]">FRAMEWIN_Callback</a> from FRAMEWIN.o(.text.FRAMEWIN_Callback) referenced from FRAMEWIN.o(.text.FRAMEWIN_CreateIndirect)
 <LI><a href="#[ba]">FRAMEWIN_CreateIndirect</a> from FRAMEWIN.o(.text.FRAMEWIN_CreateIndirect) referenced from graphdlg.o(.constdata)
 <LI><a href="#[4]">FRAMEWIN_DrawSkinFlex</a> from FRAMEWIN_SkinFlex.o(.text.FRAMEWIN_DrawSkinFlex) referenced 4 times from FRAMEWIN.o(.data)
 <LI><a href="#[3]">FRAMEWIN__GetBorderSize</a> from FRAMEWIN.o(.text.FRAMEWIN__GetBorderSize) referenced 2 times from FRAMEWIN.o(.data)
 <LI><a href="#[71]">FRAMEWIN__cbClient</a> from FRAMEWIN.o(.text.FRAMEWIN__cbClient) referenced from FRAMEWIN.o(.text.FRAMEWIN_CreateIndirect)
 <LI><a href="#[4b]">FSMC_IRQHandler</a> from startup_stm32f40xx.o(.text) referenced from startup_stm32f40xx.o(RESET)
 <LI><a href="#[72]">GRAPH_Callback</a> from GRAPH.o(.text.GRAPH_Callback) referenced from GRAPH.o(.text.GRAPH_CreateIndirect)
 <LI><a href="#[bb]">GRAPH_CreateIndirect</a> from GRAPH.o(.text.GRAPH_CreateIndirect) referenced from graphdlg.o(.constdata)
 <LI><a href="#[b5]">GUIDRV_FlexColor_SetFunc66709</a> from GUIDRV_FlexColor_Func66709.o(.text.GUIDRV_FlexColor_SetFunc66709) referenced from lcdconf_flexcolor.o(i.LCD_X_Config)
 <LI><a href="#[b4]">GUIDRV_FlexColor_SetMode16bppC0B16</a> from GUIDRV_FlexColor_16bpp_C0B16.o(.text.GUIDRV_FlexColor_SetMode16bppC0B16) referenced from lcdconf_flexcolor.o(i.LCD_X_Config)
 <LI><a href="#[83]">GUIDRV_FlexColor__GetPixelIndexNoCache</a> from GUIDRV_FlexColor.o(.text.GUIDRV_FlexColor__GetPixelIndexNoCache) referenced from GUIDRV_FlexColor_16bpp_C0B16.o(.text.GUIDRV_FlexColor_SetMode16bppC0B16)
 <LI><a href="#[77]">GUIDRV_FlexColor__SetLog2Phys</a> from GUIDRV_FlexColor.o(.text.GUIDRV_FlexColor__SetLog2Phys) referenced from GUIDRV_FlexColor.o(.text.GUIDRV_FlexColor_Config)
 <LI><a href="#[77]">GUIDRV_FlexColor__SetLog2Phys</a> from GUIDRV_FlexColor.o(.text.GUIDRV_FlexColor__SetLog2Phys) referenced from GUIDRV_FlexColor.o(.text.GUIDRV_FlexColor_SetFunc)
 <LI><a href="#[77]">GUIDRV_FlexColor__SetLog2Phys</a> from GUIDRV_FlexColor.o(.text.GUIDRV_FlexColor__SetLog2Phys) referenced from GUIDRV_FlexColor.o(.text.GUIDRV_FlexColor__InitOnce)
 <LI><a href="#[77]">GUIDRV_FlexColor__SetLog2Phys</a> from GUIDRV_FlexColor.o(.text.GUIDRV_FlexColor__SetLog2Phys) referenced from GUIDRV_FlexColor.o(.text._GetDevFunc_Init)
 <LI><a href="#[77]">GUIDRV_FlexColor__SetLog2Phys</a> from GUIDRV_FlexColor.o(.text.GUIDRV_FlexColor__SetLog2Phys) referenced from GUIDRV_FlexColor.o(.text._GetDevFunc_Off)
 <LI><a href="#[77]">GUIDRV_FlexColor__SetLog2Phys</a> from GUIDRV_FlexColor.o(.text.GUIDRV_FlexColor__SetLog2Phys) referenced from GUIDRV_FlexColor.o(.text._GetDevFunc_On)
 <LI><a href="#[77]">GUIDRV_FlexColor__SetLog2Phys</a> from GUIDRV_FlexColor.o(.text.GUIDRV_FlexColor__SetLog2Phys) referenced from GUIDRV_FlexColor.o(.text._GetDevFunc_SetSize)
 <LI><a href="#[77]">GUIDRV_FlexColor__SetLog2Phys</a> from GUIDRV_FlexColor.o(.text.GUIDRV_FlexColor__SetLog2Phys) referenced from GUIDRV_FlexColor.o(.text._GetDevFunc_SetVSize)
 <LI><a href="#[77]">GUIDRV_FlexColor__SetLog2Phys</a> from GUIDRV_FlexColor.o(.text.GUIDRV_FlexColor__SetLog2Phys) referenced from GUIDRV_FlexColor.o(.text._SetDevFunc)
 <LI><a href="#[7f]">GUIDRV_FlexColor__SetPixelIndexNoCache</a> from GUIDRV_FlexColor.o(.text.GUIDRV_FlexColor__SetPixelIndexNoCache) referenced from GUIDRV_FlexColor_16bpp_C0B16.o(.text.GUIDRV_FlexColor_SetMode16bppC0B16)
 <LI><a href="#[ea]">GUIMONO_DispChar</a> from GUI_CharM.o(.text.GUIMONO_DispChar) referenced 2 times from F6x8.o(.rodata)
 <LI><a href="#[eb]">GUIMONO_GetCharDistX</a> from GUI_CharM.o(.text.GUIMONO_GetCharDistX) referenced 2 times from F6x8.o(.rodata)
 <LI><a href="#[ec]">GUIMONO_GetFontInfo</a> from GUI_CharM.o(.text.GUIMONO_GetFontInfo) referenced 2 times from F6x8.o(.rodata)
 <LI><a href="#[ed]">GUIMONO_IsInFont</a> from GUI_CharM.o(.text.GUIMONO_IsInFont) referenced 2 times from F6x8.o(.rodata)
 <LI><a href="#[df]">GUIPROP_DispChar</a> from GUI_CharP.o(.text.GUIPROP_DispChar) referenced 4 times from F20_1.o(.rodata)
 <LI><a href="#[e0]">GUIPROP_GetCharDistX</a> from GUI_CharP.o(.text.GUIPROP_GetCharDistX) referenced 4 times from F20_1.o(.rodata)
 <LI><a href="#[e1]">GUIPROP_GetFontInfo</a> from GUI_CharP.o(.text.GUIPROP_GetFontInfo) referenced 4 times from F20_1.o(.rodata)
 <LI><a href="#[e2]">GUIPROP_IsInFont</a> from GUI_CharP.o(.text.GUIPROP_IsInFont) referenced 4 times from F20_1.o(.rodata)
 <LI><a href="#[92]">GUI_DrawGradientH</a> from GUI_DrawGradient.o(.text.GUI_DrawGradientH) referenced from SCROLLBAR_SkinFlex.o(.text.SCROLLBAR_DrawSkinFlex)
 <LI><a href="#[91]">GUI_DrawGradientV</a> from GUI_DrawGradient.o(.text.GUI_DrawGradientV) referenced from SCROLLBAR_SkinFlex.o(.text.SCROLLBAR_DrawSkinFlex)
 <LI><a href="#[99]">GUI_MEMDEV_Paint1Static</a> from GUIDEV_StaticDevices.o(.text.GUI_MEMDEV_Paint1Static) referenced from WM.o(.text.WM__PaintWinAndOverlays)
 <LI><a href="#[99]">GUI_MEMDEV_Paint1Static</a> from GUIDEV_StaticDevices.o(.text.GUI_MEMDEV_Paint1Static) referenced from WM.o(.text._Paint1Trans)
 <LI><a href="#[a3]">GUI_MEMDEV__WriteToActiveAlpha</a> from GUIDEV_WriteToActiveAlpha.o(.text.GUI_MEMDEV__WriteToActiveAlpha) referenced from GUIDEV_32.o(.text._GetDevFunc)
 <LI><a href="#[a2]">GUI_MEMDEV__WriteToActiveOpaque</a> from GUIDEV_WriteToActiveOpaque.o(.text.GUI_MEMDEV__WriteToActiveOpaque) referenced from GUIDEV_16.o(.text._GetDevFunc)
 <LI><a href="#[85]">GUI_TIMER_Exec</a> from GUI_Timer.o(.text.GUI_TIMER_Exec) referenced from GUI_Timer.o(.text.GUI_TIMER_Create)
 <LI><a href="#[ae]">GUI_Task</a> from main.o(i.GUI_Task) referenced from main.o(i.AppTaskCreate)
 <LI><a href="#[10e]">GUI_USAGE_BM_AddHLine</a> from GUIDEV_UsageBM.o(.text.GUI_USAGE_BM_AddHLine) referenced from GUIDEV_UsageBM.o(.rodata)
 <LI><a href="#[10d]">GUI_USAGE_BM_AddPixel</a> from GUIDEV_UsageBM.o(.text.GUI_USAGE_BM_AddPixel) referenced from GUIDEV_UsageBM.o(.rodata)
 <LI><a href="#[10f]">GUI_USAGE_BM_Clear</a> from GUIDEV_UsageBM.o(.text.GUI_USAGE_BM_Clear) referenced from GUIDEV_UsageBM.o(.rodata)
 <LI><a href="#[111]">GUI_USAGE_BM_GetNextDirty</a> from GUIDEV_UsageBM.o(.text.GUI_USAGE_BM_GetNextDirty) referenced from GUIDEV_UsageBM.o(.rodata)
 <LI><a href="#[c]">GUI__MixColors</a> from GUI__Alpha.o(.text.GUI__MixColors) referenced 2 times from GUI__Alpha.o(.data)
 <LI><a href="#[d]">GUI__MixColorsBulk</a> from GUI__Alpha.o(.text.GUI__MixColorsBulk) referenced 2 times from GUI__Alpha.o(.data)
 <LI><a href="#[6b]">HASH_RNG_IRQHandler</a> from startup_stm32f40xx.o(.text) referenced from startup_stm32f40xx.o(RESET)
 <LI><a href="#[13]">HardFault_Handler</a> from stm32f4xx_it.o(i.HardFault_Handler) referenced from startup_stm32f40xx.o(RESET)
 <LI><a href="#[3b]">I2C1_ER_IRQHandler</a> from startup_stm32f40xx.o(.text) referenced from startup_stm32f40xx.o(RESET)
 <LI><a href="#[3a]">I2C1_EV_IRQHandler</a> from startup_stm32f40xx.o(.text) referenced from startup_stm32f40xx.o(RESET)
 <LI><a href="#[3d]">I2C2_ER_IRQHandler</a> from startup_stm32f40xx.o(.text) referenced from startup_stm32f40xx.o(RESET)
 <LI><a href="#[3c]">I2C2_EV_IRQHandler</a> from startup_stm32f40xx.o(.text) referenced from startup_stm32f40xx.o(RESET)
 <LI><a href="#[64]">I2C3_ER_IRQHandler</a> from startup_stm32f40xx.o(.text) referenced from startup_stm32f40xx.o(RESET)
 <LI><a href="#[63]">I2C3_EV_IRQHandler</a> from startup_stm32f40xx.o(.text) referenced from startup_stm32f40xx.o(RESET)
 <LI><a href="#[10]">LCD_AA_MixColors16</a> from LCD_AA.o(.text.LCD_AA_MixColors16) referenced 2 times from LCD_AA.o(.data)
 <LI><a href="#[c1]">LCD_DrawHLine</a> from LCD.o(.text.LCD_DrawHLine) referenced from GUI_Core.o(.rodata)
 <LI><a href="#[c2]">LCD_DrawPixel</a> from LCD.o(.text.LCD_DrawPixel) referenced from GUI_Core.o(.rodata)
 <LI><a href="#[0]">LCD_GetpPalConvTableBM</a> from LCD_Color.o(.text.LCD_GetpPalConvTableBM) referenced 2 times from GUI_Core.o(.data)
 <LI><a href="#[bd]">LCD_Index2Color_M565</a> from GUICC_M565.o(.text.LCD_Index2Color_M565) referenced from GUICC_M565.o(.rodata)
 <LI><a href="#[8a]">LCD_Index2Color_M888</a> from GUICC_M888_Index2Color.o(.text.LCD_Index2Color_M888) referenced from GUI__Alpha.o(.text.GUI__DoAlphaBlending)
 <LI><a href="#[89]">LCD_Index2Color_M8888I</a> from GUICC_M8888I_Index2Color.o(.text.LCD_Index2Color_M8888I) referenced from GUICC_M8888I.o(.rodata)
 <LI><a href="#[89]">LCD_Index2Color_M8888I</a> from GUICC_M8888I_Index2Color.o(.text.LCD_Index2Color_M8888I) referenced from GUI__Alpha.o(.text.GUI__DoAlphaBlending)
 <LI><a href="#[89]">LCD_Index2Color_M8888I</a> from GUICC_M8888I_Index2Color.o(.text.LCD_Index2Color_M8888I) referenced from GUIDEV_WriteToActiveAlpha.o(.text._WriteToActiveAlpha)
 <LI><a href="#[ad]">LED_Task</a> from main.o(i.LED_Task) referenced from main.o(i.AppTaskCreate)
 <LI><a href="#[b3]">LcdReadDataMultiple</a> from lcdconf_flexcolor.o(i.LcdReadDataMultiple) referenced from lcdconf_flexcolor.o(i.LCD_X_Config)
 <LI><a href="#[b1]">LcdWriteData</a> from lcdconf_flexcolor.o(i.LcdWriteData) referenced from lcdconf_flexcolor.o(i.LCD_X_Config)
 <LI><a href="#[b2]">LcdWriteDataMultiple</a> from lcdconf_flexcolor.o(i.LcdWriteDataMultiple) referenced from lcdconf_flexcolor.o(i.LCD_X_Config)
 <LI><a href="#[b0]">LcdWriteReg</a> from lcdconf_flexcolor.o(i.LcdWriteReg) referenced from lcdconf_flexcolor.o(i.LCD_X_Config)
 <LI><a href="#[14]">MemManage_Handler</a> from stm32f4xx_it.o(i.MemManage_Handler) referenced from startup_stm32f40xx.o(RESET)
 <LI><a href="#[12]">NMI_Handler</a> from stm32f4xx_it.o(i.NMI_Handler) referenced from startup_stm32f40xx.o(RESET)
 <LI><a href="#[5e]">OTG_FS_IRQHandler</a> from startup_stm32f40xx.o(.text) referenced from startup_stm32f40xx.o(RESET)
 <LI><a href="#[45]">OTG_FS_WKUP_IRQHandler</a> from startup_stm32f40xx.o(.text) referenced from startup_stm32f40xx.o(RESET)
 <LI><a href="#[66]">OTG_HS_EP1_IN_IRQHandler</a> from startup_stm32f40xx.o(.text) referenced from startup_stm32f40xx.o(RESET)
 <LI><a href="#[65]">OTG_HS_EP1_OUT_IRQHandler</a> from startup_stm32f40xx.o(.text) referenced from startup_stm32f40xx.o(RESET)
 <LI><a href="#[68]">OTG_HS_IRQHandler</a> from startup_stm32f40xx.o(.text) referenced from startup_stm32f40xx.o(RESET)
 <LI><a href="#[67]">OTG_HS_WKUP_IRQHandler</a> from startup_stm32f40xx.o(.text) referenced from startup_stm32f40xx.o(RESET)
 <LI><a href="#[1c]">PVD_IRQHandler</a> from startup_stm32f40xx.o(.text) referenced from startup_stm32f40xx.o(RESET)
 <LI><a href="#[19]">PendSV_Handler</a> from port.o(.emb_text) referenced from startup_stm32f40xx.o(RESET)
 <LI><a href="#[20]">RCC_IRQHandler</a> from startup_stm32f40xx.o(.text) referenced from startup_stm32f40xx.o(RESET)
 <LI><a href="#[44]">RTC_Alarm_IRQHandler</a> from startup_stm32f40xx.o(.text) referenced from startup_stm32f40xx.o(RESET)
 <LI><a href="#[1e]">RTC_WKUP_IRQHandler</a> from startup_stm32f40xx.o(.text) referenced from startup_stm32f40xx.o(RESET)
 <LI><a href="#[11]">Reset_Handler</a> from startup_stm32f40xx.o(.text) referenced from startup_stm32f40xx.o(RESET)
 <LI><a href="#[8c]">SCROLLBAR_Callback</a> from SCROLLBAR.o(.text.SCROLLBAR_Callback) referenced from SCROLLBAR.o(.text.SCROLLBAR_CreateAttached)
 <LI><a href="#[a]">SCROLLBAR_DrawSkinFlex</a> from SCROLLBAR_SkinFlex.o(.text.SCROLLBAR_DrawSkinFlex) referenced 2 times from SCROLLBAR.o(.data)
 <LI><a href="#[4c]">SDIO_IRQHandler</a> from startup_stm32f40xx.o(.text) referenced from startup_stm32f40xx.o(RESET)
 <LI><a href="#[3e]">SPI1_IRQHandler</a> from startup_stm32f40xx.o(.text) referenced from startup_stm32f40xx.o(RESET)
 <LI><a href="#[3f]">SPI2_IRQHandler</a> from startup_stm32f40xx.o(.text) referenced from startup_stm32f40xx.o(RESET)
 <LI><a href="#[4e]">SPI3_IRQHandler</a> from startup_stm32f40xx.o(.text) referenced from startup_stm32f40xx.o(RESET)
 <LI><a href="#[17]">SVC_Handler</a> from port.o(.emb_text) referenced from startup_stm32f40xx.o(RESET)
 <LI><a href="#[1a]">SysTick_Handler</a> from stm32f4xx_it.o(i.SysTick_Handler) referenced from startup_stm32f40xx.o(RESET)
 <LI><a href="#[6e]">SystemInit</a> from system_stm32f4xx.o(i.SystemInit) referenced from startup_stm32f40xx.o(.text)
 <LI><a href="#[1d]">TAMP_STAMP_IRQHandler</a> from startup_stm32f40xx.o(.text) referenced from startup_stm32f40xx.o(RESET)
 <LI><a href="#[33]">TIM1_BRK_TIM9_IRQHandler</a> from startup_stm32f40xx.o(.text) referenced from startup_stm32f40xx.o(RESET)
 <LI><a href="#[36]">TIM1_CC_IRQHandler</a> from startup_stm32f40xx.o(.text) referenced from startup_stm32f40xx.o(RESET)
 <LI><a href="#[35]">TIM1_TRG_COM_TIM11_IRQHandler</a> from startup_stm32f40xx.o(.text) referenced from startup_stm32f40xx.o(RESET)
 <LI><a href="#[34]">TIM1_UP_TIM10_IRQHandler</a> from startup_stm32f40xx.o(.text) referenced from startup_stm32f40xx.o(RESET)
 <LI><a href="#[37]">TIM2_IRQHandler</a> from startup_stm32f40xx.o(.text) referenced from startup_stm32f40xx.o(RESET)
 <LI><a href="#[38]">TIM3_IRQHandler</a> from startup_stm32f40xx.o(.text) referenced from startup_stm32f40xx.o(RESET)
 <LI><a href="#[39]">TIM4_IRQHandler</a> from startup_stm32f40xx.o(.text) referenced from startup_stm32f40xx.o(RESET)
 <LI><a href="#[4d]">TIM5_IRQHandler</a> from startup_stm32f40xx.o(.text) referenced from startup_stm32f40xx.o(RESET)
 <LI><a href="#[51]">TIM6_DAC_IRQHandler</a> from startup_stm32f40xx.o(.text) referenced from startup_stm32f40xx.o(RESET)
 <LI><a href="#[52]">TIM7_IRQHandler</a> from startup_stm32f40xx.o(.text) referenced from startup_stm32f40xx.o(RESET)
 <LI><a href="#[46]">TIM8_BRK_TIM12_IRQHandler</a> from startup_stm32f40xx.o(.text) referenced from startup_stm32f40xx.o(RESET)
 <LI><a href="#[49]">TIM8_CC_IRQHandler</a> from startup_stm32f40xx.o(.text) referenced from startup_stm32f40xx.o(RESET)
 <LI><a href="#[48]">TIM8_TRG_COM_TIM14_IRQHandler</a> from startup_stm32f40xx.o(.text) referenced from startup_stm32f40xx.o(RESET)
 <LI><a href="#[47]">TIM8_UP_TIM13_IRQHandler</a> from startup_stm32f40xx.o(.text) referenced from startup_stm32f40xx.o(RESET)
 <LI><a href="#[4f]">UART4_IRQHandler</a> from startup_stm32f40xx.o(.text) referenced from startup_stm32f40xx.o(RESET)
 <LI><a href="#[50]">UART5_IRQHandler</a> from startup_stm32f40xx.o(.text) referenced from startup_stm32f40xx.o(RESET)
 <LI><a href="#[40]">USART1_IRQHandler</a> from startup_stm32f40xx.o(.text) referenced from startup_stm32f40xx.o(RESET)
 <LI><a href="#[41]">USART2_IRQHandler</a> from startup_stm32f40xx.o(.text) referenced from startup_stm32f40xx.o(RESET)
 <LI><a href="#[42]">USART3_IRQHandler</a> from startup_stm32f40xx.o(.text) referenced from startup_stm32f40xx.o(RESET)
 <LI><a href="#[62]">USART6_IRQHandler</a> from startup_stm32f40xx.o(.text) referenced from startup_stm32f40xx.o(RESET)
 <LI><a href="#[16]">UsageFault_Handler</a> from stm32f4xx_it.o(i.UsageFault_Handler) referenced from startup_stm32f40xx.o(RESET)
 <LI><a href="#[98]">WM__Paint1</a> from WM.o(.text.WM__Paint1) referenced from WM.o(.text.WM__PaintWinAndOverlays)
 <LI><a href="#[98]">WM__Paint1</a> from WM.o(.text.WM__Paint1) referenced from WM.o(.text._Paint1Trans)
 <LI><a href="#[1b]">WWDG_IRQHandler</a> from startup_stm32f40xx.o(.text) referenced from startup_stm32f40xx.o(RESET)
 <LI><a href="#[9a]">_CalcPositions</a> from SCROLLBAR_Skin.o(.text._CalcPositions) referenced from SCROLLBAR_Skin.o(.text._Create)
 <LI><a href="#[e5]">_CalcSizeOfChar</a> from GUI_UC_EncodeNone.o(.text._CalcSizeOfChar) referenced from GUI_UC_EncodeNone.o(.rodata)
 <LI><a href="#[bf]">_Color2IndexBulk</a> from GUICC_M565.o(.text._Color2IndexBulk) referenced from GUICC_M565.o(.rodata)
 <LI><a href="#[fc]">_Color2IndexBulk_M8888I</a> from GUICC_M8888I.o(.text._Color2IndexBulk_M8888I) referenced from GUICC_M8888I.o(.rodata)
 <LI><a href="#[fe]">_Color2Index_0</a> from GUICC_0.o(.text._Color2Index_0) referenced from GUICC_0.o(.rodata)
 <LI><a href="#[bc]">_Color2Index_M565</a> from GUICC_M565.o(.text._Color2Index_M565) referenced from GUICC_M565.o(.rodata)
 <LI><a href="#[fa]">_Color2Index_M8888I</a> from GUICC_M8888I.o(.text._Color2Index_M8888I) referenced from GUICC_M8888I.o(.rodata)
 <LI><a href="#[8]">_Create</a> from FRAMEWIN_Skin.o(.text._Create) referenced 4 times from FRAMEWIN_Skin.o(.data)
 <LI><a href="#[8e]">_DrawBackgroundH</a> from SCROLLBAR_SkinFlex.o(.text._DrawBackgroundH) referenced from SCROLLBAR_SkinFlex.o(.text.SCROLLBAR_DrawSkinFlex)
 <LI><a href="#[90]">_DrawBackgroundV</a> from SCROLLBAR_SkinFlex.o(.text._DrawBackgroundV) referenced from SCROLLBAR_SkinFlex.o(.text.SCROLLBAR_DrawSkinFlex)
 <LI><a href="#[d3]">_DrawBitmap</a> from GUIDRV_FlexColor.o(.text._DrawBitmap) referenced 3 times from GUIDRV_FlexColor.o(.rodata)
 <LI><a href="#[81]">_DrawBitmap</a> from GUIDRV_FlexColor_16bpp_C0B16.o(.text._DrawBitmap) referenced from GUIDRV_FlexColor_16bpp_C0B16.o(.text.GUIDRV_FlexColor_SetMode16bppC0B16)
 <LI><a href="#[114]">_DrawDown</a> from WIDGET_Effect_Simple.o(.text._DrawDown) referenced from WIDGET_Effect_Simple.o(.rodata)
 <LI><a href="#[115]">_DrawDownRect</a> from WIDGET_Effect_Simple.o(.text._DrawDownRect) referenced from WIDGET_Effect_Simple.o(.rodata)
 <LI><a href="#[8d]">_DrawGraspH</a> from SCROLLBAR_SkinFlex.o(.text._DrawGraspH) referenced from SCROLLBAR_SkinFlex.o(.text.SCROLLBAR_DrawSkinFlex)
 <LI><a href="#[8f]">_DrawGraspV</a> from SCROLLBAR_SkinFlex.o(.text._DrawGraspV) referenced from SCROLLBAR_SkinFlex.o(.text.SCROLLBAR_DrawSkinFlex)
 <LI><a href="#[d4]">_DrawHLine</a> from GUIDRV_FlexColor.o(.text._DrawHLine) referenced 3 times from GUIDRV_FlexColor.o(.rodata)
 <LI><a href="#[112]">_DrawUp</a> from WIDGET_Effect_Simple.o(.text._DrawUp) referenced from WIDGET_Effect_Simple.o(.rodata)
 <LI><a href="#[113]">_DrawUpRect</a> from WIDGET_Effect_Simple.o(.text._DrawUpRect) referenced from WIDGET_Effect_Simple.o(.rodata)
 <LI><a href="#[d5]">_DrawVLine</a> from GUIDRV_FlexColor.o(.text._DrawVLine) referenced 3 times from GUIDRV_FlexColor.o(.rodata)
 <LI><a href="#[e6]">_Encode</a> from GUI_UC_EncodeNone.o(.text._Encode) referenced from GUI_UC_EncodeNone.o(.rodata)
 <LI><a href="#[d6]">_FillRect</a> from GUIDRV_FlexColor.o(.text._FillRect) referenced 3 times from GUIDRV_FlexColor.o(.rodata)
 <LI><a href="#[82]">_FillRect</a> from GUIDRV_FlexColor_16bpp_C0B16.o(.text._FillRect) referenced from GUIDRV_FlexColor_16bpp_C0B16.o(.text.GUIDRV_FlexColor_SetMode16bppC0B16)
 <LI><a href="#[110]">_GUI_USAGE_BM_Delete</a> from GUIDEV_UsageBM.o(.text._GUI_USAGE_BM_Delete) referenced from GUIDEV_UsageBM.o(.rodata)
 <LI><a href="#[9]">_GetBorderSize</a> from FRAMEWIN_Skin.o(.text._GetBorderSize) referenced 2 times from FRAMEWIN_Skin.o(.data)
 <LI><a href="#[e3]">_GetCharCode</a> from GUI_UC_EncodeNone.o(.text._GetCharCode) referenced from GUI_UC_EncodeNone.o(.rodata)
 <LI><a href="#[e4]">_GetCharSize</a> from GUI_UC_EncodeNone.o(.text._GetCharSize) referenced from GUI_UC_EncodeNone.o(.rodata)
 <LI><a href="#[dd]">_GetDevData</a> from GUIDRV_FlexColor.o(.text._GetDevData) referenced 3 times from GUIDRV_FlexColor.o(.rodata)
 <LI><a href="#[db]">_GetDevFunc</a> from GUIDRV_FlexColor.o(.text._GetDevFunc) referenced 3 times from GUIDRV_FlexColor.o(.rodata)
 <LI><a href="#[a1]">_GetDevFunc_Init</a> from GUIDRV_FlexColor.o(.text._GetDevFunc_Init) referenced from GUIDRV_FlexColor.o(.text._GetDevFunc)
 <LI><a href="#[9c]">_GetDevFunc_Off</a> from GUIDRV_FlexColor.o(.text._GetDevFunc_Off) referenced from GUIDRV_FlexColor.o(.text._GetDevFunc)
 <LI><a href="#[9b]">_GetDevFunc_On</a> from GUIDRV_FlexColor.o(.text._GetDevFunc_On) referenced from GUIDRV_FlexColor.o(.text._GetDevFunc)
 <LI><a href="#[a4]">_GetDevFunc_SetRect</a> from GUIDRV_FlexColor.o(.text._GetDevFunc_SetRect) referenced from GUIDRV_FlexColor.o(.text._GetDevFunc_SetRectOutside)
 <LI><a href="#[9e]">_GetDevFunc_SetRectOutside</a> from GUIDRV_FlexColor.o(.text._GetDevFunc_SetRectOutside) referenced from GUIDRV_FlexColor.o(.text._GetDevFunc)
 <LI><a href="#[a0]">_GetDevFunc_SetSize</a> from GUIDRV_FlexColor.o(.text._GetDevFunc_SetSize) referenced from GUIDRV_FlexColor.o(.text._GetDevFunc)
 <LI><a href="#[9f]">_GetDevFunc_SetVSize</a> from GUIDRV_FlexColor.o(.text._GetDevFunc_SetVSize) referenced from GUIDRV_FlexColor.o(.text._GetDevFunc)
 <LI><a href="#[dc]">_GetDevProp</a> from GUIDRV_FlexColor.o(.text._GetDevProp) referenced 3 times from GUIDRV_FlexColor.o(.rodata)
 <LI><a href="#[100]">_GetIndexMask_0</a> from GUICC_0.o(.text._GetIndexMask_0) referenced from GUICC_0.o(.rodata)
 <LI><a href="#[be]">_GetIndexMask_M565</a> from GUICC_M565.o(.text._GetIndexMask_M565) referenced from GUICC_M565.o(.rodata)
 <LI><a href="#[fb]">_GetIndexMask_M8888I</a> from GUICC_M8888I.o(.text._GetIndexMask_M8888I) referenced from GUICC_M8888I.o(.rodata)
 <LI><a href="#[d7]">_GetPixelIndex</a> from GUIDRV_FlexColor.o(.text._GetPixelIndex) referenced 3 times from GUIDRV_FlexColor.o(.rodata)
 <LI><a href="#[de]">_GetRect</a> from GUIDRV_FlexColor.o(.text._GetRect) referenced 3 times from GUIDRV_FlexColor.o(.rodata)
 <LI><a href="#[c0]">_Index2ColorBulk</a> from GUICC_M565.o(.text._Index2ColorBulk) referenced from GUICC_M565.o(.rodata)
 <LI><a href="#[fd]">_Index2ColorBulk_M8888I</a> from GUICC_M8888I.o(.text._Index2ColorBulk_M8888I) referenced from GUICC_M8888I.o(.rodata)
 <LI><a href="#[ff]">_Index2Color_0</a> from GUICC_0.o(.text._Index2Color_0) referenced from GUICC_0.o(.rodata)
 <LI><a href="#[75]">_InvalidateNewItem</a> from GRAPH_DATA_YT.o(.text._InvalidateNewItem) referenced from GRAPH_DATA_YT.o(.text.GRAPH_DATA_YT_Create)
 <LI><a href="#[c3]">_Log2PhysX_X0Y0S0</a> from GUIDRV_FlexColor.o(.text._Log2PhysX_X0Y0S0) referenced from GUIDRV_FlexColor.o(.rodata)
 <LI><a href="#[c7]">_Log2PhysX_X0Y0S1</a> from GUIDRV_FlexColor.o(.text._Log2PhysX_X0Y0S1) referenced from GUIDRV_FlexColor.o(.rodata)
 <LI><a href="#[c5]">_Log2PhysX_X0Y1S0</a> from GUIDRV_FlexColor.o(.text._Log2PhysX_X0Y1S0) referenced from GUIDRV_FlexColor.o(.rodata)
 <LI><a href="#[c9]">_Log2PhysX_X0Y1S1</a> from GUIDRV_FlexColor.o(.text._Log2PhysX_X0Y1S1) referenced from GUIDRV_FlexColor.o(.rodata)
 <LI><a href="#[c4]">_Log2PhysX_X1Y0S0</a> from GUIDRV_FlexColor.o(.text._Log2PhysX_X1Y0S0) referenced from GUIDRV_FlexColor.o(.rodata)
 <LI><a href="#[c8]">_Log2PhysX_X1Y0S1</a> from GUIDRV_FlexColor.o(.text._Log2PhysX_X1Y0S1) referenced from GUIDRV_FlexColor.o(.rodata)
 <LI><a href="#[c6]">_Log2PhysX_X1Y1S0</a> from GUIDRV_FlexColor.o(.text._Log2PhysX_X1Y1S0) referenced from GUIDRV_FlexColor.o(.rodata)
 <LI><a href="#[ca]">_Log2PhysX_X1Y1S1</a> from GUIDRV_FlexColor.o(.text._Log2PhysX_X1Y1S1) referenced from GUIDRV_FlexColor.o(.rodata)
 <LI><a href="#[cb]">_Log2PhysY_X0Y0S0</a> from GUIDRV_FlexColor.o(.text._Log2PhysY_X0Y0S0) referenced from GUIDRV_FlexColor.o(.rodata)
 <LI><a href="#[cf]">_Log2PhysY_X0Y0S1</a> from GUIDRV_FlexColor.o(.text._Log2PhysY_X0Y0S1) referenced from GUIDRV_FlexColor.o(.rodata)
 <LI><a href="#[cd]">_Log2PhysY_X0Y1S0</a> from GUIDRV_FlexColor.o(.text._Log2PhysY_X0Y1S0) referenced from GUIDRV_FlexColor.o(.rodata)
 <LI><a href="#[d1]">_Log2PhysY_X0Y1S1</a> from GUIDRV_FlexColor.o(.text._Log2PhysY_X0Y1S1) referenced from GUIDRV_FlexColor.o(.rodata)
 <LI><a href="#[cc]">_Log2PhysY_X1Y0S0</a> from GUIDRV_FlexColor.o(.text._Log2PhysY_X1Y0S0) referenced from GUIDRV_FlexColor.o(.rodata)
 <LI><a href="#[d0]">_Log2PhysY_X1Y0S1</a> from GUIDRV_FlexColor.o(.text._Log2PhysY_X1Y0S1) referenced from GUIDRV_FlexColor.o(.rodata)
 <LI><a href="#[ce]">_Log2PhysY_X1Y1S0</a> from GUIDRV_FlexColor.o(.text._Log2PhysY_X1Y1S0) referenced from GUIDRV_FlexColor.o(.rodata)
 <LI><a href="#[d2]">_Log2PhysY_X1Y1S1</a> from GUIDRV_FlexColor.o(.text._Log2PhysY_X1Y1S1) referenced from GUIDRV_FlexColor.o(.rodata)
 <LI><a href="#[b]">_Log2VisBuffered</a> from GUI_CharLine.o(.text._Log2VisBuffered) referenced 2 times from GUI_CharLine.o(.data)
 <LI><a href="#[74]">_OnDelete</a> from GRAPH_DATA_YT.o(.text._OnDelete) referenced from GRAPH_DATA_YT.o(.text.GRAPH_DATA_YT_Create)
 <LI><a href="#[84]">_OnExit</a> from GUI_Task.o(.text._OnExit) referenced from GUI_Task.o(.text.GUITASK_Init)
 <LI><a href="#[86]">_OnExit</a> from GUI_Timer.o(.text._OnExit) referenced from GUI_Timer.o(.text.GUI_TIMER_Create)
 <LI><a href="#[87]">_OnExit</a> from GUI__Alpha.o(.text._OnExit) referenced from GUI__Alpha.o(.text.GUI__AllocAlphaBuffer)
 <LI><a href="#[88]">_OnExit</a> from GUI_Core.o(.text._OnExit) referenced from GUI_Core.o(.text.GUI__Config)
 <LI><a href="#[87]">_OnExit</a> from GUI__Alpha.o(.text._OnExit) referenced from GUI__Alpha.o(.text.GUI__DoAlphaBlending)
 <LI><a href="#[8b]">_OnExit</a> from LCD_Color.o(.text._OnExit) referenced from LCD_Color.o(.text.LCD_InitColors)
 <LI><a href="#[96]">_OnExit</a> from WM.o(.text._OnExit) referenced from WM.o(.text.WM_Init)
 <LI><a href="#[73]">_OnPaint</a> from GRAPH_DATA_YT.o(.text._OnPaint) referenced from GRAPH_DATA_YT.o(.text.GRAPH_DATA_YT_Create)
 <LI><a href="#[76]">_OnPaint</a> from GRAPH_SCALE.o(.text._OnPaint) referenced from GRAPH_SCALE.o(.text.GRAPH_SCALE_Create)
 <LI><a href="#[7]">_Paint</a> from FRAMEWIN_Skin.o(.text._Paint) referenced 4 times from FRAMEWIN_Skin.o(.data)
 <LI><a href="#[80]">_ReadData</a> from GUIDRV_FlexColor_16bpp_C0B16.o(.text._ReadData) referenced from GUIDRV_FlexColor_16bpp_C0B16.o(.text.GUIDRV_FlexColor_SetMode16bppC0B16)
 <LI><a href="#[a6]">_ReadPixelCust_16bpp</a> from GUIDRV_FlexColor.o(.text._ReadPixelCust_16bpp) referenced from GUIDRV_FlexColor.o(.text._SetDevFunc)
 <LI><a href="#[a7]">_ReadPixelCust_18bpp</a> from GUIDRV_FlexColor.o(.text._ReadPixelCust_18bpp) referenced from GUIDRV_FlexColor.o(.text._SetDevFunc)
 <LI><a href="#[1]">_ReadPixel_16bpp_B16_I</a> from GUIDRV_FlexColor_Func66709.o(.text._ReadPixel_16bpp_B16_I) referenced 2 times from GUIDRV_FlexColor_Func66709.o(.data)
 <LI><a href="#[7b]">_ReadPixel_16bpp_B8</a> from GUIDRV_FlexColor_Func66709.o(.text._ReadPixel_16bpp_B8) referenced from GUIDRV_FlexColor_Func66709.o(.text.GUIDRV_FlexColor_SetFunc66709)
 <LI><a href="#[a5]">_ReadRectCust_16bpp</a> from GUIDRV_FlexColor.o(.text._ReadRectCust_16bpp) referenced from GUIDRV_FlexColor.o(.text._SetDevFunc)
 <LI><a href="#[a8]">_ReadRectCust_18bpp</a> from GUIDRV_FlexColor.o(.text._ReadRectCust_18bpp) referenced from GUIDRV_FlexColor.o(.text._SetDevFunc)
 <LI><a href="#[2]">_ReadRect_16bpp_B16_I</a> from GUIDRV_FlexColor_Func66709.o(.text._ReadRect_16bpp_B16_I) referenced 2 times from GUIDRV_FlexColor_Func66709.o(.data)
 <LI><a href="#[7c]">_ReadRect_16bpp_B8</a> from GUIDRV_FlexColor_Func66709.o(.text._ReadRect_16bpp_B8) referenced from GUIDRV_FlexColor_Func66709.o(.text.GUIDRV_FlexColor_SetFunc66709)
 <LI><a href="#[e8]">_SetBkColor</a> from LCD.o(.text._SetBkColor) referenced from LCD.o(.rodata)
 <LI><a href="#[e7]">_SetColor</a> from LCD.o(.text._SetColor) referenced from LCD.o(.rodata)
 <LI><a href="#[9d]">_SetDevFunc</a> from GUIDRV_FlexColor.o(.text._SetDevFunc) referenced from GUIDRV_FlexColor.o(.text._GetDevFunc)
 <LI><a href="#[e9]">_SetDrawMode</a> from LCD.o(.text._SetDrawMode) referenced from LCD.o(.rodata)
 <LI><a href="#[7d]">_SetInterface</a> from GUIDRV_FlexColor_Func66709.o(.text._SetInterface) referenced from GUIDRV_FlexColor_Func66709.o(.text.GUIDRV_FlexColor_SetFunc66709)
 <LI><a href="#[da]">_SetOrg</a> from GUIDRV_FlexColor.o(.text._SetOrg) referenced 3 times from GUIDRV_FlexColor.o(.rodata)
 <LI><a href="#[7a]">_SetOrientation</a> from GUIDRV_FlexColor_Func66709.o(.text._SetOrientation) referenced from GUIDRV_FlexColor_Func66709.o(.text.GUIDRV_FlexColor_SetFunc66709)
 <LI><a href="#[78]">_SetPhysRAMAddr</a> from GUIDRV_FlexColor_Func66709.o(.text._SetPhysRAMAddr) referenced from GUIDRV_FlexColor_Func66709.o(.text.GUIDRV_FlexColor_SetFunc66709)
 <LI><a href="#[d8]">_SetPixelIndex</a> from GUIDRV_FlexColor.o(.text._SetPixelIndex) referenced 3 times from GUIDRV_FlexColor.o(.rodata)
 <LI><a href="#[79]">_SetRect</a> from GUIDRV_FlexColor_Func66709.o(.text._SetRect) referenced from GUIDRV_FlexColor_Func66709.o(.text.GUIDRV_FlexColor_SetFunc66709)
 <LI><a href="#[a9]">_SetReg_B16</a> from GUIDRV_FlexColor_Func66709.o(.text._SetReg_B16) referenced from GUIDRV_FlexColor_Func66709.o(.text._SetInterface)
 <LI><a href="#[ab]">_SetReg_B8</a> from GUIDRV_FlexColor_Func66709.o(.text._SetReg_B8) referenced from GUIDRV_FlexColor_Func66709.o(.text._SetInterface)
 <LI><a href="#[7e]">_WriteData</a> from GUIDRV_FlexColor_16bpp_C0B16.o(.text._WriteData) referenced from GUIDRV_FlexColor_16bpp_C0B16.o(.text.GUIDRV_FlexColor_SetMode16bppC0B16)
 <LI><a href="#[aa]">_WritePara_B16</a> from GUIDRV_FlexColor_Func66709.o(.text._WritePara_B16) referenced from GUIDRV_FlexColor_Func66709.o(.text._SetInterface)
 <LI><a href="#[ac]">_WritePara_B8</a> from GUIDRV_FlexColor_Func66709.o(.text._WritePara_B8) referenced from GUIDRV_FlexColor_Func66709.o(.text._SetInterface)
 <LI><a href="#[d9]">_XorPixel</a> from GUIDRV_FlexColor.o(.text._XorPixel) referenced 3 times from GUIDRV_FlexColor.o(.rodata)
 <LI><a href="#[6f]">__main</a> from entry.o(.ARM.Collect$$$$00000000) referenced from startup_stm32f40xx.o(.text)
 <LI><a href="#[97]">_cbBackWin</a> from WM.o(.text._cbBackWin) referenced from WM.o(.text.WM_Init)
 <LI><a href="#[af]">_cbDialog</a> from graphdlg.o(i._cbDialog) referenced from graphdlg.o(i.CreateFramewin)
 <LI><a href="#[93]">_cbInvalidateOne</a> from WM_BringToTop.o(.text._cbInvalidateOne) referenced from WM_BringToTop.o(.text.WM_BringToTop)
 <LI><a href="#[95]">_cbPaintMemDev</a> from WM.o(.text._cbPaintMemDev) referenced from WM.o(.text.WM_Exec)
 <LI><a href="#[94]">_cbTimer</a> from WM_Timer.o(.text._cbTimer) referenced from WM_Timer.o(.text.WM_CreateTimer)
 <LI><a href="#[b6]">fputc</a> from bsp_debug_usart.o(i.fputc) referenced from printf8.o(i.__0printf$8)
 <LI><a href="#[6d]">main</a> from main.o(i.main) referenced from entry9a.o(.ARM.Collect$$$$0000000B)
 <LI><a href="#[5]">memcpy</a> from memmove.o(.text) referenced 2 times from GUI__Private.o(.data)
 <LI><a href="#[6]">memset</a> from memseta.o(.text) referenced 2 times from GUI__Private.o(.data)
 <LI><a href="#[b9]">prvIdleTask</a> from tasks.o(i.prvIdleTask) referenced from tasks.o(i.vTaskStartScheduler)
 <LI><a href="#[b8]">prvTaskExitError</a> from port.o(i.prvTaskExitError) referenced from port.o(i.pxPortInitialiseStack)
</UL>
<P>
<H3>
Global Symbols
</H3>
<P><STRONG><a name="[6f]"></a>__main</STRONG> (Thumb, 0 bytes, Stack size unknown bytes, entry.o(.ARM.Collect$$$$00000000))
<BR>[Address Reference Count : 1]<UL><LI> startup_stm32f40xx.o(.text)
</UL>
<P><STRONG><a name="[304]"></a>_main_stk</STRONG> (Thumb, 0 bytes, Stack size unknown bytes, entry2.o(.ARM.Collect$$$$00000001))

<P><STRONG><a name="[116]"></a>_main_scatterload</STRONG> (Thumb, 0 bytes, Stack size unknown bytes, entry5.o(.ARM.Collect$$$$00000004))
<BR><BR>[Calls]<UL><LI><a href="#[117]">&gt;&gt;</a>&nbsp;&nbsp;&nbsp;__scatterload
</UL>

<P><STRONG><a name="[126]"></a>__main_after_scatterload</STRONG> (Thumb, 0 bytes, Stack size unknown bytes, entry5.o(.ARM.Collect$$$$00000004))
<BR><BR>[Called By]<UL><LI><a href="#[117]">&gt;&gt;</a>&nbsp;&nbsp;&nbsp;__scatterload
</UL>

<P><STRONG><a name="[305]"></a>_main_clock</STRONG> (Thumb, 0 bytes, Stack size unknown bytes, entry7b.o(.ARM.Collect$$$$00000008))

<P><STRONG><a name="[306]"></a>_main_cpp_init</STRONG> (Thumb, 0 bytes, Stack size unknown bytes, entry8b.o(.ARM.Collect$$$$0000000A))

<P><STRONG><a name="[307]"></a>_main_init</STRONG> (Thumb, 0 bytes, Stack size unknown bytes, entry9a.o(.ARM.Collect$$$$0000000B))

<P><STRONG><a name="[308]"></a>__rt_lib_shutdown_fini</STRONG> (Thumb, 0 bytes, Stack size unknown bytes, entry12b.o(.ARM.Collect$$$$0000000E))

<P><STRONG><a name="[309]"></a>__rt_final_cpp</STRONG> (Thumb, 0 bytes, Stack size unknown bytes, entry10a.o(.ARM.Collect$$$$0000000F))

<P><STRONG><a name="[30a]"></a>__rt_final_exit</STRONG> (Thumb, 0 bytes, Stack size unknown bytes, entry11a.o(.ARM.Collect$$$$00000011))

<P><STRONG><a name="[17]"></a>SVC_Handler</STRONG> (Thumb, 28 bytes, Stack size 0 bytes, port.o(.emb_text))
<BR>[Address Reference Count : 1]<UL><LI> startup_stm32f40xx.o(RESET)
</UL>
<P><STRONG><a name="[300]"></a>__asm___6_port_c_39a90d8d__prvStartFirstTask</STRONG> (Thumb, 28 bytes, Stack size 0 bytes, port.o(.emb_text))
<BR><BR>[Called By]<UL><LI><a href="#[2fd]">&gt;&gt;</a>&nbsp;&nbsp;&nbsp;xPortStartScheduler
</UL>

<P><STRONG><a name="[2ff]"></a>__asm___6_port_c_39a90d8d__prvEnableVFP</STRONG> (Thumb, 16 bytes, Stack size 0 bytes, port.o(.emb_text))
<BR><BR>[Called By]<UL><LI><a href="#[2fd]">&gt;&gt;</a>&nbsp;&nbsp;&nbsp;xPortStartScheduler
</UL>

<P><STRONG><a name="[19]"></a>PendSV_Handler</STRONG> (Thumb, 88 bytes, Stack size 0 bytes, port.o(.emb_text))
<BR><BR>[Stack]<UL><LI>Max Depth = 40<LI>Call Chain = PendSV_Handler &rArr; vTaskSwitchContext &rArr; __2printf
</UL>
<BR>[Calls]<UL><LI><a href="#[118]">&gt;&gt;</a>&nbsp;&nbsp;&nbsp;vTaskSwitchContext
</UL>
<BR>[Address Reference Count : 1]<UL><LI> startup_stm32f40xx.o(RESET)
</UL>
<P><STRONG><a name="[30b]"></a>vPortGetIPSR</STRONG> (Thumb, 6 bytes, Stack size 0 bytes, port.o(.emb_text), UNUSED)

<P><STRONG><a name="[11]"></a>Reset_Handler</STRONG> (Thumb, 8 bytes, Stack size 0 bytes, startup_stm32f40xx.o(.text))
<BR>[Address Reference Count : 1]<UL><LI> startup_stm32f40xx.o(RESET)
</UL>
<P><STRONG><a name="[2f]"></a>CAN1_RX0_IRQHandler</STRONG> (Thumb, 0 bytes, Stack size 0 bytes, startup_stm32f40xx.o(.text))
<BR><BR>[Calls]<UL><LI><a href="#[2f]">&gt;&gt;</a>&nbsp;&nbsp;&nbsp;CAN1_RX0_IRQHandler
</UL>
<BR>[Called By]<UL><LI><a href="#[2f]">&gt;&gt;</a>&nbsp;&nbsp;&nbsp;CAN1_RX0_IRQHandler
</UL>
<BR>[Address Reference Count : 1]<UL><LI> startup_stm32f40xx.o(RESET)
</UL>
<P><STRONG><a name="[30]"></a>CAN1_RX1_IRQHandler</STRONG> (Thumb, 0 bytes, Stack size 0 bytes, startup_stm32f40xx.o(.text))
<BR>[Address Reference Count : 1]<UL><LI> startup_stm32f40xx.o(RESET)
</UL>
<P><STRONG><a name="[31]"></a>CAN1_SCE_IRQHandler</STRONG> (Thumb, 0 bytes, Stack size 0 bytes, startup_stm32f40xx.o(.text))
<BR>[Address Reference Count : 1]<UL><LI> startup_stm32f40xx.o(RESET)
</UL>
<P><STRONG><a name="[2e]"></a>CAN1_TX_IRQHandler</STRONG> (Thumb, 0 bytes, Stack size 0 bytes, startup_stm32f40xx.o(.text))
<BR>[Address Reference Count : 1]<UL><LI> startup_stm32f40xx.o(RESET)
</UL>
<P><STRONG><a name="[5b]"></a>CAN2_RX0_IRQHandler</STRONG> (Thumb, 0 bytes, Stack size 0 bytes, startup_stm32f40xx.o(.text))
<BR>[Address Reference Count : 1]<UL><LI> startup_stm32f40xx.o(RESET)
</UL>
<P><STRONG><a name="[5c]"></a>CAN2_RX1_IRQHandler</STRONG> (Thumb, 0 bytes, Stack size 0 bytes, startup_stm32f40xx.o(.text))
<BR>[Address Reference Count : 1]<UL><LI> startup_stm32f40xx.o(RESET)
</UL>
<P><STRONG><a name="[5d]"></a>CAN2_SCE_IRQHandler</STRONG> (Thumb, 0 bytes, Stack size 0 bytes, startup_stm32f40xx.o(.text))
<BR>[Address Reference Count : 1]<UL><LI> startup_stm32f40xx.o(RESET)
</UL>
<P><STRONG><a name="[5a]"></a>CAN2_TX_IRQHandler</STRONG> (Thumb, 0 bytes, Stack size 0 bytes, startup_stm32f40xx.o(.text))
<BR>[Address Reference Count : 1]<UL><LI> startup_stm32f40xx.o(RESET)
</UL>
<P><STRONG><a name="[6a]"></a>CRYP_IRQHandler</STRONG> (Thumb, 0 bytes, Stack size 0 bytes, startup_stm32f40xx.o(.text))
<BR>[Address Reference Count : 1]<UL><LI> startup_stm32f40xx.o(RESET)
</UL>
<P><STRONG><a name="[69]"></a>DCMI_IRQHandler</STRONG> (Thumb, 0 bytes, Stack size 0 bytes, startup_stm32f40xx.o(.text))
<BR>[Address Reference Count : 1]<UL><LI> startup_stm32f40xx.o(RESET)
</UL>
<P><STRONG><a name="[26]"></a>DMA1_Stream0_IRQHandler</STRONG> (Thumb, 0 bytes, Stack size 0 bytes, startup_stm32f40xx.o(.text))
<BR>[Address Reference Count : 1]<UL><LI> startup_stm32f40xx.o(RESET)
</UL>
<P><STRONG><a name="[27]"></a>DMA1_Stream1_IRQHandler</STRONG> (Thumb, 0 bytes, Stack size 0 bytes, startup_stm32f40xx.o(.text))
<BR>[Address Reference Count : 1]<UL><LI> startup_stm32f40xx.o(RESET)
</UL>
<P><STRONG><a name="[28]"></a>DMA1_Stream2_IRQHandler</STRONG> (Thumb, 0 bytes, Stack size 0 bytes, startup_stm32f40xx.o(.text))
<BR>[Address Reference Count : 1]<UL><LI> startup_stm32f40xx.o(RESET)
</UL>
<P><STRONG><a name="[29]"></a>DMA1_Stream3_IRQHandler</STRONG> (Thumb, 0 bytes, Stack size 0 bytes, startup_stm32f40xx.o(.text))
<BR>[Address Reference Count : 1]<UL><LI> startup_stm32f40xx.o(RESET)
</UL>
<P><STRONG><a name="[2a]"></a>DMA1_Stream4_IRQHandler</STRONG> (Thumb, 0 bytes, Stack size 0 bytes, startup_stm32f40xx.o(.text))
<BR>[Address Reference Count : 1]<UL><LI> startup_stm32f40xx.o(RESET)
</UL>
<P><STRONG><a name="[2b]"></a>DMA1_Stream5_IRQHandler</STRONG> (Thumb, 0 bytes, Stack size 0 bytes, startup_stm32f40xx.o(.text))
<BR>[Address Reference Count : 1]<UL><LI> startup_stm32f40xx.o(RESET)
</UL>
<P><STRONG><a name="[2c]"></a>DMA1_Stream6_IRQHandler</STRONG> (Thumb, 0 bytes, Stack size 0 bytes, startup_stm32f40xx.o(.text))
<BR>[Address Reference Count : 1]<UL><LI> startup_stm32f40xx.o(RESET)
</UL>
<P><STRONG><a name="[4a]"></a>DMA1_Stream7_IRQHandler</STRONG> (Thumb, 0 bytes, Stack size 0 bytes, startup_stm32f40xx.o(.text))
<BR>[Address Reference Count : 1]<UL><LI> startup_stm32f40xx.o(RESET)
</UL>
<P><STRONG><a name="[53]"></a>DMA2_Stream0_IRQHandler</STRONG> (Thumb, 0 bytes, Stack size 0 bytes, startup_stm32f40xx.o(.text))
<BR>[Address Reference Count : 1]<UL><LI> startup_stm32f40xx.o(RESET)
</UL>
<P><STRONG><a name="[54]"></a>DMA2_Stream1_IRQHandler</STRONG> (Thumb, 0 bytes, Stack size 0 bytes, startup_stm32f40xx.o(.text))
<BR>[Address Reference Count : 1]<UL><LI> startup_stm32f40xx.o(RESET)
</UL>
<P><STRONG><a name="[55]"></a>DMA2_Stream2_IRQHandler</STRONG> (Thumb, 0 bytes, Stack size 0 bytes, startup_stm32f40xx.o(.text))
<BR>[Address Reference Count : 1]<UL><LI> startup_stm32f40xx.o(RESET)
</UL>
<P><STRONG><a name="[56]"></a>DMA2_Stream3_IRQHandler</STRONG> (Thumb, 0 bytes, Stack size 0 bytes, startup_stm32f40xx.o(.text))
<BR>[Address Reference Count : 1]<UL><LI> startup_stm32f40xx.o(RESET)
</UL>
<P><STRONG><a name="[57]"></a>DMA2_Stream4_IRQHandler</STRONG> (Thumb, 0 bytes, Stack size 0 bytes, startup_stm32f40xx.o(.text))
<BR>[Address Reference Count : 1]<UL><LI> startup_stm32f40xx.o(RESET)
</UL>
<P><STRONG><a name="[5f]"></a>DMA2_Stream5_IRQHandler</STRONG> (Thumb, 0 bytes, Stack size 0 bytes, startup_stm32f40xx.o(.text))
<BR>[Address Reference Count : 1]<UL><LI> startup_stm32f40xx.o(RESET)
</UL>
<P><STRONG><a name="[60]"></a>DMA2_Stream6_IRQHandler</STRONG> (Thumb, 0 bytes, Stack size 0 bytes, startup_stm32f40xx.o(.text))
<BR>[Address Reference Count : 1]<UL><LI> startup_stm32f40xx.o(RESET)
</UL>
<P><STRONG><a name="[61]"></a>DMA2_Stream7_IRQHandler</STRONG> (Thumb, 0 bytes, Stack size 0 bytes, startup_stm32f40xx.o(.text))
<BR>[Address Reference Count : 1]<UL><LI> startup_stm32f40xx.o(RESET)
</UL>
<P><STRONG><a name="[58]"></a>ETH_IRQHandler</STRONG> (Thumb, 0 bytes, Stack size 0 bytes, startup_stm32f40xx.o(.text))
<BR>[Address Reference Count : 1]<UL><LI> startup_stm32f40xx.o(RESET)
</UL>
<P><STRONG><a name="[59]"></a>ETH_WKUP_IRQHandler</STRONG> (Thumb, 0 bytes, Stack size 0 bytes, startup_stm32f40xx.o(.text))
<BR>[Address Reference Count : 1]<UL><LI> startup_stm32f40xx.o(RESET)
</UL>
<P><STRONG><a name="[21]"></a>EXTI0_IRQHandler</STRONG> (Thumb, 0 bytes, Stack size 0 bytes, startup_stm32f40xx.o(.text))
<BR>[Address Reference Count : 1]<UL><LI> startup_stm32f40xx.o(RESET)
</UL>
<P><STRONG><a name="[43]"></a>EXTI15_10_IRQHandler</STRONG> (Thumb, 0 bytes, Stack size 0 bytes, startup_stm32f40xx.o(.text))
<BR>[Address Reference Count : 1]<UL><LI> startup_stm32f40xx.o(RESET)
</UL>
<P><STRONG><a name="[22]"></a>EXTI1_IRQHandler</STRONG> (Thumb, 0 bytes, Stack size 0 bytes, startup_stm32f40xx.o(.text))
<BR>[Address Reference Count : 1]<UL><LI> startup_stm32f40xx.o(RESET)
</UL>
<P><STRONG><a name="[23]"></a>EXTI2_IRQHandler</STRONG> (Thumb, 0 bytes, Stack size 0 bytes, startup_stm32f40xx.o(.text))
<BR>[Address Reference Count : 1]<UL><LI> startup_stm32f40xx.o(RESET)
</UL>
<P><STRONG><a name="[24]"></a>EXTI3_IRQHandler</STRONG> (Thumb, 0 bytes, Stack size 0 bytes, startup_stm32f40xx.o(.text))
<BR>[Address Reference Count : 1]<UL><LI> startup_stm32f40xx.o(RESET)
</UL>
<P><STRONG><a name="[25]"></a>EXTI4_IRQHandler</STRONG> (Thumb, 0 bytes, Stack size 0 bytes, startup_stm32f40xx.o(.text))
<BR>[Address Reference Count : 1]<UL><LI> startup_stm32f40xx.o(RESET)
</UL>
<P><STRONG><a name="[32]"></a>EXTI9_5_IRQHandler</STRONG> (Thumb, 0 bytes, Stack size 0 bytes, startup_stm32f40xx.o(.text))
<BR>[Address Reference Count : 1]<UL><LI> startup_stm32f40xx.o(RESET)
</UL>
<P><STRONG><a name="[1f]"></a>FLASH_IRQHandler</STRONG> (Thumb, 0 bytes, Stack size 0 bytes, startup_stm32f40xx.o(.text))
<BR>[Address Reference Count : 1]<UL><LI> startup_stm32f40xx.o(RESET)
</UL>
<P><STRONG><a name="[6c]"></a>FPU_IRQHandler</STRONG> (Thumb, 0 bytes, Stack size 0 bytes, startup_stm32f40xx.o(.text))
<BR>[Address Reference Count : 1]<UL><LI> startup_stm32f40xx.o(RESET)
</UL>
<P><STRONG><a name="[4b]"></a>FSMC_IRQHandler</STRONG> (Thumb, 0 bytes, Stack size 0 bytes, startup_stm32f40xx.o(.text))
<BR>[Address Reference Count : 1]<UL><LI> startup_stm32f40xx.o(RESET)
</UL>
<P><STRONG><a name="[6b]"></a>HASH_RNG_IRQHandler</STRONG> (Thumb, 0 bytes, Stack size 0 bytes, startup_stm32f40xx.o(.text))
<BR>[Address Reference Count : 1]<UL><LI> startup_stm32f40xx.o(RESET)
</UL>
<P><STRONG><a name="[3b]"></a>I2C1_ER_IRQHandler</STRONG> (Thumb, 0 bytes, Stack size 0 bytes, startup_stm32f40xx.o(.text))
<BR>[Address Reference Count : 1]<UL><LI> startup_stm32f40xx.o(RESET)
</UL>
<P><STRONG><a name="[3a]"></a>I2C1_EV_IRQHandler</STRONG> (Thumb, 0 bytes, Stack size 0 bytes, startup_stm32f40xx.o(.text))
<BR>[Address Reference Count : 1]<UL><LI> startup_stm32f40xx.o(RESET)
</UL>
<P><STRONG><a name="[3d]"></a>I2C2_ER_IRQHandler</STRONG> (Thumb, 0 bytes, Stack size 0 bytes, startup_stm32f40xx.o(.text))
<BR>[Address Reference Count : 1]<UL><LI> startup_stm32f40xx.o(RESET)
</UL>
<P><STRONG><a name="[3c]"></a>I2C2_EV_IRQHandler</STRONG> (Thumb, 0 bytes, Stack size 0 bytes, startup_stm32f40xx.o(.text))
<BR>[Address Reference Count : 1]<UL><LI> startup_stm32f40xx.o(RESET)
</UL>
<P><STRONG><a name="[64]"></a>I2C3_ER_IRQHandler</STRONG> (Thumb, 0 bytes, Stack size 0 bytes, startup_stm32f40xx.o(.text))
<BR>[Address Reference Count : 1]<UL><LI> startup_stm32f40xx.o(RESET)
</UL>
<P><STRONG><a name="[63]"></a>I2C3_EV_IRQHandler</STRONG> (Thumb, 0 bytes, Stack size 0 bytes, startup_stm32f40xx.o(.text))
<BR>[Address Reference Count : 1]<UL><LI> startup_stm32f40xx.o(RESET)
</UL>
<P><STRONG><a name="[5e]"></a>OTG_FS_IRQHandler</STRONG> (Thumb, 0 bytes, Stack size 0 bytes, startup_stm32f40xx.o(.text))
<BR>[Address Reference Count : 1]<UL><LI> startup_stm32f40xx.o(RESET)
</UL>
<P><STRONG><a name="[45]"></a>OTG_FS_WKUP_IRQHandler</STRONG> (Thumb, 0 bytes, Stack size 0 bytes, startup_stm32f40xx.o(.text))
<BR>[Address Reference Count : 1]<UL><LI> startup_stm32f40xx.o(RESET)
</UL>
<P><STRONG><a name="[66]"></a>OTG_HS_EP1_IN_IRQHandler</STRONG> (Thumb, 0 bytes, Stack size 0 bytes, startup_stm32f40xx.o(.text))
<BR>[Address Reference Count : 1]<UL><LI> startup_stm32f40xx.o(RESET)
</UL>
<P><STRONG><a name="[65]"></a>OTG_HS_EP1_OUT_IRQHandler</STRONG> (Thumb, 0 bytes, Stack size 0 bytes, startup_stm32f40xx.o(.text))
<BR>[Address Reference Count : 1]<UL><LI> startup_stm32f40xx.o(RESET)
</UL>
<P><STRONG><a name="[68]"></a>OTG_HS_IRQHandler</STRONG> (Thumb, 0 bytes, Stack size 0 bytes, startup_stm32f40xx.o(.text))
<BR>[Address Reference Count : 1]<UL><LI> startup_stm32f40xx.o(RESET)
</UL>
<P><STRONG><a name="[67]"></a>OTG_HS_WKUP_IRQHandler</STRONG> (Thumb, 0 bytes, Stack size 0 bytes, startup_stm32f40xx.o(.text))
<BR>[Address Reference Count : 1]<UL><LI> startup_stm32f40xx.o(RESET)
</UL>
<P><STRONG><a name="[1c]"></a>PVD_IRQHandler</STRONG> (Thumb, 0 bytes, Stack size 0 bytes, startup_stm32f40xx.o(.text))
<BR>[Address Reference Count : 1]<UL><LI> startup_stm32f40xx.o(RESET)
</UL>
<P><STRONG><a name="[20]"></a>RCC_IRQHandler</STRONG> (Thumb, 0 bytes, Stack size 0 bytes, startup_stm32f40xx.o(.text))
<BR>[Address Reference Count : 1]<UL><LI> startup_stm32f40xx.o(RESET)
</UL>
<P><STRONG><a name="[44]"></a>RTC_Alarm_IRQHandler</STRONG> (Thumb, 0 bytes, Stack size 0 bytes, startup_stm32f40xx.o(.text))
<BR>[Address Reference Count : 1]<UL><LI> startup_stm32f40xx.o(RESET)
</UL>
<P><STRONG><a name="[1e]"></a>RTC_WKUP_IRQHandler</STRONG> (Thumb, 0 bytes, Stack size 0 bytes, startup_stm32f40xx.o(.text))
<BR>[Address Reference Count : 1]<UL><LI> startup_stm32f40xx.o(RESET)
</UL>
<P><STRONG><a name="[4c]"></a>SDIO_IRQHandler</STRONG> (Thumb, 0 bytes, Stack size 0 bytes, startup_stm32f40xx.o(.text))
<BR>[Address Reference Count : 1]<UL><LI> startup_stm32f40xx.o(RESET)
</UL>
<P><STRONG><a name="[3e]"></a>SPI1_IRQHandler</STRONG> (Thumb, 0 bytes, Stack size 0 bytes, startup_stm32f40xx.o(.text))
<BR>[Address Reference Count : 1]<UL><LI> startup_stm32f40xx.o(RESET)
</UL>
<P><STRONG><a name="[3f]"></a>SPI2_IRQHandler</STRONG> (Thumb, 0 bytes, Stack size 0 bytes, startup_stm32f40xx.o(.text))
<BR>[Address Reference Count : 1]<UL><LI> startup_stm32f40xx.o(RESET)
</UL>
<P><STRONG><a name="[4e]"></a>SPI3_IRQHandler</STRONG> (Thumb, 0 bytes, Stack size 0 bytes, startup_stm32f40xx.o(.text))
<BR>[Address Reference Count : 1]<UL><LI> startup_stm32f40xx.o(RESET)
</UL>
<P><STRONG><a name="[1d]"></a>TAMP_STAMP_IRQHandler</STRONG> (Thumb, 0 bytes, Stack size 0 bytes, startup_stm32f40xx.o(.text))
<BR>[Address Reference Count : 1]<UL><LI> startup_stm32f40xx.o(RESET)
</UL>
<P><STRONG><a name="[33]"></a>TIM1_BRK_TIM9_IRQHandler</STRONG> (Thumb, 0 bytes, Stack size 0 bytes, startup_stm32f40xx.o(.text))
<BR>[Address Reference Count : 1]<UL><LI> startup_stm32f40xx.o(RESET)
</UL>
<P><STRONG><a name="[36]"></a>TIM1_CC_IRQHandler</STRONG> (Thumb, 0 bytes, Stack size 0 bytes, startup_stm32f40xx.o(.text))
<BR>[Address Reference Count : 1]<UL><LI> startup_stm32f40xx.o(RESET)
</UL>
<P><STRONG><a name="[35]"></a>TIM1_TRG_COM_TIM11_IRQHandler</STRONG> (Thumb, 0 bytes, Stack size 0 bytes, startup_stm32f40xx.o(.text))
<BR>[Address Reference Count : 1]<UL><LI> startup_stm32f40xx.o(RESET)
</UL>
<P><STRONG><a name="[34]"></a>TIM1_UP_TIM10_IRQHandler</STRONG> (Thumb, 0 bytes, Stack size 0 bytes, startup_stm32f40xx.o(.text))
<BR>[Address Reference Count : 1]<UL><LI> startup_stm32f40xx.o(RESET)
</UL>
<P><STRONG><a name="[37]"></a>TIM2_IRQHandler</STRONG> (Thumb, 0 bytes, Stack size 0 bytes, startup_stm32f40xx.o(.text))
<BR>[Address Reference Count : 1]<UL><LI> startup_stm32f40xx.o(RESET)
</UL>
<P><STRONG><a name="[38]"></a>TIM3_IRQHandler</STRONG> (Thumb, 0 bytes, Stack size 0 bytes, startup_stm32f40xx.o(.text))
<BR>[Address Reference Count : 1]<UL><LI> startup_stm32f40xx.o(RESET)
</UL>
<P><STRONG><a name="[39]"></a>TIM4_IRQHandler</STRONG> (Thumb, 0 bytes, Stack size 0 bytes, startup_stm32f40xx.o(.text))
<BR>[Address Reference Count : 1]<UL><LI> startup_stm32f40xx.o(RESET)
</UL>
<P><STRONG><a name="[4d]"></a>TIM5_IRQHandler</STRONG> (Thumb, 0 bytes, Stack size 0 bytes, startup_stm32f40xx.o(.text))
<BR>[Address Reference Count : 1]<UL><LI> startup_stm32f40xx.o(RESET)
</UL>
<P><STRONG><a name="[51]"></a>TIM6_DAC_IRQHandler</STRONG> (Thumb, 0 bytes, Stack size 0 bytes, startup_stm32f40xx.o(.text))
<BR>[Address Reference Count : 1]<UL><LI> startup_stm32f40xx.o(RESET)
</UL>
<P><STRONG><a name="[52]"></a>TIM7_IRQHandler</STRONG> (Thumb, 0 bytes, Stack size 0 bytes, startup_stm32f40xx.o(.text))
<BR>[Address Reference Count : 1]<UL><LI> startup_stm32f40xx.o(RESET)
</UL>
<P><STRONG><a name="[46]"></a>TIM8_BRK_TIM12_IRQHandler</STRONG> (Thumb, 0 bytes, Stack size 0 bytes, startup_stm32f40xx.o(.text))
<BR>[Address Reference Count : 1]<UL><LI> startup_stm32f40xx.o(RESET)
</UL>
<P><STRONG><a name="[49]"></a>TIM8_CC_IRQHandler</STRONG> (Thumb, 0 bytes, Stack size 0 bytes, startup_stm32f40xx.o(.text))
<BR>[Address Reference Count : 1]<UL><LI> startup_stm32f40xx.o(RESET)
</UL>
<P><STRONG><a name="[48]"></a>TIM8_TRG_COM_TIM14_IRQHandler</STRONG> (Thumb, 0 bytes, Stack size 0 bytes, startup_stm32f40xx.o(.text))
<BR>[Address Reference Count : 1]<UL><LI> startup_stm32f40xx.o(RESET)
</UL>
<P><STRONG><a name="[47]"></a>TIM8_UP_TIM13_IRQHandler</STRONG> (Thumb, 0 bytes, Stack size 0 bytes, startup_stm32f40xx.o(.text))
<BR>[Address Reference Count : 1]<UL><LI> startup_stm32f40xx.o(RESET)
</UL>
<P><STRONG><a name="[4f]"></a>UART4_IRQHandler</STRONG> (Thumb, 0 bytes, Stack size 0 bytes, startup_stm32f40xx.o(.text))
<BR>[Address Reference Count : 1]<UL><LI> startup_stm32f40xx.o(RESET)
</UL>
<P><STRONG><a name="[50]"></a>UART5_IRQHandler</STRONG> (Thumb, 0 bytes, Stack size 0 bytes, startup_stm32f40xx.o(.text))
<BR>[Address Reference Count : 1]<UL><LI> startup_stm32f40xx.o(RESET)
</UL>
<P><STRONG><a name="[40]"></a>USART1_IRQHandler</STRONG> (Thumb, 0 bytes, Stack size 0 bytes, startup_stm32f40xx.o(.text))
<BR>[Address Reference Count : 1]<UL><LI> startup_stm32f40xx.o(RESET)
</UL>
<P><STRONG><a name="[41]"></a>USART2_IRQHandler</STRONG> (Thumb, 0 bytes, Stack size 0 bytes, startup_stm32f40xx.o(.text))
<BR>[Address Reference Count : 1]<UL><LI> startup_stm32f40xx.o(RESET)
</UL>
<P><STRONG><a name="[42]"></a>USART3_IRQHandler</STRONG> (Thumb, 0 bytes, Stack size 0 bytes, startup_stm32f40xx.o(.text))
<BR>[Address Reference Count : 1]<UL><LI> startup_stm32f40xx.o(RESET)
</UL>
[...]
</UL>
<BR>[Called By]<UL><LI><a href="#[1c5]">&gt;&gt;</a>&nbsp;&nbsp;&nbsp;GUI__DispLine
</UL>

<P><STRONG><a name="[1c0]"></a>GUI_DispString.part.0</STRONG> (Thumb, 296 bytes, Stack size unknown bytes, GUI_DispString.o(.text.GUI_DispString.part.0))
<BR><BR>[Stack]<UL><LI>Max Depth = 152 + Unknown Stack Size
<LI>Call Chain = GUI_DispString.part.0 &rArr; GUI_Lock &rArr; GUI_X_Lock &rArr; GUI_X_InitOS &rArr; xQueueCreateMutex &rArr; prvInitialiseMutex &rArr; xQueueGenericSend &rArr; prvUnlockQueue &rArr; xTaskRemoveFromEventList &rArr; __2printf
</UL>
<BR>[Calls]<UL><LI><a href="#[135]">&gt;&gt;</a>&nbsp;&nbsp;&nbsp;GUI_Unlock
<LI><a href="#[133]">&gt;&gt;</a>&nbsp;&nbsp;&nbsp;GUI_Lock
<LI><a href="#[1c1]">&gt;&gt;</a>&nbsp;&nbsp;&nbsp;GUI_GetFontDistY
<LI><a href="#[1c6]">&gt;&gt;</a>&nbsp;&nbsp;&nbsp;GUI_UC__NumChars2NumBytes
<LI><a href="#[1c4]">&gt;&gt;</a>&nbsp;&nbsp;&nbsp;GUI__GetLineDistX
<LI><a href="#[1c3]">&gt;&gt;</a>&nbsp;&nbsp;&nbsp;GUI__GetLineNumChars
<LI><a href="#[1c2]">&gt;&gt;</a>&nbsp;&nbsp;&nbsp;GUI_GetYAdjust
<LI><a href="#[1c5]">&gt;&gt;</a>&nbsp;&nbsp;&nbsp;GUI__DispLine
</UL>
<BR>[Called By]<UL><LI><a href="#[1ba]">&gt;&gt;</a>&nbsp;&nbsp;&nbsp;GUI_DispString
</UL>

<P><STRONG><a name="[86]"></a>_OnExit</STRONG> (Thumb, 16 bytes, Stack size unknown bytes, GUI_Timer.o(.text._OnExit))
<BR>[Address Reference Count : 1]<UL><LI> GUI_Timer.o(.text.GUI_TIMER_Create)
</UL>
<P><STRONG><a name="[21a]"></a>_Link</STRONG> (Thumb, 156 bytes, Stack size unknown bytes, GUI_Timer.o(.text._Link))
<BR><BR>[Calls]<UL><LI><a href="#[128]">&gt;&gt;</a>&nbsp;&nbsp;&nbsp;GUI_ALLOC_UnlockH
<LI><a href="#[127]">&gt;&gt;</a>&nbsp;&nbsp;&nbsp;GUI_ALLOC_LockH
</UL>
<BR>[Called By]<UL><LI><a href="#[21d]">&gt;&gt;</a>&nbsp;&nbsp;&nbsp;GUI_TIMER_Restart
<LI><a href="#[219]">&gt;&gt;</a>&nbsp;&nbsp;&nbsp;GUI_TIMER_Create
</UL>

<P><STRONG><a name="[87]"></a>_OnExit</STRONG> (Thumb, 40 bytes, Stack size unknown bytes, GUI__Alpha.o(.text._OnExit))
<BR><BR>[Calls]<UL><LI><a href="#[1b1]">&gt;&gt;</a>&nbsp;&nbsp;&nbsp;GUI_ALLOC_FreeFixedBlock
</UL>
<BR>[Address Reference Count : 2]<UL><LI> GUI__Alpha.o(.text.GUI__DoAlphaBlending)
<LI> GUI__Alpha.o(.text.GUI__AllocAlphaBuffer)
</UL>
<P><STRONG><a name="[10b]"></a>_GetDevData</STRONG> (Thumb, 16 bytes, Stack size unknown bytes, GUIDEV_32.o(.text._GetDevData))
<BR>[Address Reference Count : 1]<UL><LI> GUIDEV_32.o(.rodata)
</UL>
<P><STRONG><a name="[109]"></a>_GetDevFunc</STRONG> (Thumb, 16 bytes, Stack size unknown bytes, GUIDEV_32.o(.text._GetDevFunc))
<BR>[Address Reference Count : 1]<UL><LI> GUIDEV_32.o(.rodata)
</UL>
<P><STRONG><a name="[10a]"></a>_GetDevProp</STRONG> (Thumb, 10 bytes, Stack size unknown bytes, GUIDEV_32.o(.text._GetDevProp))
<BR>[Address Reference Count : 1]<UL><LI> GUIDEV_32.o(.rodata)
</UL>
<P><STRONG><a name="[108]"></a>_SetOrg</STRONG> (Thumb, 8 bytes, Stack size unknown bytes, GUIDEV_32.o(.text._SetOrg))
<BR>[Address Reference Count : 1]<UL><LI> GUIDEV_32.o(.rodata)
</UL>
<P><STRONG><a name="[10c]"></a>_GetRect</STRONG> (Thumb, 56 bytes, Stack size unknown bytes, GUIDEV_32.o(.text._GetRect))
<BR><BR>[Calls]<UL><LI><a href="#[128]">&gt;&gt;</a>&nbsp;&nbsp;&nbsp;GUI_ALLOC_UnlockH
<LI><a href="#[127]">&gt;&gt;</a>&nbsp;&nbsp;&nbsp;GUI_ALLOC_LockH
</UL>
<BR>[Address Reference Count : 1]<UL><LI> GUIDEV_32.o(.rodata)
</UL>
<P><STRONG><a name="[101]"></a>_DrawBitmap</STRONG> (Thumb, 2516 bytes, Stack size unknown bytes, GUIDEV_32.o(.text._DrawBitmap))
<BR><BR>[Calls]<UL><LI><a href="#[128]">&gt;&gt;</a>&nbsp;&nbsp;&nbsp;GUI_ALLOC_UnlockH
<LI><a href="#[127]">&gt;&gt;</a>&nbsp;&nbsp;&nbsp;GUI_ALLOC_LockH
<LI><a href="#[28a]">&gt;&gt;</a>&nbsp;&nbsp;&nbsp;GUI_USAGE_AddRect
</UL>
<BR>[Address Reference Count : 1]<UL><LI> GUIDEV_32.o(.rodata)
</UL>
<P><STRONG><a name="[105]"></a>_GetPixelIndex</STRONG> (Thumb, 64 bytes, Stack size unknown bytes, GUIDEV_32.o(.text._GetPixelIndex))
<BR><BR>[Calls]<UL><LI><a href="#[128]">&gt;&gt;</a>&nbsp;&nbsp;&nbsp;GUI_ALLOC_UnlockH
<LI><a href="#[127]">&gt;&gt;</a>&nbsp;&nbsp;&nbsp;GUI_ALLOC_LockH
</UL>
<BR>[Address Reference Count : 1]<UL><LI> GUIDEV_32.o(.rodata)
</UL>
<P><STRONG><a name="[106]"></a>_SetPixelIndex</STRONG> (Thumb, 120 bytes, Stack size unknown bytes, GUIDEV_32.o(.text._SetPixelIndex))
<BR><BR>[Calls]<UL><LI><a href="#[128]">&gt;&gt;</a>&nbsp;&nbsp;&nbsp;GUI_ALLOC_UnlockH
<LI><a href="#[127]">&gt;&gt;</a>&nbsp;&nbsp;&nbsp;GUI_ALLOC_LockH
</UL>
<BR>[Address Reference Count : 1]<UL><LI> GUIDEV_32.o(.rodata)
</UL>
<P><STRONG><a name="[107]"></a>_XorPixel</STRONG> (Thumb, 132 bytes, Stack size unknown bytes, GUIDEV_32.o(.text._XorPixel))
<BR><BR>[Calls]<UL><LI><a href="#[128]">&gt;&gt;</a>&nbsp;&nbsp;&nbsp;GUI_ALLOC_UnlockH
<LI><a href="#[127]">&gt;&gt;</a>&nbsp;&nbsp;&nbsp;GUI_ALLOC_LockH
</UL>
<BR>[Address Reference Count : 1]<UL><LI> GUIDEV_32.o(.rodata)
</UL>
<P><STRONG><a name="[104]"></a>_FillRect</STRONG> (Thumb, 240 bytes, Stack size unknown bytes, GUIDEV_32.o(.text._FillRect))
<BR><BR>[Calls]<UL><LI><a href="#[128]">&gt;&gt;</a>&nbsp;&nbsp;&nbsp;GUI_ALLOC_UnlockH
<LI><a href="#[127]">&gt;&gt;</a>&nbsp;&nbsp;&nbsp;GUI_ALLOC_LockH
<LI><a href="#[28a]">&gt;&gt;</a>&nbsp;&nbsp;&nbsp;GUI_USAGE_AddRect
</UL>
<BR>[Called By]<UL><LI><a href="#[102]">&gt;&gt;</a>&nbsp;&nbsp;&nbsp;_DrawHLine
</UL>
<BR>[Address Reference Count : 1]<UL><LI> GUIDEV_32.o(.rodata)
</UL>
<P><STRONG><a name="[102]"></a>_DrawHLine</STRONG> (Thumb, 16 bytes, Stack size unknown bytes, GUIDEV_32.o(.text._DrawHLine))
<BR><BR>[Calls]<UL><LI><a href="#[104]">&gt;&gt;</a>&nbsp;&nbsp;&nbsp;_FillRect
</UL>
<BR>[Address Reference Count : 1]<UL><LI> GUIDEV_32.o(.rodata)
</UL>
<P><STRONG><a name="[103]"></a>_DrawVLine</STRONG> (Thumb, 224 bytes, Stack size unknown bytes, GUIDEV_32.o(.text._DrawVLine))
<BR><BR>[Calls]<UL><LI><a href="#[128]">&gt;&gt;</a>&nbsp;&nbsp;&nbsp;GUI_ALLOC_UnlockH
<LI><a href="#[127]">&gt;&gt;</a>&nbsp;&nbsp;&nbsp;GUI_ALLOC_LockH
</UL>
<BR>[Address Reference Count : 1]<UL><LI> GUIDEV_32.o(.rodata)
</UL>
<P><STRONG><a name="[10d]"></a>GUI_USAGE_BM_AddPixel</STRONG> (Thumb, 46 bytes, Stack size unknown bytes, GUIDEV_UsageBM.o(.text.GUI_USAGE_BM_AddPixel))
<BR>[Address Reference Count : 1]<UL><LI> GUIDEV_UsageBM.o(.rodata)
</UL>
<P><STRONG><a name="[111]"></a>GUI_USAGE_BM_GetNextDirty</STRONG> (Thumb, 196 bytes, Stack size unknown bytes, GUIDEV_UsageBM.o(.text.GUI_USAGE_BM_GetNextDirty))
<BR>[Address Reference Count : 1]<UL><LI> GUIDEV_UsageBM.o(.rodata)
</UL>
<P><STRONG><a name="[110]"></a>_GUI_USAGE_BM_Delete</STRONG> (Thumb, 4 bytes, Stack size unknown bytes, GUIDEV_UsageBM.o(.text._GUI_USAGE_BM_Delete))
<BR><BR>[Stack]<UL><LI>Max Depth = 152 + Unknown Stack Size
<LI>Call Chain = _GUI_USAGE_BM_Delete &rArr; GUI_ALLOC_Free &rArr; GUI_Lock &rArr; GUI_X_Lock &rArr; GUI_X_InitOS &rArr; xQueueCreateMutex &rArr; prvInitialiseMutex &rArr; xQueueGenericSend &rArr; prvUnlockQueue &rArr; xTaskRemoveFromEventList &rArr; __2printf
</UL>
<BR>[Calls]<UL><LI><a href="#[174]">&gt;&gt;</a>&nbsp;&nbsp;&nbsp;GUI_ALLOC_Free
</UL>
<BR>[Address Reference Count : 1]<UL><LI> GUIDEV_UsageBM.o(.rodata)
</UL>
<P><STRONG><a name="[10f]"></a>GUI_USAGE_BM_Clear</STRONG> (Thumb, 20 bytes, Stack size unknown bytes, GUIDEV_UsageBM.o(.text.GUI_USAGE_BM_Clear))
<BR><BR>[Stack]<UL><LI>Max Depth = 8 + Unknown Stack Size
<LI>Call Chain = GUI_USAGE_BM_Clear &rArr; memset
</UL>
<BR>[Calls]<UL><LI><a href="#[6]">&gt;&gt;</a>&nbsp;&nbsp;&nbsp;memset
</UL>
<BR>[Address Reference Count : 1]<UL><LI> GUIDEV_UsageBM.o(.rodata)
</UL>
<P><STRONG><a name="[10e]"></a>GUI_USAGE_BM_AddHLine</STRONG> (Thumb, 114 bytes, Stack size unknown bytes, GUIDEV_UsageBM.o(.text.GUI_USAGE_BM_AddHLine))
<BR><BR>[Stack]<UL><LI>Max Depth = 8 + Unknown Stack Size
<LI>Call Chain = GUI_USAGE_BM_AddHLine &rArr; memset
</UL>
<BR>[Calls]<UL><LI><a href="#[6]">&gt;&gt;</a>&nbsp;&nbsp;&nbsp;memset
</UL>
<BR>[Address Reference Count : 1]<UL><LI> GUIDEV_UsageBM.o(.rodata)
</UL>
<P><STRONG><a name="[f]"></a>_Create</STRONG> (Thumb, 56 bytes, Stack size unknown bytes, SCROLLBAR_Skin.o(.text._Create))
<BR><BR>[Calls]<UL><LI><a href="#[128]">&gt;&gt;</a>&nbsp;&nbsp;&nbsp;GUI_ALLOC_UnlockH
<LI><a href="#[127]">&gt;&gt;</a>&nbsp;&nbsp;&nbsp;GUI_ALLOC_LockH
</UL>
<BR>[Address Reference Count : 1]<UL><LI> SCROLLBAR_Skin.o(.data)
</UL>
<P><STRONG><a name="[9a]"></a>_CalcPositions</STRONG> (Thumb, 380 bytes, Stack size unknown bytes, SCROLLBAR_Skin.o(.text._CalcPositions))
<BR><BR>[Stack]<UL><LI>Max Depth = 152 + Unknown Stack Size
<LI>Call Chain = _CalcPositions &rArr; WM_GetWindowRectEx &rArr; GUI_Lock &rArr; GUI_X_Lock &rArr; GUI_X_InitOS &rArr; xQueueCreateMutex &rArr; prvInitialiseMutex &rArr; xQueueGenericSend &rArr; prvUnlockQueue &rArr; xTaskRemoveFromEventList &rArr; __2printf
</UL>
<BR>[Calls]<UL><LI><a href="#[128]">&gt;&gt;</a>&nbsp;&nbsp;&nbsp;GUI_ALLOC_UnlockH
<LI><a href="#[127]">&gt;&gt;</a>&nbsp;&nbsp;&nbsp;GUI_ALLOC_LockH
<LI><a href="#[267]">&gt;&gt;</a>&nbsp;&nbsp;&nbsp;WM_GetWindowRectEx
<LI><a href="#[16f]">&gt;&gt;</a>&nbsp;&nbsp;&nbsp;WM_GetScrollbarV
<LI><a href="#[170]">&gt;&gt;</a>&nbsp;&nbsp;&nbsp;WM_GetScrollbarH
<LI><a href="#[265]">&gt;&gt;</a>&nbsp;&nbsp;&nbsp;GUI_MoveRect
<LI><a href="#[246]">&gt;&gt;</a>&nbsp;&nbsp;&nbsp;GUI__DivideRound32
<LI><a href="#[287]">&gt;&gt;</a>&nbsp;&nbsp;&nbsp;SCROLLBAR__Rect2VRect
</UL>
<BR>[Called By]<UL><LI><a href="#[e]">&gt;&gt;</a>&nbsp;&nbsp;&nbsp;_Paint
</UL>
<BR>[Address Reference Count : 1]<UL><LI> SCROLLBAR_Skin.o(.text._Create)
</UL>
<P><STRONG><a name="[e]"></a>_Paint</STRONG> (Thumb, 182 bytes, Stack size unknown bytes, SCROLLBAR_Skin.o(.text._Paint))
<BR><BR>[Stack]<UL><LI>Max Depth = 152 + Unknown Stack Size
<LI>Call Chain = _Paint &rArr; _CalcPositions &rArr; WM_GetWindowRectEx &rArr; GUI_Lock &rArr; GUI_X_Lock &rArr; GUI_X_InitOS &rArr; xQueueCreateMutex &rArr; prvInitialiseMutex &rArr; xQueueGenericSend &rArr; prvUnlockQueue &rArr; xTaskRemoveFromEventList &rArr; __2printf
</UL>
<BR>[Calls]<UL><LI><a href="#[128]">&gt;&gt;</a>&nbsp;&nbsp;&nbsp;GUI_ALLOC_UnlockH
<LI><a href="#[127]">&gt;&gt;</a>&nbsp;&nbsp;&nbsp;GUI_ALLOC_LockH
<LI><a href="#[9a]">&gt;&gt;</a>&nbsp;&nbsp;&nbsp;_CalcPositions
<LI><a href="#[24f]">&gt;&gt;</a>&nbsp;&nbsp;&nbsp;WIDGET__GetClientRect
</UL>
<BR>[Address Reference Count : 1]<UL><LI> SCROLLBAR_Skin.o(.data)
</UL>
<P><STRONG><a name="[8d]"></a>_DrawGraspH</STRONG> (Thumb, 94 bytes, Stack size unknown bytes, SCROLLBAR_SkinFlex.o(.text._DrawGraspH))
<BR><BR>[Stack]<UL><LI>Max Depth = 152 + Unknown Stack Size
<LI>Call Chain = _DrawGraspH &rArr; GUI_DrawVLine &rArr; GUI_Lock &rArr; GUI_X_Lock &rArr; GUI_X_InitOS &rArr; xQueueCreateMutex &rArr; prvInitialiseMutex &rArr; xQueueGenericSend &rArr; prvUnlockQueue &rArr; xTaskRemoveFromEventList &rArr; __2printf
</UL>
<BR>[Calls]<UL><LI><a href="#[144]">&gt;&gt;</a>&nbsp;&nbsp;&nbsp;GUI_DrawVLine
<LI><a href="#[141]">&gt;&gt;</a>&nbsp;&nbsp;&nbsp;GUI_SetColor
</UL>
<BR>[Address Reference Count : 1]<UL><LI> SCROLLBAR_SkinFlex.o(.text.SCROLLBAR_DrawSkinFlex)
</UL>
<P><STRONG><a name="[8f]"></a>_DrawGraspV</STRONG> (Thumb, 94 bytes, Stack size unknown bytes, SCROLLBAR_SkinFlex.o(.text._DrawGraspV))
<BR><BR>[Stack]<UL><LI>Max Depth = 152 + Unknown Stack Size
<LI>Call Chain = _DrawGraspV &rArr; GUI_DrawHLine &rArr; GUI_Lock &rArr; GUI_X_Lock &rArr; GUI_X_InitOS &rArr; xQueueCreateMutex &rArr; prvInitialiseMutex &rArr; xQueueGenericSend &rArr; prvUnlockQueue &rArr; xTaskRemoveFromEventList &rArr; __2printf
</UL>
<BR>[Calls]<UL><LI><a href="#[142]">&gt;&gt;</a>&nbsp;&nbsp;&nbsp;GUI_DrawHLine
<LI><a href="#[141]">&gt;&gt;</a>&nbsp;&nbsp;&nbsp;GUI_SetColor
</UL>
<BR>[Address Reference Count : 1]<UL><LI> SCROLLBAR_SkinFlex.o(.text.SCROLLBAR_DrawSkinFlex)
</UL>
<P><STRONG><a name="[289]"></a>_DrawFrame</STRONG> (Thumb, 244 bytes, Stack size unknown bytes, SCROLLBAR_SkinFlex.o(.text._DrawFrame))
<BR><BR>[Stack]<UL><LI>Max Depth = 152 + Unknown Stack Size
<LI>Call Chain = _DrawFrame &rArr; GUI_DrawVLine &rArr; GUI_Lock &rArr; GUI_X_Lock &rArr; GUI_X_InitOS &rArr; xQueueCreateMutex &rArr; prvInitialiseMutex &rArr; xQueueGenericSend &rArr; prvUnlockQueue &rArr; xTaskRemoveFromEventList &rArr; __2printf
</UL>
<BR>[Calls]<UL><LI><a href="#[144]">&gt;&gt;</a>&nbsp;&nbsp;&nbsp;GUI_DrawVLine
<LI><a href="#[142]">&gt;&gt;</a>&nbsp;&nbsp;&nbsp;GUI_DrawHLine
<LI><a href="#[141]">&gt;&gt;</a>&nbsp;&nbsp;&nbsp;GUI_SetColor
<LI><a href="#[149]">&gt;&gt;</a>&nbsp;&nbsp;&nbsp;GUI_DrawPixel
</UL>
<BR>[Called By]<UL><LI><a href="#[90]">&gt;&gt;</a>&nbsp;&nbsp;&nbsp;_DrawBackgroundV
<LI><a href="#[8e]">&gt;&gt;</a>&nbsp;&nbsp;&nbsp;_DrawBackgroundH
</UL>

<P><STRONG><a name="[8e]"></a>_DrawBackgroundH</STRONG> (Thumb, 94 bytes, Stack size unknown bytes, SCROLLBAR_SkinFlex.o(.text._DrawBackgroundH))
<BR><BR>[Stack]<UL><LI>Max Depth = 152 + Unknown Stack Size
<LI>Call Chain = _DrawBackgroundH &rArr; _DrawFrame &rArr; GUI_DrawVLine &rArr; GUI_Lock &rArr; GUI_X_Lock &rArr; GUI_X_InitOS &rArr; xQueueCreateMutex &rArr; prvInitialiseMutex &rArr; xQueueGenericSend &rArr; prvUnlockQueue &rArr; xTaskRemoveFromEventList &rArr; __2printf
</UL>
<BR>[Calls]<UL><LI><a href="#[289]">&gt;&gt;</a>&nbsp;&nbsp;&nbsp;_DrawFrame
<LI><a href="#[91]">&gt;&gt;</a>&nbsp;&nbsp;&nbsp;GUI_DrawGradientV
</UL>
<BR>[Address Reference Count : 1]<UL><LI> SCROLLBAR_SkinFlex.o(.text.SCROLLBAR_DrawSkinFlex)
</UL>
<P><STRONG><a name="[90]"></a>_DrawBackgroundV</STRONG> (Thumb, 94 bytes, Stack size unknown bytes, SCROLLBAR_SkinFlex.o(.text._DrawBackgroundV))
<BR><BR>[Stack]<UL><LI>Max Depth = 152 + Unknown Stack Size
<LI>Call Chain = _DrawBackgroundV &rArr; _DrawFrame &rArr; GUI_DrawVLine &rArr; GUI_Lock &rArr; GUI_X_Lock &rArr; GUI_X_InitOS &rArr; xQueueCreateMutex &rArr; prvInitialiseMutex &rArr; xQueueGenericSend &rArr; prvUnlockQueue &rArr; xTaskRemoveFromEventList &rArr; __2printf
</UL>
<BR>[Calls]<UL><LI><a href="#[289]">&gt;&gt;</a>&nbsp;&nbsp;&nbsp;_DrawFrame
<LI><a href="#[92]">&gt;&gt;</a>&nbsp;&nbsp;&nbsp;GUI_DrawGradientH
</UL>
<BR>[Address Reference Count : 1]<UL><LI> SCROLLBAR_SkinFlex.o(.text.SCROLLBAR_DrawSkinFlex)
</UL>
<P><STRONG><a name="[115]"></a>_DrawDownRect</STRONG> (Thumb, 56 bytes, Stack size unknown bytes, WIDGET_Effect_Simple.o(.text._DrawDownRect))
<BR><BR>[Stack]<UL><LI>Max Depth = 152 + Unknown Stack Size
<LI>Call Chain = _DrawDownRect &rArr; GUI_DrawRect &rArr; GUI_Lock &rArr; GUI_X_Lock &rArr; GUI_X_InitOS &rArr; xQueueCreateMutex &rArr; prvInitialiseMutex &rArr; xQueueGenericSend &rArr; prvUnlockQueue &rArr; xTaskRemoveFromEventList &rArr; __2printf
</UL>
<BR>[Calls]<UL><LI><a href="#[163]">&gt;&gt;</a>&nbsp;&nbsp;&nbsp;LCD_SetColor
<LI><a href="#[213]">&gt;&gt;</a>&nbsp;&nbsp;&nbsp;GUI_RestoreContext
<LI><a href="#[214]">&gt;&gt;</a>&nbsp;&nbsp;&nbsp;GUI_SaveContext_W
<LI><a href="#[1cb]">&gt;&gt;</a>&nbsp;&nbsp;&nbsp;GUI_DrawRect
</UL>
<BR>[Address Reference Count : 1]<UL><LI> WIDGET_Effect_Simple.o(.rodata)
</UL>
<P><STRONG><a name="[112]"></a>_DrawUp</STRONG> (Thumb, 60 bytes, Stack size unknown bytes, WIDGET_Effect_Simple.o(.text._DrawUp))
<BR><BR>[Stack]<UL><LI>Max Depth = 152 + Unknown Stack Size
<LI>Call Chain = _DrawUp &rArr; WM_GetClientRect &rArr; GUI_Lock &rArr; GUI_X_Lock &rArr; GUI_X_InitOS &rArr; xQueueCreateMutex &rArr; prvInitialiseMutex &rArr; xQueueGenericSend &rArr; prvUnlockQueue &rArr; xTaskRemoveFromEventList &rArr; __2printf
</UL>
<BR>[Calls]<UL><LI><a href="#[163]">&gt;&gt;</a>&nbsp;&nbsp;&nbsp;LCD_SetColor
<LI><a href="#[168]">&gt;&gt;</a>&nbsp;&nbsp;&nbsp;WM_GetClientRect
<LI><a href="#[213]">&gt;&gt;</a>&nbsp;&nbsp;&nbsp;GUI_RestoreContext
<LI><a href="#[214]">&gt;&gt;</a>&nbsp;&nbsp;&nbsp;GUI_SaveContext_W
<LI><a href="#[1cb]">&gt;&gt;</a>&nbsp;&nbsp;&nbsp;GUI_DrawRect
</UL>
<BR>[Address Reference Count : 1]<UL><LI> WIDGET_Effect_Simple.o(.rodata)
</UL>
<P><STRONG><a name="[113]"></a>_DrawUpRect</STRONG> (Thumb, 56 bytes, Stack size unknown bytes, WIDGET_Effect_Simple.o(.text._DrawUpRect))
<BR><BR>[Stack]<UL><LI>Max Depth = 152 + Unknown Stack Size
<LI>Call Chain = _DrawUpRect &rArr; GUI_DrawRect &rArr; GUI_Lock &rArr; GUI_X_Lock &rArr; GUI_X_InitOS &rArr; xQueueCreateMutex &rArr; prvInitialiseMutex &rArr; xQueueGenericSend &rArr; prvUnlockQueue &rArr; xTaskRemoveFromEventList &rArr; __2printf
</UL>
<BR>[Calls]<UL><LI><a href="#[163]">&gt;&gt;</a>&nbsp;&nbsp;&nbsp;LCD_SetColor
<LI><a href="#[213]">&gt;&gt;</a>&nbsp;&nbsp;&nbsp;GUI_RestoreContext
<LI><a href="#[214]">&gt;&gt;</a>&nbsp;&nbsp;&nbsp;GUI_SaveContext_W
<LI><a href="#[1cb]">&gt;&gt;</a>&nbsp;&nbsp;&nbsp;GUI_DrawRect
</UL>
<BR>[Address Reference Count : 1]<UL><LI> WIDGET_Effect_Simple.o(.rodata)
</UL>
<P><STRONG><a name="[114]"></a>_DrawDown</STRONG> (Thumb, 60 bytes, Stack size unknown bytes, WIDGET_Effect_Simple.o(.text._DrawDown))
<BR><BR>[Stack]<UL><LI>Max Depth = 152 + Unknown Stack Size
<LI>Call Chain = _DrawDown &rArr; WM_GetClientRect &rArr; GUI_Lock &rArr; GUI_X_Lock &rArr; GUI_X_InitOS &rArr; xQueueCreateMutex &rArr; prvInitialiseMutex &rArr; xQueueGenericSend &rArr; prvUnlockQueue &rArr; xTaskRemoveFromEventList &rArr; __2printf
</UL>
<BR>[Calls]<UL><LI><a href="#[163]">&gt;&gt;</a>&nbsp;&nbsp;&nbsp;LCD_SetColor
<LI><a href="#[168]">&gt;&gt;</a>&nbsp;&nbsp;&nbsp;WM_GetClientRect
<LI><a href="#[213]">&gt;&gt;</a>&nbsp;&nbsp;&nbsp;GUI_RestoreContext
<LI><a href="#[214]">&gt;&gt;</a>&nbsp;&nbsp;&nbsp;GUI_SaveContext_W
<LI><a href="#[1cb]">&gt;&gt;</a>&nbsp;&nbsp;&nbsp;GUI_DrawRect
</UL>
<BR>[Address Reference Count : 1]<UL><LI> WIDGET_Effect_Simple.o(.rodata)
</UL>
<P><STRONG><a name="[212]"></a>LCD_ReadRectEx</STRONG> (Thumb, 500 bytes, Stack size unknown bytes, LCD_ReadRect.o(.text.LCD_ReadRectEx))
<BR><BR>[Calls]<UL><LI><a href="#[20a]">&gt;&gt;</a>&nbsp;&nbsp;&nbsp;GUI_GetBitsPerPixelEx
</UL>
<BR>[Called By]<UL><LI><a href="#[211]">&gt;&gt;</a>&nbsp;&nbsp;&nbsp;GUI_ReadRectEx
</UL>

<P><STRONG><a name="[209]"></a>_WriteToActiveAlpha</STRONG> (Thumb, 392 bytes, Stack size unknown bytes, GUIDEV_WriteToActiveAlpha.o(.text._WriteToActiveAlpha))
<BR><BR>[Stack]<UL><LI>Max Depth = 152 + Unknown Stack Size
<LI>Call Chain = _WriteToActiveAlpha &rArr; GUI_MEMDEV_GetDataPtr &rArr; GUI_Lock &rArr; GUI_X_Lock &rArr; GUI_X_InitOS &rArr; xQueueCreateMutex &rArr; prvInitialiseMutex &rArr; xQueueGenericSend &rArr; prvUnlockQueue &rArr; xTaskRemoveFromEventList &rArr; __2printf
</UL>
<BR>[Calls]<UL><LI><a href="#[128]">&gt;&gt;</a>&nbsp;&nbsp;&nbsp;GUI_ALLOC_UnlockH
<LI><a href="#[127]">&gt;&gt;</a>&nbsp;&nbsp;&nbsp;GUI_ALLOC_LockH
<LI><a href="#[192]">&gt;&gt;</a>&nbsp;&nbsp;&nbsp;LCD_DrawBitmap
<LI><a href="#[201]">&gt;&gt;</a>&nbsp;&nbsp;&nbsp;GUI_MEMDEV_GetDataPtr
<LI><a href="#[222]">&gt;&gt;</a>&nbsp;&nbsp;&nbsp;GUI__AllocAlphaBuffer
<LI><a href="#[22a]">&gt;&gt;</a>&nbsp;&nbsp;&nbsp;GUI__DoAlphaBlending
<LI><a href="#[290]">&gt;&gt;</a>&nbsp;&nbsp;&nbsp;GUI__CompactPixelIndicesEx
</UL>
<BR>[Called By]<UL><LI><a href="#[a3]">&gt;&gt;</a>&nbsp;&nbsp;&nbsp;GUI_MEMDEV__WriteToActiveAlpha
</UL>

<P><STRONG><a name="[2d2]"></a>_printf_core</STRONG> (Thumb, 984 bytes, Stack size 104 bytes, printf8.o(i._printf_core), UNUSED)
<BR><BR>[Calls]<UL><LI><a href="#[2d6]">&gt;&gt;</a>&nbsp;&nbsp;&nbsp;_printf_pre_padding
<LI><a href="#[2d7]">&gt;&gt;</a>&nbsp;&nbsp;&nbsp;_printf_post_padding
<LI><a href="#[11d]">&gt;&gt;</a>&nbsp;&nbsp;&nbsp;__aeabi_uldivmod
</UL>
<BR>[Called By]<UL><LI><a href="#[2d1]">&gt;&gt;</a>&nbsp;&nbsp;&nbsp;__0printf$8
</UL>

<P><STRONG><a name="[2d7]"></a>_printf_post_padding</STRONG> (Thumb, 36 bytes, Stack size 24 bytes, printf8.o(i._printf_post_padding), UNUSED)
<BR><BR>[Called By]<UL><LI><a href="#[2d2]">&gt;&gt;</a>&nbsp;&nbsp;&nbsp;_printf_core
</UL>

<P><STRONG><a name="[2d6]"></a>_printf_pre_padding</STRONG> (Thumb, 46 bytes, Stack size 24 bytes, printf8.o(i._printf_pre_padding), UNUSED)
<BR><BR>[Called By]<UL><LI><a href="#[2d2]">&gt;&gt;</a>&nbsp;&nbsp;&nbsp;_printf_core
</UL>
<P>
<H3>
Undefined Global Symbols
</H3><HR></body></html>
